Archive member included to satisfy reference by file (symbol)

Build_STM32G431_Candlelight_WeActStudioV2/STM32Cube/libstm32cube.a(stm32g4xx_hal.o)
                              Build_STM32G431_Candlelight_WeActStudioV2/dfu.o (HAL_DeInit)
Build_STM32G431_Candlelight_WeActStudioV2/STM32Cube/libstm32cube.a(stm32g4xx_hal_cortex.o)
                              Build_STM32G431_Candlelight_WeActStudioV2/STM32Cube/libstm32cube.a(stm32g4xx_hal.o) (HAL_NVIC_SetPriorityGrouping)
Build_STM32G431_Candlelight_WeActStudioV2/STM32Cube/libstm32cube.a(stm32g4xx_hal_fdcan.o)
                              Build_STM32G431_Candlelight_WeActStudioV2/can.o (HAL_FDCAN_Init)
Build_STM32G431_Candlelight_WeActStudioV2/STM32Cube/libstm32cube.a(stm32g4xx_hal_flash.o)
                              Build_STM32G431_Candlelight_WeActStudioV2/system.o (HAL_FLASH_Program)
Build_STM32G431_Candlelight_WeActStudioV2/STM32Cube/libstm32cube.a(stm32g4xx_hal_flash_ex.o)
                              Build_STM32G431_Candlelight_WeActStudioV2/system.o (HAL_FLASHEx_Erase)
Build_STM32G431_Candlelight_WeActStudioV2/STM32Cube/libstm32cube.a(stm32g4xx_hal_gpio.o)
                              Build_STM32G431_Candlelight_WeActStudioV2/can.o (HAL_GPIO_Init)
Build_STM32G431_Candlelight_WeActStudioV2/STM32Cube/libstm32cube.a(stm32g4xx_hal_pcd.o)
                              Build_STM32G431_Candlelight_WeActStudioV2/usb_lowlevel.o (HAL_PCD_Init)
Build_STM32G431_Candlelight_WeActStudioV2/STM32Cube/libstm32cube.a(stm32g4xx_hal_pcd_ex.o)
                              Build_STM32G431_Candlelight_WeActStudioV2/usb_lowlevel.o (HAL_PCDEx_PMAConfig)
Build_STM32G431_Candlelight_WeActStudioV2/STM32Cube/libstm32cube.a(stm32g4xx_hal_pwr_ex.o)
                              Build_STM32G431_Candlelight_WeActStudioV2/system.o (HAL_PWREx_ControlVoltageScaling)
Build_STM32G431_Candlelight_WeActStudioV2/STM32Cube/libstm32cube.a(stm32g4xx_hal_rcc.o)
                              Build_STM32G431_Candlelight_WeActStudioV2/dfu.o (HAL_RCC_DeInit)
Build_STM32G431_Candlelight_WeActStudioV2/STM32Cube/libstm32cube.a(stm32g4xx_hal_rcc_ex.o)
                              Build_STM32G431_Candlelight_WeActStudioV2/system.o (HAL_RCCEx_PeriphCLKConfig)
Build_STM32G431_Candlelight_WeActStudioV2/STM32Cube/libstm32cube.a(stm32g4xx_hal_tim.o)
                              Build_STM32G431_Candlelight_WeActStudioV2/system.o (HAL_TIM_Base_Init)
Build_STM32G431_Candlelight_WeActStudioV2/STM32Cube/libstm32cube.a(stm32g4xx_hal_tim_ex.o)
                              Build_STM32G431_Candlelight_WeActStudioV2/STM32Cube/libstm32cube.a(stm32g4xx_hal_tim.o) (TIMEx_DMACommutationCplt)
Build_STM32G431_Candlelight_WeActStudioV2/STM32Cube/libstm32cube.a(stm32g4xx_ll_usb.o)
                              Build_STM32G431_Candlelight_WeActStudioV2/STM32Cube/libstm32cube.a(stm32g4xx_hal_pcd.o) (USB_EnableGlobalInt)
Build_STM32G431_Candlelight_WeActStudioV2/STM32Cube/libstm32cube.a(stm32g4xx_hal_dma.o)
                              Build_STM32G431_Candlelight_WeActStudioV2/STM32Cube/libstm32cube.a(stm32g4xx_hal_tim.o) (HAL_DMA_Start_IT)
Build_STM32G431_Candlelight_WeActStudioV2/STM32Cube/libstm32cube.a(stm32g4xx_hal_pwr.o)
                              Build_STM32G431_Candlelight_WeActStudioV2/STM32Cube/libstm32cube.a(stm32g4xx_hal_rcc_ex.o) (HAL_PWR_EnableBkUpAccess)
/usr/lib/gcc/arm-none-eabi/13.2.1/../../../arm-none-eabi/lib/thumb/v7e-m/nofp/libc_nano.a(libc_a-sprintf.o)
                              Build_STM32G431_Candlelight_WeActStudioV2/can.o (sprintf)
/usr/lib/gcc/arm-none-eabi/13.2.1/../../../arm-none-eabi/lib/thumb/v7e-m/nofp/libc_nano.a(libc_a-strcpy.o)
                              Build_STM32G431_Candlelight_WeActStudioV2/can.o (strcpy)
/usr/lib/gcc/arm-none-eabi/13.2.1/../../../arm-none-eabi/lib/thumb/v7e-m/nofp/libc_nano.a(libc_a-impure.o)
                              /usr/lib/gcc/arm-none-eabi/13.2.1/../../../arm-none-eabi/lib/thumb/v7e-m/nofp/libc_nano.a(libc_a-sprintf.o) (_impure_ptr)
/usr/lib/gcc/arm-none-eabi/13.2.1/../../../arm-none-eabi/lib/thumb/v7e-m/nofp/libc_nano.a(libc_a-nano-svfprintf.o)
                              /usr/lib/gcc/arm-none-eabi/13.2.1/../../../arm-none-eabi/lib/thumb/v7e-m/nofp/libc_nano.a(libc_a-sprintf.o) (_svfprintf_r)
/usr/lib/gcc/arm-none-eabi/13.2.1/../../../arm-none-eabi/lib/thumb/v7e-m/nofp/libc_nano.a(libc_a-init.o)
                              /usr/lib/gcc/arm-none-eabi/13.2.1/../../../arm-none-eabi/lib/thumb/v7e-m/nofp/crt0.o (__libc_init_array)
/usr/lib/gcc/arm-none-eabi/13.2.1/../../../arm-none-eabi/lib/thumb/v7e-m/nofp/libc_nano.a(libc_a-strlen.o)
                              Build_STM32G431_Candlelight_WeActStudioV2/can.o (strlen)
/usr/lib/gcc/arm-none-eabi/13.2.1/../../../arm-none-eabi/lib/thumb/v7e-m/nofp/libc_nano.a(libc_a-memset.o)
                              /usr/lib/gcc/arm-none-eabi/13.2.1/../../../arm-none-eabi/lib/thumb/v7e-m/nofp/crt0.o (memset)
[...]
Memory Configuration

Name             Origin             Length             Attributes
RAM              0x20000000         0x00008000         xrw
FLASH            0x08000000         0x0001f800         xr
DATA             0x0801f800         0x00000800         xr
*default*        0x00000000         0xffffffff

Linker script and memory map

LOAD /usr/lib/gcc/arm-none-eabi/13.2.1/thumb/v7e-m/nofp/crti.o
LOAD /usr/lib/gcc/arm-none-eabi/13.2.1/thumb/v7e-m/nofp/crtbegin.o
LOAD /usr/lib/gcc/arm-none-eabi/13.2.1/../../../arm-none-eabi/lib/thumb/v7e-m/nofp/crt0.o
LOAD Build_STM32G431_Candlelight_WeActStudioV2/main.o
LOAD Build_STM32G431_Candlelight_WeActStudioV2/system_STM32G4xx.o
LOAD Build_STM32G431_Candlelight_WeActStudioV2/system.o
LOAD Build_STM32G431_Candlelight_WeActStudioV2/interrupts.o
LOAD Build_STM32G431_Candlelight_WeActStudioV2/can.o
LOAD Build_STM32G431_Candlelight_WeActStudioV2/error.o
LOAD Build_STM32G431_Candlelight_WeActStudioV2/led.o
LOAD Build_STM32G431_Candlelight_WeActStudioV2/dfu.o
LOAD Build_STM32G431_Candlelight_WeActStudioV2/utils.o
LOAD Build_STM32G431_Candlelight_WeActStudioV2/usb_ctrlreq.o
LOAD Build_STM32G431_Candlelight_WeActStudioV2/usb_ioreq.o
LOAD Build_STM32G431_Candlelight_WeActStudioV2/usb_core.o
LOAD Build_STM32G431_Candlelight_WeActStudioV2/usb_lowlevel.o
LOAD Build_STM32G431_Candlelight_WeActStudioV2/startup_STM32G431.o
LOAD Build_STM32G431_Candlelight_WeActStudioV2/Candlelight/control.o
LOAD Build_STM32G431_Candlelight_WeActStudioV2/Candlelight/buffer.o
LOAD Build_STM32G431_Candlelight_WeActStudioV2/Candlelight/usb_class.o
LOAD Build_STM32G431_Candlelight_WeActStudioV2/Candlelight/usb_interface.o
LOAD Build_STM32G431_Candlelight_WeActStudioV2/STM32Cube/libstm32cube.a
LOAD /usr/lib/gcc/arm-none-eabi/13.2.1/../../../arm-none-eabi/lib/thumb/v7e-m/nofp/libc_nano.a
LOAD /usr/lib/gcc/arm-none-eabi/13.2.1/../../../arm-none-eabi/lib/thumb/v7e-m/nofp/libm.a
LOAD /usr/lib/gcc/arm-none-eabi/13.2.1/../../../arm-none-eabi/lib/thumb/v7e-m/nofp/libnosys.a
START GROUP
LOAD /usr/lib/gcc/arm-none-eabi/13.2.1/thumb/v7e-m/nofp/libgcc.a
LOAD /usr/lib/gcc/arm-none-eabi/13.2.1/../../../arm-none-eabi/lib/thumb/v7e-m/nofp/libg_nano.a
LOAD /usr/lib/gcc/arm-none-eabi/13.2.1/../../../arm-none-eabi/lib/thumb/v7e-m/nofp/libc_nano.a
END GROUP
START GROUP
LOAD /usr/lib/gcc/arm-none-eabi/13.2.1/thumb/v7e-m/nofp/libgcc.a
LOAD /usr/lib/gcc/arm-none-eabi/13.2.1/../../../arm-none-eabi/lib/thumb/v7e-m/nofp/libc_nano.a
LOAD /usr/lib/gcc/arm-none-eabi/13.2.1/../../../arm-none-eabi/lib/thumb/v7e-m/nofp/libnosys.a
END GROUP
START GROUP
LOAD /usr/lib/gcc/arm-none-eabi/13.2.1/thumb/v7e-m/nofp/libgcc.a
LOAD /usr/lib/gcc/arm-none-eabi/13.2.1/../../../arm-none-eabi/lib/thumb/v7e-m/nofp/libc_nano.a
LOAD /usr/lib/gcc/arm-none-eabi/13.2.1/../../../arm-none-eabi/lib/thumb/v7e-m/nofp/libnosys.a
END GROUP
LOAD /usr/lib/gcc/arm-none-eabi/13.2.1/thumb/v7e-m/nofp/crtend.o
LOAD /usr/lib/gcc/arm-none-eabi/13.2.1/thumb/v7e-m/nofp/crtn.o
                0x20008000                        _estack = 0x20008000
                0x00000200                        _Min_Heap_Size = 0x200
                0x00000400                        _Min_Stack_Size = 0x400

.isr_vector     0x08000000      0x1d8
                0x08000000                        . = ALIGN (0x4)
 *(.isr_vector)
 .isr_vector    0x08000000      0x1d8 Build_STM32G431_Candlelight_WeActStudioV2/startup_STM32G431.o
                0x08000000                g_pfnVectors
                0x080001d8                        . = ALIGN (0x4)

.text           0x08000200     0x9618
                0x08000200                        . = ALIGN (0x4)
 *(.text)
 .text          0x08000200       0x88 /usr/lib/gcc/arm-none-eabi/13.2.1/thumb/v7e-m/nofp/crtbegin.o
 .text          0x08000288       0x80 /usr/lib/gcc/arm-none-eabi/13.2.1/../../../arm-none-eabi/lib/thumb/v7e-m/nofp/libc_nano.a(libc_a-sprintf.o)
                0x08000288                _siprintf_r
                0x08000288                _sprintf_r
                0x080002c4                sprintf
                0x080002c4                siprintf
 .text          0x08000308       0xbc /usr/lib/gcc/arm-none-eabi/13.2.1/../../../arm-none-eabi/lib/thumb/v7e-m/nofp/libc_nano.a(libc_a-strcpy.o)
                0x08000308                strcpy
 .text          0x080003c4      0x400 /usr/lib/gcc/arm-none-eabi/13.2.1/../../../arm-none-eabi/lib/thumb/v7e-m/nofp/libc_nano.a(libc_a-nano-svfprintf.o)
                0x080003c4                __ssputs_r
                0x08000484                __ssprint_r
                0x0800058c                _svfprintf_r
                0x0800058c                _svfiprintf_r
 .text          0x080007c4       0x50 /usr/lib/gcc/arm-none-eabi/13.2.1/../../../arm-none-eabi/lib/thumb/v7e-m/nofp/libc_nano.a(libc_a-init.o)
                0x080007c4                __libc_init_array
 *fill*         0x08000814       0x2c 
 .text          0x08000840       0xd8 /usr/lib/gcc/arm-none-eabi/13.2.1/../../../arm-none-eabi/lib/thumb/v7e-m/nofp/libc_nano.a(libc_a-strlen.o)
                0x08000840                strlen
 .text          0x08000918       0xa4 /usr/lib/gcc/arm-none-eabi/13.2.1/../../../arm-none-eabi/lib/thumb/v7e-m/nofp/libc_nano.a(libc_a-memset.o)
                0x08000918                memset
 .text          0x080009bc      0x148 /usr/lib/gcc/arm-none-eabi/13.2.1/../../../arm-none-eabi/lib/thumb/v7e-m/nofp/libc_nano.a(libc_a-mallocr.o)
                0x08000a04                _malloc_r
 .text          0x08000b04       0xbc /usr/lib/gcc/arm-none-eabi/13.2.1/../../../arm-none-eabi/lib/thumb/v7e-m/nofp/libc_nano.a(libc_a-freer.o)
                0x08000b04                _free_r
 .text          0x08000bc0      0x100 /usr/lib/gcc/arm-none-eabi/13.2.1/../../../arm-none-eabi/lib/thumb/v7e-m/nofp/libc_nano.a(libc_a-memmove.o)
                0x08000bc0                memmove
 .text          0x08000cc0       0xa0 /usr/lib/gcc/arm-none-eabi/13.2.1/../../../arm-none-eabi/lib/thumb/v7e-m/nofp/libc_nano.a(libc_a-memchr.o)
                0x08000cc0                memchr
 .text          0x08000d60      0x134 /usr/lib/gcc/arm-none-eabi/13.2.1/../../../arm-none-eabi/lib/thumb/v7e-m/nofp/libc_nano.a(libc_a-memcpy.o)
                0x08000d60                memcpy
 .text          0x08000e94       0x64 /usr/lib/gcc/arm-none-eabi/13.2.1/../../../arm-none-eabi/lib/thumb/v7e-m/nofp/libc_nano.a(libc_a-reallocr.o)
                0x08000e94                _realloc_r
 .text          0x08000ef8      0x3a8 /usr/lib/gcc/arm-none-eabi/13.2.1/../../../arm-none-eabi/lib/thumb/v7e-m/nofp/libc_nano.a(libc_a-nano-vfprintf_i.o)
                0x08000ef8                _printf_common
                0x0800101c                _printf_i
 .text          0x080012a0        0x8 /usr/lib/gcc/arm-none-eabi/13.2.1/../../../arm-none-eabi/lib/thumb/v7e-m/nofp/libc_nano.a(libc_a-mlock.o)
                0x080012a0                __malloc_lock
                0x080012a4                __malloc_unlock
 .text          0x080012a8       0x5c /usr/lib/gcc/arm-none-eabi/13.2.1/../../../arm-none-eabi/lib/thumb/v7e-m/nofp/libc_nano.a(libc_a-memcmp.o)
                0x080012a8                memcmp
 .text          0x08001304       0x24 /usr/lib/gcc/arm-none-eabi/13.2.1/../../../arm-none-eabi/lib/thumb/v7e-m/nofp/libc_nano.a(libc_a-sbrkr.o)
                0x08001304                _sbrk_r
 .text          0x08001328       0x10 /usr/lib/gcc/arm-none-eabi/13.2.1/../../../arm-none-eabi/lib/thumb/v7e-m/nofp/libc_nano.a(libc_a-msizer.o)
                0x08001328                _malloc_usable_size_r
 .text          0x08001338       0x1c /usr/lib/gcc/arm-none-eabi/13.2.1/../../../arm-none-eabi/lib/thumb/v7e-m/nofp/libnosys.a(sbrk.o)
                0x08001338                _sbrk
 *(.text*)
 .text.startup.main
                0x08001354       0xb0 Build_STM32G431_Candlelight_WeActStudioV2/main.o
                0x08001354                main
 .text.SystemInit
                0x08001404       0x10 Build_STM32G431_Candlelight_WeActStudioV2/system_STM32G4xx.o
                0x08001404                SystemInit
 .text.system_init_timestamp
                0x08001414       0x80 Build_STM32G431_Candlelight_WeActStudioV2/system.o
                0x08001414                system_init_timestamp
 .text.HAL_FDCAN_TimestampWraparoundCallback
                0x08001494       0x10 Build_STM32G431_Candlelight_WeActStudioV2/system.o
                0x08001494                HAL_FDCAN_TimestampWraparoundCallback
 .text.system_reset_timestamps
                0x080014a4       0x14 Build_STM32G431_Candlelight_WeActStudioV2/system.o
                0x080014a4                system_reset_timestamps
 .text.system_get_mcu_serie
                0x080014b8       0x2c Build_STM32G431_Candlelight_WeActStudioV2/system.o
                0x080014b8                system_get_mcu_serie
 .text.system_get_can_clock
                0x080014e4        0xc Build_STM32G431_Candlelight_WeActStudioV2/system.o
                0x080014e4                system_get_can_clock
 .text.system_get_timestamp
                0x080014f0       0x18 Build_STM32G431_Candlelight_WeActStudioV2/system.o
                0x080014f0                system_get_timestamp
 .text.system_get_timewrap
                0x08001508        0xc Build_STM32G431_Candlelight_WeActStudioV2/system.o
                0x08001508                system_get_timewrap
 .text.system_is_option_enabled
                0x08001514       0x5c Build_STM32G431_Candlelight_WeActStudioV2/system.o
                0x08001514                system_is_option_enabled
 .text.system_set_option_bytes
                0x08001570       0xc8 Build_STM32G431_Candlelight_WeActStudioV2/system.o
                0x08001570                system_set_option_bytes
 .text.system_init
                0x08001638      0x144 Build_STM32G431_Candlelight_WeActStudioV2/system.o
                0x08001638                system_init
 .text.system_get_flash_addr
                0x0800177c       0x50 Build_STM32G431_Candlelight_WeActStudioV2/system.o
                0x0800177c                system_get_flash_addr
 .text.system_write_flash
                0x080017cc      0x110 Build_STM32G431_Candlelight_WeActStudioV2/system.o
                0x080017cc                system_write_flash
 .text.NMI_Handler
                0x080018dc        0x4 Build_STM32G431_Candlelight_WeActStudioV2/interrupts.o
                0x080018dc                NMI_Handler
 .text.HardFault_Handler
                0x080018e0        0x4 Build_STM32G431_Candlelight_WeActStudioV2/interrupts.o
                0x080018e0                HardFault_Handler
 .text.MemManage_Handler
                0x080018e4        0x4 Build_STM32G431_Candlelight_WeActStudioV2/interrupts.o
                0x080018e4                MemManage_Handler
 .text.BusFault_Handler
                0x080018e8        0x4 Build_STM32G431_Candlelight_WeActStudioV2/interrupts.o
                0x080018e8                BusFault_Handler
 .text.UsageFault_Handler
                0x080018ec        0x4 Build_STM32G431_Candlelight_WeActStudioV2/interrupts.o
                0x080018ec                UsageFault_Handler
 .text.SVC_Handler
                0x080018f0        0x4 Build_STM32G431_Candlelight_WeActStudioV2/interrupts.o
                0x080018f0                SVC_Handler
 .text.DebugMon_Handler
                0x080018f4        0x4 Build_STM32G431_Candlelight_WeActStudioV2/interrupts.o
                0x080018f4                DebugMon_Handler
 .text.PendSV_Handler
                0x080018f8        0x4 Build_STM32G431_Candlelight_WeActStudioV2/interrupts.o
                0x080018f8                PendSV_Handler
 .text.SysTick_Handler
                0x080018fc       0x10 Build_STM32G431_Candlelight_WeActStudioV2/interrupts.o
                0x080018fc                SysTick_Handler
 .text.USB_LP_IRQHandler
                0x0800190c        0xc Build_STM32G431_Candlelight_WeActStudioV2/interrupts.o
                0x0800190c                USB_LP_IRQHandler
 .text.USB_HP_IRQHandler
                0x08001918        0xc Build_STM32G431_Candlelight_WeActStudioV2/interrupts.o
                0x08001918                USB_HP_IRQHandler
 .text.FDCAN1_IT0_IRQHandler
                0x08001924       0x10 Build_STM32G431_Candlelight_WeActStudioV2/interrupts.o
                0x08001924                FDCAN1_IT0_IRQHandler
 .text.can_calc_bit_count_in_frame.part.0
                0x08001934       0xa8 Build_STM32G431_Candlelight_WeActStudioV2/can.o
 .text.can_init
                0x080019dc       0xd4 Build_STM32G431_Candlelight_WeActStudioV2/can.o
                0x080019dc                can_init
 .text.can_open
                0x08001ab0      0x2ac Build_STM32G431_Candlelight_WeActStudioV2/can.o
                0x08001ab0                can_open
 .text.can_close_all
                0x08001d5c       0x4c Build_STM32G431_Candlelight_WeActStudioV2/can.o
                0x08001d5c                can_close_all
 .text.can_close
                0x08001da8       0x60 Build_STM32G431_Candlelight_WeActStudioV2/can.o
                0x08001da8                can_close
 .text.can_send_packet
                0x08001e08       0xb4 Build_STM32G431_Candlelight_WeActStudioV2/can.o
                0x08001e08                can_send_packet
 .text.can_recover_bus_off
                0x08001ebc       0x6c Build_STM32G431_Candlelight_WeActStudioV2/can.o
                0x08001ebc                can_recover_bus_off
 .text.can_timer_100ms
                0x08001f28       0x90 Build_STM32G431_Candlelight_WeActStudioV2/can.o
                0x08001f28                can_timer_100ms
 .text.can_set_bit_timing
                0x08001fb8       0xb0 Build_STM32G431_Candlelight_WeActStudioV2/can.o
                0x08001fb8                can_set_bit_timing
 .text.can_print_info
                0x08002068      0x100 Build_STM32G431_Candlelight_WeActStudioV2/can.o
                0x08002068                can_print_info
 .text.can_process
                0x08002168      0x2cc Build_STM32G431_Candlelight_WeActStudioV2/can.o
                0x08002168                can_process
 .text.can_add_host_filter
                0x08002434      0x118 Build_STM32G431_Candlelight_WeActStudioV2/can.o
                0x08002434                can_add_host_filter
 .text.can_clear_host_filters
                0x0800254c       0x2c Build_STM32G431_Candlelight_WeActStudioV2/can.o
                0x0800254c                can_clear_host_filters
 .text.can_set_bridge_filter
                0x08002578        0x4 Build_STM32G431_Candlelight_WeActStudioV2/can.o
                0x08002578                can_set_bridge_filter
 .text.can_set_termination
                0x0800257c       0x40 Build_STM32G431_Candlelight_WeActStudioV2/can.o
                0x0800257c                can_set_termination
 .text.can_get_termination
                0x080025bc       0x2c Build_STM32G431_Candlelight_WeActStudioV2/can.o
                0x080025bc                can_get_termination
 .text.can_enable_busload
                0x080025e8       0x20 Build_STM32G431_Candlelight_WeActStudioV2/can.o
                0x080025e8                can_enable_busload
 .text.can_is_any_open
                0x08002608        0xc Build_STM32G431_Candlelight_WeActStudioV2/can.o
                0x08002608                can_is_any_open
 .text.can_is_open
                0x08002614       0x14 Build_STM32G431_Candlelight_WeActStudioV2/can.o
                0x08002614                can_is_open
 .text.can_is_passive
                0x08002628       0x1c Build_STM32G431_Candlelight_WeActStudioV2/can.o
                0x08002628                can_is_passive
 .text.can_using_FD
                0x08002644       0x1c Build_STM32G431_Candlelight_WeActStudioV2/can.o
                0x08002644                can_using_FD
 .text.can_is_tx_allowed
                0x08002660       0x30 Build_STM32G431_Candlelight_WeActStudioV2/can.o
                0x08002660                can_is_tx_allowed
 .text.can_is_tx_fifo_free
                0x08002690       0x1c Build_STM32G431_Candlelight_WeActStudioV2/can.o
                0x08002690                can_is_tx_fifo_free
 .text.can_get_handle
                0x080026ac       0x10 Build_STM32G431_Candlelight_WeActStudioV2/can.o
                0x080026ac                can_get_handle
 .text.error_init
                0x080026bc       0x20 Build_STM32G431_Candlelight_WeActStudioV2/error.o
                0x080026bc                error_init
 .text.error_assert
                0x080026dc       0x2c Build_STM32G431_Candlelight_WeActStudioV2/error.o
                0x080026dc                error_assert
 .text.error_get_state
                0x08002708       0x14 Build_STM32G431_Candlelight_WeActStudioV2/error.o
                0x08002708                error_get_state
 .text.error_is_report_due
                0x0800271c      0x184 Build_STM32G431_Candlelight_WeActStudioV2/error.o
                0x0800271c                error_is_report_due
 .text.error_clear
                0x080028a0       0x18 Build_STM32G431_Candlelight_WeActStudioV2/error.o
                0x080028a0                error_clear
 .text.led_init
                0x080028b8       0x8c Build_STM32G431_Candlelight_WeActStudioV2/led.o
                0x080028b8                led_init
 .text.led_sleep
                0x08002944       0x34 Build_STM32G431_Candlelight_WeActStudioV2/led.o
                0x08002944                led_sleep
 .text.led_blink_power_on
                0x08002978       0x64 Build_STM32G431_Candlelight_WeActStudioV2/led.o
                0x08002978                led_blink_power_on
 .text.led_blink_identify
                0x080029dc       0x60 Build_STM32G431_Candlelight_WeActStudioV2/led.o
                0x080029dc                led_blink_identify
 .text.led_turn_TX
                0x08002a3c       0x30 Build_STM32G431_Candlelight_WeActStudioV2/led.o
                0x08002a3c                led_turn_TX
 .text.led_flash_TX
                0x08002a6c       0x48 Build_STM32G431_Candlelight_WeActStudioV2/led.o
                0x08002a6c                led_flash_TX
 .text.led_flash_RX
                0x08002ab4       0x54 Build_STM32G431_Candlelight_WeActStudioV2/led.o
                0x08002ab4                led_flash_RX
 .text.led_process
                0x08002b08      0x170 Build_STM32G431_Candlelight_WeActStudioV2/led.o
                0x08002b08                led_process
 .text.dfu_switch_to_bootloader
                0x08002c78       0x64 Build_STM32G431_Candlelight_WeActStudioV2/dfu.o
                0x08002c78                dfu_switch_to_bootloader
 .text.dfu_timer_100ms
                0x08002cdc       0x78 Build_STM32G431_Candlelight_WeActStudioV2/dfu.o
                0x08002cdc                dfu_timer_100ms
 .text.utils_init
                0x08002d54       0x38 Build_STM32G431_Candlelight_WeActStudioV2/utils.o
                0x08002d54                utils_init
 .text.utils_get_bit_limits
                0x08002d8c       0x18 Build_STM32G431_Candlelight_WeActStudioV2/utils.o
                0x08002d8c                utils_get_bit_limits
 .text.utils_mem_is_empty
                0x08002da4       0x20 Build_STM32G431_Candlelight_WeActStudioV2/utils.o
                0x08002da4                utils_mem_is_empty
 .text.utils_dlc_to_byte_count
                0x08002dc4       0x1c Build_STM32G431_Candlelight_WeActStudioV2/utils.o
                0x08002dc4                utils_dlc_to_byte_count
 .text.utils_byte_count_to_dlc
                0x08002de0       0x3c Build_STM32G431_Candlelight_WeActStudioV2/utils.o
                0x08002de0                utils_byte_count_to_dlc
 .text.utils_format_bitrate
                0x08002e1c       0xe8 Build_STM32G431_Candlelight_WeActStudioV2/utils.o
                0x08002e1c                utils_format_bitrate
 .text.USBD_StdDevReq
                0x08002f04      0x310 Build_STM32G431_Candlelight_WeActStudioV2/usb_ctrlreq.o
                0x08002f04                USBD_StdDevReq
 .text.USBD_StdItfReq
                0x08003214       0x54 Build_STM32G431_Candlelight_WeActStudioV2/usb_ctrlreq.o
                0x08003214                USBD_StdItfReq
 .text.USBD_StdEPReq
                0x08003268      0x130 Build_STM32G431_Candlelight_WeActStudioV2/usb_ctrlreq.o
                0x08003268                USBD_StdEPReq
 .text.USBD_ParseSetupRequest
                0x08003398       0x18 Build_STM32G431_Candlelight_WeActStudioV2/usb_ctrlreq.o
                0x08003398                USBD_ParseSetupRequest
 .text.USBD_CtlError
                0x080033b0       0x14 Build_STM32G431_Candlelight_WeActStudioV2/usb_ctrlreq.o
                0x080033b0                USBD_CtlError
 .text.USBD_GetStringDescr
                0x080033c4       0x48 Build_STM32G431_Candlelight_WeActStudioV2/usb_ctrlreq.o
                0x080033c4                USBD_GetStringDescr
 .text.USBD_CtlSendData
                0x0800340c       0x20 Build_STM32G431_Candlelight_WeActStudioV2/usb_ioreq.o
                0x0800340c                USBD_CtlSendData
 .text.USBD_CtlContinueSendData
                0x0800342c       0x10 Build_STM32G431_Candlelight_WeActStudioV2/usb_ioreq.o
                0x0800342c                USBD_CtlContinueSendData
 .text.USBD_CtlPrepareRx
                0x0800343c       0x20 Build_STM32G431_Candlelight_WeActStudioV2/usb_ioreq.o
                0x0800343c                USBD_CtlPrepareRx
 .text.USBD_CtlContinueRx
                0x0800345c       0x10 Build_STM32G431_Candlelight_WeActStudioV2/usb_ioreq.o
                0x0800345c                USBD_CtlContinueRx
 .text.USBD_CtlSendStatus
                0x0800346c       0x1c Build_STM32G431_Candlelight_WeActStudioV2/usb_ioreq.o
                0x0800346c                USBD_CtlSendStatus
 .text.USBD_CtlReceiveStatus
                0x08003488       0x1c Build_STM32G431_Candlelight_WeActStudioV2/usb_ioreq.o
                0x08003488                USBD_CtlReceiveStatus
 .text.USBD_Init
                0x080034a4       0x28 Build_STM32G431_Candlelight_WeActStudioV2/usb_core.o
                0x080034a4                USBD_Init
 .text.USBD_SetClassConfig
                0x080034cc       0x18 Build_STM32G431_Candlelight_WeActStudioV2/usb_core.o
                0x080034cc                USBD_SetClassConfig
 .text.USBD_ClrClassConfig
                0x080034e4       0x10 Build_STM32G431_Candlelight_WeActStudioV2/usb_core.o
                0x080034e4                USBD_ClrClassConfig
 .text.USBD_LL_SetupStage
                0x080034f4       0x60 Build_STM32G431_Candlelight_WeActStudioV2/usb_core.o
                0x080034f4                USBD_LL_SetupStage
 .text.USBD_LL_DataOutStage
                0x08003554       0x78 Build_STM32G431_Candlelight_WeActStudioV2/usb_core.o
                0x08003554                USBD_LL_DataOutStage
 .text.USBD_LL_DataInStage
                0x080035cc       0xc0 Build_STM32G431_Candlelight_WeActStudioV2/usb_core.o
                0x080035cc                USBD_LL_DataInStage
 .text.USBD_LL_Reset
                0x0800368c       0x4c Build_STM32G431_Candlelight_WeActStudioV2/usb_core.o
                0x0800368c                USBD_LL_Reset
 .text.USBD_LL_SetSpeed
                0x080036d8        0xc Build_STM32G431_Candlelight_WeActStudioV2/usb_core.o
                0x080036d8                USBD_LL_SetSpeed
 .text.USBD_LL_Suspend
                0x080036e4       0x18 Build_STM32G431_Candlelight_WeActStudioV2/usb_core.o
                0x080036e4                USBD_LL_Suspend
 .text.USBD_LL_Resume
                0x080036fc       0x1c Build_STM32G431_Candlelight_WeActStudioV2/usb_core.o
                0x080036fc                USBD_LL_Resume
 .text.USBD_LL_SOF
                0x08003718       0x28 Build_STM32G431_Candlelight_WeActStudioV2/usb_core.o
                0x08003718                USBD_LL_SOF
 .text.HAL_PCD_MspInit
                0x08003740       0x44 Build_STM32G431_Candlelight_WeActStudioV2/usb_lowlevel.o
                0x08003740                HAL_PCD_MspInit
 .text.HAL_PCD_SetupStageCallback
                0x08003784       0x18 Build_STM32G431_Candlelight_WeActStudioV2/usb_lowlevel.o
                0x08003784                HAL_PCD_SetupStageCallback
 .text.HAL_PCD_DataOutStageCallback
                0x0800379c       0x18 Build_STM32G431_Candlelight_WeActStudioV2/usb_lowlevel.o
                0x0800379c                HAL_PCD_DataOutStageCallback
 .text.HAL_PCD_DataInStageCallback
                0x080037b4       0x18 Build_STM32G431_Candlelight_WeActStudioV2/usb_lowlevel.o
                0x080037b4                HAL_PCD_DataInStageCallback
 .text.HAL_PCD_SOFCallback
                0x080037cc        0x4 Build_STM32G431_Candlelight_WeActStudioV2/usb_lowlevel.o
                0x080037cc                HAL_PCD_SOFCallback
 .text.HAL_PCD_ResetCallback
                0x080037d0       0x10 Build_STM32G431_Candlelight_WeActStudioV2/usb_lowlevel.o
                0x080037d0                HAL_PCD_ResetCallback
 .text.HAL_PCD_SuspendCallback
                0x080037e0       0x30 Build_STM32G431_Candlelight_WeActStudioV2/usb_lowlevel.o
                0x080037e0                HAL_PCD_SuspendCallback
 .text.HAL_PCD_ResumeCallback
                0x08003810       0x2c Build_STM32G431_Candlelight_WeActStudioV2/usb_lowlevel.o
                0x08003810                HAL_PCD_ResumeCallback
 .text.HAL_PCD_Is_Suspended
                0x0800383c        0xc Build_STM32G431_Candlelight_WeActStudioV2/usb_lowlevel.o
                0x0800383c                HAL_PCD_Is_Suspended
 .text.USBD_LL_Init
                0x08003848       0x28 Build_STM32G431_Candlelight_WeActStudioV2/usb_lowlevel.o
                0x08003848                USBD_LL_Init
 .text.USBD_LL_ConfigurePMA
                0x08003870       0x44 Build_STM32G431_Candlelight_WeActStudioV2/usb_lowlevel.o
                0x08003870                USBD_LL_ConfigurePMA
 .text.USBD_LL_Start
                0x080038b4       0x18 Build_STM32G431_Candlelight_WeActStudioV2/usb_lowlevel.o
                0x080038b4                USBD_LL_Start
 .text.USBD_LL_OpenEP
                0x080038cc       0x20 Build_STM32G431_Candlelight_WeActStudioV2/usb_lowlevel.o
                0x080038cc                USBD_LL_OpenEP
 .text.USBD_LL_CloseEP
                0x080038ec       0x1c Build_STM32G431_Candlelight_WeActStudioV2/usb_lowlevel.o
                0x080038ec                USBD_LL_CloseEP
 .text.USBD_LL_StallEP
                0x08003908       0x1c Build_STM32G431_Candlelight_WeActStudioV2/usb_lowlevel.o
                0x08003908                USBD_LL_StallEP
 .text.USBD_LL_ClearStallEP
                0x08003924       0x1c Build_STM32G431_Candlelight_WeActStudioV2/usb_lowlevel.o
                0x08003924                USBD_LL_ClearStallEP
 .text.USBD_LL_IsStallEP
                0x08003940       0x28 Build_STM32G431_Candlelight_WeActStudioV2/usb_lowlevel.o
                0x08003940                USBD_LL_IsStallEP
 .text.USBD_LL_SetUSBAddress
                0x08003968       0x1c Build_STM32G431_Candlelight_WeActStudioV2/usb_lowlevel.o
                0x08003968                USBD_LL_SetUSBAddress
 .text.USBD_LL_Transmit
                0x08003984       0x20 Build_STM32G431_Candlelight_WeActStudioV2/usb_lowlevel.o
                0x08003984                USBD_LL_Transmit
 .text.USBD_LL_PrepareReceive
                0x080039a4       0x20 Build_STM32G431_Candlelight_WeActStudioV2/usb_lowlevel.o
                0x080039a4                USBD_LL_PrepareReceive
 .text.Reset_Handler
                0x080039c4       0x50 Build_STM32G431_Candlelight_WeActStudioV2/startup_STM32G431.o
                0x080039c4                Reset_Handler
 .text.Default_Handler
                0x08003a14        0x2 Build_STM32G431_Candlelight_WeActStudioV2/startup_STM32G431.o
                0x08003a14                RTC_Alarm_IRQHandler
                0x08003a14                EXTI2_IRQHandler
                0x08003a14                TIM8_TRG_COM_IRQHandler
                0x08003a14                TIM8_CC_IRQHandler
                0x08003a14                TIM1_CC_IRQHandler
                0x08003a14                CORDIC_IRQHandler
                0x08003a14                EXTI3_IRQHandler
                0x08003a14                I2C3_ER_IRQHandler
                0x08003a14                EXTI0_IRQHandler
                0x08003a14                I2C2_EV_IRQHandler
                0x08003a14                FPU_IRQHandler
                0x08003a14                FDCAN1_IT1_IRQHandler
                0x08003a14                TIM1_UP_TIM16_IRQHandler
                0x08003a14                ADC1_2_IRQHandler
                0x08003a14                SPI1_IRQHandler
                0x08003a14                TIM6_DAC_IRQHandler
                0x08003a14                TIM8_UP_IRQHandler
                0x08003a14                DMA2_Channel2_IRQHandler
                0x08003a14                DMA1_Channel4_IRQHandler
                0x08003a14                USART3_IRQHandler
                0x08003a14                TIM4_IRQHandler
                0x08003a14                DMA2_Channel1_IRQHandler
                0x08003a14                I2C1_EV_IRQHandler
                0x08003a14                DMA1_Channel6_IRQHandler
                0x08003a14                UART4_IRQHandler
                0x08003a14                DMA2_Channel4_IRQHandler
                0x08003a14                TIM3_IRQHandler
                0x08003a14                RCC_IRQHandler
                0x08003a14                DMA1_Channel1_IRQHandler
                0x08003a14                Default_Handler
                0x08003a14                RTC_TAMP_LSECSS_IRQHandler
                0x08003a14                FMAC_IRQHandler
                0x08003a14                EXTI15_10_IRQHandler
                0x08003a14                TIM7_IRQHandler
                0x08003a14                UCPD1_IRQHandler
                0x08003a14                I2C3_EV_IRQHandler
                0x08003a14                EXTI9_5_IRQHandler
                0x08003a14                RTC_WKUP_IRQHandler
                0x08003a14                PVD_PVM_IRQHandler
                0x08003a14                SPI2_IRQHandler
                0x08003a14                DMA2_Channel5_IRQHandler
                0x08003a14                CRS_IRQHandler
                0x08003a14                DMA1_Channel5_IRQHandler
                0x08003a14                EXTI4_IRQHandler
                0x08003a14                RNG_IRQHandler
                0x08003a14                TIM1_TRG_COM_TIM17_IRQHandler
                0x08003a14                DMA1_Channel3_IRQHandler
                0x08003a14                WWDG_IRQHandler
                0x08003a14                LPUART1_IRQHandler
                0x08003a14                DMA2_Channel6_IRQHandler
                0x08003a14                TIM2_IRQHandler
                0x08003a14                COMP1_2_3_IRQHandler
                0x08003a14                EXTI1_IRQHandler
                0x08003a14                USART2_IRQHandler
                0x08003a14                I2C2_ER_IRQHandler
                0x08003a14                DMA1_Channel2_IRQHandler
                0x08003a14                TIM8_BRK_IRQHandler
                0x08003a14                FLASH_IRQHandler
                0x08003a14                USART1_IRQHandler
                0x08003a14                SPI3_IRQHandler
                0x08003a14                I2C1_ER_IRQHandler
                0x08003a14                LPTIM1_IRQHandler
                0x08003a14                DMAMUX_OVR_IRQHandler
                0x08003a14                USBWakeUp_IRQHandler
                0x08003a14                SAI1_IRQHandler
                0x08003a14                DMA2_Channel3_IRQHandler
                0x08003a14                COMP4_IRQHandler
                0x08003a14                TIM1_BRK_TIM15_IRQHandler
 *fill*         0x08003a16        0x2 
 .text.control_init
                0x08003a18      0x104 Build_STM32G431_Candlelight_WeActStudioV2/Candlelight/control.o
                0x08003a18                control_init
 .text.control_setup_request
                0x08003b1c      0x28c Build_STM32G431_Candlelight_WeActStudioV2/Candlelight/control.o
                0x08003b1c                control_setup_request
 .text.control_setup_OUT_data
                0x08003da8      0x2e4 Build_STM32G431_Candlelight_WeActStudioV2/Candlelight/control.o
                0x08003da8                control_setup_OUT_data
 .text.control_process
                0x0800408c       0x24 Build_STM32G431_Candlelight_WeActStudioV2/Candlelight/control.o
                0x0800408c                control_process
 .text.control_report_busload
                0x080040b0       0x48 Build_STM32G431_Candlelight_WeActStudioV2/Candlelight/control.o
                0x080040b0                control_report_busload
 .text.control_send_debug_mesg
                0x080040f8       0x84 Build_STM32G431_Candlelight_WeActStudioV2/Candlelight/control.o
                0x080040f8                control_send_debug_mesg
 .text.buf_process_host.part.0
                0x0800417c      0x1e4 Build_STM32G431_Candlelight_WeActStudioV2/Candlelight/buffer.o
 .text.buf_init
                0x08004360       0x94 Build_STM32G431_Candlelight_WeActStudioV2/Candlelight/buffer.o
                0x08004360                buf_init
 .text.buf_clear_can_buffer
                0x080043f4       0x7c Build_STM32G431_Candlelight_WeActStudioV2/Candlelight/buffer.o
                0x080043f4                buf_clear_can_buffer
 .text.buf_store_tx_packet
                0x08004470       0xe4 Build_STM32G431_Candlelight_WeActStudioV2/Candlelight/buffer.o
                0x08004470                buf_store_tx_packet
 .text.buf_store_can_frame
                0x08004554      0x104 Build_STM32G431_Candlelight_WeActStudioV2/Candlelight/buffer.o
                0x08004554                buf_store_can_frame
 .text.buf_store_can_frame_blob
                0x08004658      0x190 Build_STM32G431_Candlelight_WeActStudioV2/Candlelight/buffer.o
                0x08004658                buf_store_can_frame_blob
 .text.buf_store_rx_packet
                0x080047e8      0x184 Build_STM32G431_Candlelight_WeActStudioV2/Candlelight/buffer.o
                0x080047e8                buf_store_rx_packet
 .text.buf_store_rx_packet_echo
                0x0800496c      0x184 Build_STM32G431_Candlelight_WeActStudioV2/Candlelight/buffer.o
                0x0800496c                buf_store_rx_packet_echo
 .text.buf_process
                0x08004af0      0x150 Build_STM32G431_Candlelight_WeActStudioV2/Candlelight/buffer.o
                0x08004af0                buf_process
 .text.buf_store_tx_echo
                0x08004c40       0x9c Build_STM32G431_Candlelight_WeActStudioV2/Candlelight/buffer.o
                0x08004c40                buf_store_tx_echo
 .text.buf_store_error
                0x08004cdc      0x210 Build_STM32G431_Candlelight_WeActStudioV2/Candlelight/buffer.o
                0x08004cdc                buf_store_error
 .text.buf_get_host_frame_locked
                0x08004eec       0x30 Build_STM32G431_Candlelight_WeActStudioV2/Candlelight/buffer.o
                0x08004eec                buf_get_host_frame_locked
 .text.buf_get_instance
                0x08004f1c       0x10 Build_STM32G431_Candlelight_WeActStudioV2/Candlelight/buffer.o
                0x08004f1c                buf_get_instance
 .text.USB_IRQ_Init
                0x08004f2c       0x70 Build_STM32G431_Candlelight_WeActStudioV2/Candlelight/usb_class.o
                0x08004f2c                USB_IRQ_Init
 .text.USB_IRQ_EP0_RxReady
                0x08004f9c        0xc Build_STM32G431_Candlelight_WeActStudioV2/Candlelight/usb_class.o
                0x08004f9c                USB_IRQ_EP0_RxReady
 .text.USB_IRQ_DataOut
                0x08004fa8       0x44 Build_STM32G431_Candlelight_WeActStudioV2/Candlelight/usb_class.o
                0x08004fa8                USB_IRQ_DataOut
 .text.USB_IRQ_DataIn
                0x08004fec       0x34 Build_STM32G431_Candlelight_WeActStudioV2/Candlelight/usb_class.o
                0x08004fec                USB_IRQ_DataIn
 .text.USB_IRQ_DeInit
                0x08005020       0x2c Build_STM32G431_Candlelight_WeActStudioV2/Candlelight/usb_class.o
                0x08005020                USB_IRQ_DeInit
 .text.USB_IRQ_Setup
                0x0800504c       0x94 Build_STM32G431_Candlelight_WeActStudioV2/Candlelight/usb_class.o
                0x0800504c                USB_IRQ_Setup
 .text.USBD_ConfigureEndpoints
                0x080050e0       0x5c Build_STM32G431_Candlelight_WeActStudioV2/Candlelight/usb_class.o
                0x080050e0                USBD_ConfigureEndpoints
 .text.USBD_GetUserStringDescr
                0x0800513c       0x38 Build_STM32G431_Candlelight_WeActStudioV2/Candlelight/usb_class.o
                0x0800513c                USBD_GetUserStringDescr
 .text.USBD_SetupStageRequest
                0x08005174       0x90 Build_STM32G431_Candlelight_WeActStudioV2/Candlelight/usb_class.o
                0x08005174                USBD_SetupStageRequest
 .text.USBD_SendInDataToHost
                0x08005204       0x4c Build_STM32G431_Candlelight_WeActStudioV2/Candlelight/usb_class.o
                0x08005204                USBD_SendInDataToHost
 .text.HAL_MspInit
                0x08005250        0x4 Build_STM32G431_Candlelight_WeActStudioV2/STM32Cube/libstm32cube.a(stm32g4xx_hal.o)
                0x08005250                HAL_MspInit
 .text.HAL_MspDeInit
                0x08005254        0x4 Build_STM32G431_Candlelight_WeActStudioV2/STM32Cube/libstm32cube.a(stm32g4xx_hal.o)
                0x08005254                HAL_MspDeInit
 .text.HAL_DeInit
                0x08005258       0x2c Build_STM32G431_Candlelight_WeActStudioV2/STM32Cube/libstm32cube.a(stm32g4xx_hal.o)
                0x08005258                HAL_DeInit
 .text.HAL_InitTick
                0x08005284       0x4c Build_STM32G431_Candlelight_WeActStudioV2/STM32Cube/libstm32cube.a(stm32g4xx_hal.o)
                0x08005284                HAL_InitTick
 .text.HAL_Init
                0x080052d0       0x30 Build_STM32G431_Candlelight_WeActStudioV2/STM32Cube/libstm32cube.a(stm32g4xx_hal.o)
                0x080052d0                HAL_Init
 .text.HAL_IncTick
                0x08005300       0x18 Build_STM32G431_Candlelight_WeActStudioV2/STM32Cube/libstm32cube.a(stm32g4xx_hal.o)
                0x08005300                HAL_IncTick
 .text.HAL_GetTick
                0x08005318        0xc Build_STM32G431_Candlelight_WeActStudioV2/STM32Cube/libstm32cube.a(stm32g4xx_hal.o)
                0x08005318                HAL_GetTick
 .text.HAL_Delay
                0x08005324       0x24 Build_STM32G431_Candlelight_WeActStudioV2/STM32Cube/libstm32cube.a(stm32g4xx_hal.o)
                0x08005324                HAL_Delay
 .text.HAL_GetHalVersion
                0x08005348        0x8 Build_STM32G431_Candlelight_WeActStudioV2/STM32Cube/libstm32cube.a(stm32g4xx_hal.o)
                0x08005348                HAL_GetHalVersion
 .text.HAL_GetDEVID
                0x08005350       0x10 Build_STM32G431_Candlelight_WeActStudioV2/STM32Cube/libstm32cube.a(stm32g4xx_hal.o)
                0x08005350                HAL_GetDEVID
 .text.HAL_NVIC_SetPriorityGrouping
                0x08005360       0x24 Build_STM32G431_Candlelight_WeActStudioV2/STM32Cube/libstm32cube.a(stm32g4xx_hal_cortex.o)
                0x08005360                HAL_NVIC_SetPriorityGrouping
 .text.HAL_NVIC_SetPriority
                0x08005384       0x78 Build_STM32G431_Candlelight_WeActStudioV2/STM32Cube/libstm32cube.a(stm32g4xx_hal_cortex.o)
                0x08005384                HAL_NVIC_SetPriority
 .text.HAL_NVIC_EnableIRQ
                0x080053fc       0x1c Build_STM32G431_Candlelight_WeActStudioV2/STM32Cube/libstm32cube.a(stm32g4xx_hal_cortex.o)
                0x080053fc                HAL_NVIC_EnableIRQ
 .text.HAL_SYSTICK_Config
                0x08005418       0x30 Build_STM32G431_Candlelight_WeActStudioV2/STM32Cube/libstm32cube.a(stm32g4xx_hal_cortex.o)
                0x08005418                HAL_SYSTICK_Config
 .text.HAL_SYSTICK_Callback
                0x08005448        0x4 Build_STM32G431_Candlelight_WeActStudioV2/STM32Cube/libstm32cube.a(stm32g4xx_hal_cortex.o)
                0x08005448                HAL_SYSTICK_Callback
 .text.HAL_SYSTICK_IRQHandler
                0x0800544c        0x8 Build_STM32G431_Candlelight_WeActStudioV2/STM32Cube/libstm32cube.a(stm32g4xx_hal_cortex.o)
                0x0800544c                HAL_SYSTICK_IRQHandler
 .text.HAL_FDCAN_MspInit
                0x08005454        0x4 Build_STM32G431_Candlelight_WeActStudioV2/STM32Cube/libstm32cube.a(stm32g4xx_hal_fdcan.o)
                0x08005454                HAL_FDCAN_MspInit
 .text.HAL_FDCAN_Init
                0x08005458      0x1dc Build_STM32G431_Candlelight_WeActStudioV2/STM32Cube/libstm32cube.a(stm32g4xx_hal_fdcan.o)
                0x08005458                HAL_FDCAN_Init
 .text.HAL_FDCAN_MspDeInit
                0x08005634        0x4 Build_STM32G431_Candlelight_WeActStudioV2/STM32Cube/libstm32cube.a(stm32g4xx_hal_fdcan.o)
                0x08005634                HAL_FDCAN_MspDeInit
 .text.HAL_FDCAN_DeInit
                0x08005638       0xfc Build_STM32G431_Candlelight_WeActStudioV2/STM32Cube/libstm32cube.a(stm32g4xx_hal_fdcan.o)
                0x08005638                HAL_FDCAN_DeInit
 .text.HAL_FDCAN_ConfigFilter
                0x08005734       0x58 Build_STM32G431_Candlelight_WeActStudioV2/STM32Cube/libstm32cube.a(stm32g4xx_hal_fdcan.o)
                0x08005734                HAL_FDCAN_ConfigFilter
 .text.HAL_FDCAN_ConfigGlobalFilter
                0x0800578c       0x44 Build_STM32G431_Candlelight_WeActStudioV2/STM32Cube/libstm32cube.a(stm32g4xx_hal_fdcan.o)
                0x0800578c                HAL_FDCAN_ConfigGlobalFilter
 .text.HAL_FDCAN_ConfigTimestampCounter
                0x080057d0       0x28 Build_STM32G431_Candlelight_WeActStudioV2/STM32Cube/libstm32cube.a(stm32g4xx_hal_fdcan.o)
                0x080057d0                HAL_FDCAN_ConfigTimestampCounter
 .text.HAL_FDCAN_EnableTimestampCounter
                0x080057f8       0x28 Build_STM32G431_Candlelight_WeActStudioV2/STM32Cube/libstm32cube.a(stm32g4xx_hal_fdcan.o)
                0x080057f8                HAL_FDCAN_EnableTimestampCounter
 .text.HAL_FDCAN_ConfigTxDelayCompensation
                0x08005820       0x24 Build_STM32G431_Candlelight_WeActStudioV2/STM32Cube/libstm32cube.a(stm32g4xx_hal_fdcan.o)
                0x08005820                HAL_FDCAN_ConfigTxDelayCompensation
 .text.HAL_FDCAN_EnableTxDelayCompensation
                0x08005844       0x24 Build_STM32G431_Candlelight_WeActStudioV2/STM32Cube/libstm32cube.a(stm32g4xx_hal_fdcan.o)
                0x08005844                HAL_FDCAN_EnableTxDelayCompensation
 .text.HAL_FDCAN_DisableTxDelayCompensation
                0x08005868       0x24 Build_STM32G431_Candlelight_WeActStudioV2/STM32Cube/libstm32cube.a(stm32g4xx_hal_fdcan.o)
                0x08005868                HAL_FDCAN_DisableTxDelayCompensation
 .text.HAL_FDCAN_Start
                0x0800588c       0x30 Build_STM32G431_Candlelight_WeActStudioV2/STM32Cube/libstm32cube.a(stm32g4xx_hal_fdcan.o)
                0x0800588c                HAL_FDCAN_Start
 .text.HAL_FDCAN_Stop
                0x080058bc       0xe0 Build_STM32G431_Candlelight_WeActStudioV2/STM32Cube/libstm32cube.a(stm32g4xx_hal_fdcan.o)
                0x080058bc                HAL_FDCAN_Stop
 .text.HAL_FDCAN_AddMessageToTxFifoQ
                0x0800599c       0xc4 Build_STM32G431_Candlelight_WeActStudioV2/STM32Cube/libstm32cube.a(stm32g4xx_hal_fdcan.o)
                0x0800599c                HAL_FDCAN_AddMessageToTxFifoQ
 .text.HAL_FDCAN_AbortTxRequest
                0x08005a60       0x20 Build_STM32G431_Candlelight_WeActStudioV2/STM32Cube/libstm32cube.a(stm32g4xx_hal_fdcan.o)
                0x08005a60                HAL_FDCAN_AbortTxRequest
 .text.HAL_FDCAN_GetRxMessage
                0x08005a80      0x138 Build_STM32G431_Candlelight_WeActStudioV2/STM32Cube/libstm32cube.a(stm32g4xx_hal_fdcan.o)
                0x08005a80                HAL_FDCAN_GetRxMessage
 .text.HAL_FDCAN_GetTxEvent
                0x08005bb8       0xa4 Build_STM32G431_Candlelight_WeActStudioV2/STM32Cube/libstm32cube.a(stm32g4xx_hal_fdcan.o)
                0x08005bb8                HAL_FDCAN_GetTxEvent
 .text.HAL_FDCAN_GetProtocolStatus
                0x08005c5c       0x50 Build_STM32G431_Candlelight_WeActStudioV2/STM32Cube/libstm32cube.a(stm32g4xx_hal_fdcan.o)
                0x08005c5c                HAL_FDCAN_GetProtocolStatus
 .text.HAL_FDCAN_GetErrorCounters
                0x08005cac       0x24 Build_STM32G431_Candlelight_WeActStudioV2/STM32Cube/libstm32cube.a(stm32g4xx_hal_fdcan.o)
                0x08005cac                HAL_FDCAN_GetErrorCounters
 .text.HAL_FDCAN_GetTxFifoFreeLevel
                0x08005cd0        0xc Build_STM32G431_Candlelight_WeActStudioV2/STM32Cube/libstm32cube.a(stm32g4xx_hal_fdcan.o)
                0x08005cd0                HAL_FDCAN_GetTxFifoFreeLevel
 .text.HAL_FDCAN_ConfigInterruptLines
                0x08005cdc       0x2c Build_STM32G431_Candlelight_WeActStudioV2/STM32Cube/libstm32cube.a(stm32g4xx_hal_fdcan.o)
                0x08005cdc                HAL_FDCAN_ConfigInterruptLines
 .text.HAL_FDCAN_ActivateNotification
                0x08005d08       0xf8 Build_STM32G431_Candlelight_WeActStudioV2/STM32Cube/libstm32cube.a(stm32g4xx_hal_fdcan.o)
                0x08005d08                HAL_FDCAN_ActivateNotification
 .text.HAL_FDCAN_TxEventFifoCallback
                0x08005e00        0x4 Build_STM32G431_Candlelight_WeActStudioV2/STM32Cube/libstm32cube.a(stm32g4xx_hal_fdcan.o)
                0x08005e00                HAL_FDCAN_TxEventFifoCallback
 .text.HAL_FDCAN_RxFifo0Callback
                0x08005e04        0x4 Build_STM32G431_Candlelight_WeActStudioV2/STM32Cube/libstm32cube.a(stm32g4xx_hal_fdcan.o)
                0x08005e04                HAL_FDCAN_RxFifo0Callback
 .text.HAL_FDCAN_RxFifo1Callback
                0x08005e08        0x4 Build_STM32G431_Candlelight_WeActStudioV2/STM32Cube/libstm32cube.a(stm32g4xx_hal_fdcan.o)
                0x08005e08                HAL_FDCAN_RxFifo1Callback
 .text.HAL_FDCAN_TxFifoEmptyCallback
                0x08005e0c        0x4 Build_STM32G431_Candlelight_WeActStudioV2/STM32Cube/libstm32cube.a(stm32g4xx_hal_fdcan.o)
                0x08005e0c                HAL_FDCAN_TxFifoEmptyCallback
 .text.HAL_FDCAN_TxBufferCompleteCallback
                0x08005e10        0x4 Build_STM32G431_Candlelight_WeActStudioV2/STM32Cube/libstm32cube.a(stm32g4xx_hal_fdcan.o)
                0x08005e10                HAL_FDCAN_TxBufferCompleteCallback
 .text.HAL_FDCAN_TxBufferAbortCallback
                0x08005e14        0x4 Build_STM32G431_Candlelight_WeActStudioV2/STM32Cube/libstm32cube.a(stm32g4xx_hal_fdcan.o)
                0x08005e14                HAL_FDCAN_TxBufferAbortCallback
 .text.HAL_FDCAN_TimeoutOccurredCallback
                0x08005e18        0x4 Build_STM32G431_Candlelight_WeActStudioV2/STM32Cube/libstm32cube.a(stm32g4xx_hal_fdcan.o)
                0x08005e18                HAL_FDCAN_TimeoutOccurredCallback
 .text.HAL_FDCAN_HighPriorityMessageCallback
                0x08005e1c        0x4 Build_STM32G431_Candlelight_WeActStudioV2/STM32Cube/libstm32cube.a(stm32g4xx_hal_fdcan.o)
                0x08005e1c                HAL_FDCAN_HighPriorityMessageCallback
 .text.HAL_FDCAN_ErrorCallback
                0x08005e20        0x4 Build_STM32G431_Candlelight_WeActStudioV2/STM32Cube/libstm32cube.a(stm32g4xx_hal_fdcan.o)
                0x08005e20                HAL_FDCAN_ErrorCallback
 .text.HAL_FDCAN_ErrorStatusCallback
                0x08005e24        0x4 Build_STM32G431_Candlelight_WeActStudioV2/STM32Cube/libstm32cube.a(stm32g4xx_hal_fdcan.o)
                0x08005e24                HAL_FDCAN_ErrorStatusCallback
 .text.HAL_FDCAN_IRQHandler
                0x08005e28      0x188 Build_STM32G431_Candlelight_WeActStudioV2/STM32Cube/libstm32cube.a(stm32g4xx_hal_fdcan.o)
                0x08005e28                HAL_FDCAN_IRQHandler
 .text.HAL_FLASH_Program
                0x08005fb0      0x170 Build_STM32G431_Candlelight_WeActStudioV2/STM32Cube/libstm32cube.a(stm32g4xx_hal_flash.o)
                0x08005fb0                HAL_FLASH_Program
 .text.HAL_FLASH_Unlock
                0x08006120       0x28 Build_STM32G431_Candlelight_WeActStudioV2/STM32Cube/libstm32cube.a(stm32g4xx_hal_flash.o)
                0x08006120                HAL_FLASH_Unlock
 .text.HAL_FLASH_Lock
                0x08006148       0x18 Build_STM32G431_Candlelight_WeActStudioV2/STM32Cube/libstm32cube.a(stm32g4xx_hal_flash.o)
                0x08006148                HAL_FLASH_Lock
 .text.HAL_FLASH_OB_Unlock
                0x08006160       0x28 Build_STM32G431_Candlelight_WeActStudioV2/STM32Cube/libstm32cube.a(stm32g4xx_hal_flash.o)
                0x08006160                HAL_FLASH_OB_Unlock
 .text.HAL_FLASH_OB_Lock
                0x08006188       0x1c Build_STM32G431_Candlelight_WeActStudioV2/STM32Cube/libstm32cube.a(stm32g4xx_hal_flash.o)
                0x08006188                HAL_FLASH_OB_Lock
 .text.FLASH_WaitForLastOperation
                0x080061a4       0x50 Build_STM32G431_Candlelight_WeActStudioV2/STM32Cube/libstm32cube.a(stm32g4xx_hal_flash.o)
                0x080061a4                FLASH_WaitForLastOperation
 .text.HAL_FLASHEx_Erase
                0x080061f4      0x15c Build_STM32G431_Candlelight_WeActStudioV2/STM32Cube/libstm32cube.a(stm32g4xx_hal_flash_ex.o)
                0x080061f4                HAL_FLASHEx_Erase
 .text.HAL_FLASHEx_OBProgram
                0x08006350      0x2f4 Build_STM32G431_Candlelight_WeActStudioV2/STM32Cube/libstm32cube.a(stm32g4xx_hal_flash_ex.o)
                0x08006350                HAL_FLASHEx_OBProgram
 .text.HAL_FLASHEx_OBGetConfig
                0x08006644       0xb8 Build_STM32G431_Candlelight_WeActStudioV2/STM32Cube/libstm32cube.a(stm32g4xx_hal_flash_ex.o)
                0x08006644                HAL_FLASHEx_OBGetConfig
 .text.FLASH_FlushCaches
                0x080066fc       0x60 Build_STM32G431_Candlelight_WeActStudioV2/STM32Cube/libstm32cube.a(stm32g4xx_hal_flash_ex.o)
                0x080066fc                FLASH_FlushCaches
 .text.HAL_GPIO_Init
                0x0800675c      0x3b8 Build_STM32G431_Candlelight_WeActStudioV2/STM32Cube/libstm32cube.a(stm32g4xx_hal_gpio.o)
                0x0800675c                HAL_GPIO_Init
 .text.HAL_GPIO_WritePin
                0x08006b14        0xc Build_STM32G431_Candlelight_WeActStudioV2/STM32Cube/libstm32cube.a(stm32g4xx_hal_gpio.o)
                0x08006b14                HAL_GPIO_WritePin
 .text.HAL_PCD_Init
                0x08006b20      0x1d4 Build_STM32G431_Candlelight_WeActStudioV2/STM32Cube/libstm32cube.a(stm32g4xx_hal_pcd.o)
                0x08006b20                HAL_PCD_Init
 .text.HAL_PCD_Start
                0x08006cf4       0x2c Build_STM32G431_Candlelight_WeActStudioV2/STM32Cube/libstm32cube.a(stm32g4xx_hal_pcd.o)
                0x08006cf4                HAL_PCD_Start
 .text.HAL_PCD_IRQHandler
                0x08006d20      0xb38 Build_STM32G431_Candlelight_WeActStudioV2/STM32Cube/libstm32cube.a(stm32g4xx_hal_pcd.o)
                0x08006d20                HAL_PCD_IRQHandler
 .text.HAL_PCD_SetAddress
                0x08007858       0x28 Build_STM32G431_Candlelight_WeActStudioV2/STM32Cube/libstm32cube.a(stm32g4xx_hal_pcd.o)
                0x08007858                HAL_PCD_SetAddress
 .text.HAL_PCD_EP_Open
                0x08007880       0x78 Build_STM32G431_Candlelight_WeActStudioV2/STM32Cube/libstm32cube.a(stm32g4xx_hal_pcd.o)
                0x08007880                HAL_PCD_EP_Open
 .text.HAL_PCD_EP_Close
                0x080078f8       0x68 Build_STM32G431_Candlelight_WeActStudioV2/STM32Cube/libstm32cube.a(stm32g4xx_hal_pcd.o)
                0x080078f8                HAL_PCD_EP_Close
 .text.HAL_PCD_EP_Receive
                0x08007960       0x34 Build_STM32G431_Candlelight_WeActStudioV2/STM32Cube/libstm32cube.a(stm32g4xx_hal_pcd.o)
                0x08007960                HAL_PCD_EP_Receive
 .text.HAL_PCD_EP_Transmit
                0x08007994       0x3c Build_STM32G431_Candlelight_WeActStudioV2/STM32Cube/libstm32cube.a(stm32g4xx_hal_pcd.o)
                0x08007994                HAL_PCD_EP_Transmit
 .text.HAL_PCD_EP_SetStall
                0x080079d0       0x78 Build_STM32G431_Candlelight_WeActStudioV2/STM32Cube/libstm32cube.a(stm32g4xx_hal_pcd.o)
                0x080079d0                HAL_PCD_EP_SetStall
 .text.HAL_PCD_EP_ClrStall
                0x08007a48       0x78 Build_STM32G431_Candlelight_WeActStudioV2/STM32Cube/libstm32cube.a(stm32g4xx_hal_pcd.o)
                0x08007a48                HAL_PCD_EP_ClrStall
 .text.HAL_PCDEx_PMAConfig
                0x08007ac0       0x3c Build_STM32G431_Candlelight_WeActStudioV2/STM32Cube/libstm32cube.a(stm32g4xx_hal_pcd_ex.o)
                0x08007ac0                HAL_PCDEx_PMAConfig
 .text.HAL_PCDEx_ActivateLPM
                0x08007afc       0x30 Build_STM32G431_Candlelight_WeActStudioV2/STM32Cube/libstm32cube.a(stm32g4xx_hal_pcd_ex.o)
                0x08007afc                HAL_PCDEx_ActivateLPM
 .text.HAL_PCDEx_LPM_Callback
                0x08007b2c        0x4 Build_STM32G431_Candlelight_WeActStudioV2/STM32Cube/libstm32cube.a(stm32g4xx_hal_pcd_ex.o)
                0x08007b2c                HAL_PCDEx_LPM_Callback
 .text.HAL_PWREx_ControlVoltageScaling
                0x08007b30       0xe4 Build_STM32G431_Candlelight_WeActStudioV2/STM32Cube/libstm32cube.a(stm32g4xx_hal_pwr_ex.o)
                0x08007b30                HAL_PWREx_ControlVoltageScaling
 .text.HAL_RCC_DeInit
                0x08007c14       0xc0 Build_STM32G431_Candlelight_WeActStudioV2/STM32Cube/libstm32cube.a(stm32g4xx_hal_rcc.o)
                0x08007c14                HAL_RCC_DeInit
 .text.HAL_RCC_OscConfig
                0x08007cd4      0x48c Build_STM32G431_Candlelight_WeActStudioV2/STM32Cube/libstm32cube.a(stm32g4xx_hal_rcc.o)
                0x08007cd4                HAL_RCC_OscConfig
 .text.HAL_RCC_GetSysClockFreq
                0x08008160       0x5c Build_STM32G431_Candlelight_WeActStudioV2/STM32Cube/libstm32cube.a(stm32g4xx_hal_rcc.o)
                0x08008160                HAL_RCC_GetSysClockFreq
 .text.HAL_RCC_ClockConfig
                0x080081bc      0x1f8 Build_STM32G431_Candlelight_WeActStudioV2/STM32Cube/libstm32cube.a(stm32g4xx_hal_rcc.o)
                0x080081bc                HAL_RCC_ClockConfig
 .text.HAL_RCC_GetPCLK1Freq
                0x080083b4       0x24 Build_STM32G431_Candlelight_WeActStudioV2/STM32Cube/libstm32cube.a(stm32g4xx_hal_rcc.o)
                0x080083b4                HAL_RCC_GetPCLK1Freq
 .text.HAL_RCC_GetPCLK2Freq
                0x080083d8       0x24 Build_STM32G431_Candlelight_WeActStudioV2/STM32Cube/libstm32cube.a(stm32g4xx_hal_rcc.o)
                0x080083d8                HAL_RCC_GetPCLK2Freq
 .text.HAL_RCCEx_PeriphCLKConfig
                0x080083fc      0x2a0 Build_STM32G431_Candlelight_WeActStudioV2/STM32Cube/libstm32cube.a(stm32g4xx_hal_rcc_ex.o)
                0x080083fc                HAL_RCCEx_PeriphCLKConfig
 .text.HAL_RCCEx_GetPeriphCLKFreq
                0x0800869c      0x44c Build_STM32G431_Candlelight_WeActStudioV2/STM32Cube/libstm32cube.a(stm32g4xx_hal_rcc_ex.o)
                0x0800869c                HAL_RCCEx_GetPeriphCLKFreq
 .text.HAL_RCCEx_CRSConfig
                0x08008ae8       0x50 Build_STM32G431_Candlelight_WeActStudioV2/STM32Cube/libstm32cube.a(stm32g4xx_hal_rcc_ex.o)
                0x08008ae8                HAL_RCCEx_CRSConfig
 .text.HAL_TIM_Base_MspInit
                0x08008b38        0x4 Build_STM32G431_Candlelight_WeActStudioV2/STM32Cube/libstm32cube.a(stm32g4xx_hal_tim.o)
                0x08008b38                HAL_TIM_Base_MspInit
 .text.HAL_TIM_Base_Init
                0x08008b3c      0x124 Build_STM32G431_Candlelight_WeActStudioV2/STM32Cube/libstm32cube.a(stm32g4xx_hal_tim.o)
                0x08008b3c                HAL_TIM_Base_Init
 .text.HAL_TIM_Base_Start_IT
                0x08008c60       0x70 Build_STM32G431_Candlelight_WeActStudioV2/STM32Cube/libstm32cube.a(stm32g4xx_hal_tim.o)
                0x08008c60                HAL_TIM_Base_Start_IT
 .text.USB_EnableGlobalInt
                0x08008cd0       0x14 Build_STM32G431_Candlelight_WeActStudioV2/STM32Cube/libstm32cube.a(stm32g4xx_ll_usb.o)
                0x08008cd0                USB_EnableGlobalInt
 .text.USB_DisableGlobalInt
                0x08008ce4       0x14 Build_STM32G431_Candlelight_WeActStudioV2/STM32Cube/libstm32cube.a(stm32g4xx_ll_usb.o)
                0x08008ce4                USB_DisableGlobalInt
 .text.USB_DevInit
                0x08008cf8       0x28 Build_STM32G431_Candlelight_WeActStudioV2/STM32Cube/libstm32cube.a(stm32g4xx_ll_usb.o)
                0x08008cf8                USB_DevInit
 .text.USB_ActivateEndpoint
                0x08008d20      0x43c Build_STM32G431_Candlelight_WeActStudioV2/STM32Cube/libstm32cube.a(stm32g4xx_ll_usb.o)
                0x08008d20                USB_ActivateEndpoint
 .text.USB_DeactivateEndpoint
                0x0800915c      0x1c4 Build_STM32G431_Candlelight_WeActStudioV2/STM32Cube/libstm32cube.a(stm32g4xx_ll_usb.o)
                0x0800915c                USB_DeactivateEndpoint
 .text.USB_EPStartXfer
                0x08009320      0x354 Build_STM32G431_Candlelight_WeActStudioV2/STM32Cube/libstm32cube.a(stm32g4xx_ll_usb.o)
                0x08009320                USB_EPStartXfer
 .text.USB_EPSetStall
                0x08009674       0x50 Build_STM32G431_Candlelight_WeActStudioV2/STM32Cube/libstm32cube.a(stm32g4xx_ll_usb.o)
                0x08009674                USB_EPSetStall
 .text.USB_EPClearStall
                0x080096c4       0x9c Build_STM32G431_Candlelight_WeActStudioV2/STM32Cube/libstm32cube.a(stm32g4xx_ll_usb.o)
                0x080096c4                USB_EPClearStall
 .text.USB_SetDevAddress
                0x08009760        0xc Build_STM32G431_Candlelight_WeActStudioV2/STM32Cube/libstm32cube.a(stm32g4xx_ll_usb.o)
                0x08009760                USB_SetDevAddress
 .text.USB_DevConnect
                0x0800976c       0x18 Build_STM32G431_Candlelight_WeActStudioV2/STM32Cube/libstm32cube.a(stm32g4xx_ll_usb.o)
                0x0800976c                USB_DevConnect
 .text.USB_ReadInterrupts
                0x08009784        0x8 Build_STM32G431_Candlelight_WeActStudioV2/STM32Cube/libstm32cube.a(stm32g4xx_ll_usb.o)
                0x08009784                USB_ReadInterrupts
 .text.USB_WritePMA
                0x0800978c       0x20 Build_STM32G431_Candlelight_WeActStudioV2/STM32Cube/libstm32cube.a(stm32g4xx_ll_usb.o)
                0x0800978c                USB_WritePMA
 .text.USB_ReadPMA
                0x080097ac       0x54 Build_STM32G431_Candlelight_WeActStudioV2/STM32Cube/libstm32cube.a(stm32g4xx_ll_usb.o)
                0x080097ac                USB_ReadPMA
 *(.glue_7)
 .glue_7        0x08009800        0x0 linker stubs
 *(.glue_7t)
 .glue_7t       0x08009800        0x0 linker stubs
 *(.eh_frame)
 .eh_frame      0x08009800        0x0 /usr/lib/gcc/arm-none-eabi/13.2.1/thumb/v7e-m/nofp/crtbegin.o
 *(.init)
 .init          0x08009800        0x4 /usr/lib/gcc/arm-none-eabi/13.2.1/thumb/v7e-m/nofp/crti.o
                0x08009800                _init
 .init          0x08009804        0x8 /usr/lib/gcc/arm-none-eabi/13.2.1/thumb/v7e-m/nofp/crtn.o
 *(.fini)
 .fini          0x0800980c        0x4 /usr/lib/gcc/arm-none-eabi/13.2.1/thumb/v7e-m/nofp/crti.o
                0x0800980c                _fini
 .fini          0x08009810        0x8 /usr/lib/gcc/arm-none-eabi/13.2.1/thumb/v7e-m/nofp/crtn.o
                0x08009818                        . = ALIGN (0x4)
                0x08009818                        _etext = .

.vfp11_veneer   0x08009818        0x0
 .vfp11_veneer  0x08009818        0x0 linker stubs

.v4_bx          0x08009818        0x0
 .v4_bx         0x08009818        0x0 linker stubs

.iplt           0x08009818        0x0
 .iplt          0x08009818        0x0 /usr/lib/gcc/arm-none-eabi/13.2.1/thumb/v7e-m/nofp/crtbegin.o

.rodata         0x08009818      0x268
                0x08009818                        . = ALIGN (0x4)
 *(.rodata)
 *(.rodata*)
 .rodata.APBPrescTable
                0x08009818        0x8 Build_STM32G431_Candlelight_WeActStudioV2/system_STM32G4xx.o
                0x08009818                APBPrescTable
 .rodata.AHBPrescTable
                0x08009820       0x10 Build_STM32G431_Candlelight_WeActStudioV2/system_STM32G4xx.o
                0x08009820                AHBPrescTable
 .rodata.can_recover_bus_off.str1.4
                0x08009830      0x225 Build_STM32G431_Candlelight_WeActStudioV2/can.o
                                 0x47 (size before relaxing)
 .rodata.can_print_info.str1.4
                0x08009a55       0x46 Build_STM32G431_Candlelight_WeActStudioV2/can.o
 .rodata.can_process.str1.4
                0x08009a55       0x28 Build_STM32G431_Candlelight_WeActStudioV2/can.o
 .rodata.str1.4
                0x08009a55       0x3e Build_STM32G431_Candlelight_WeActStudioV2/can.o
 *fill*         0x08009a55        0x3 
 .rodata.CSWTCH.34
                0x08009a58       0x10 Build_STM32G431_Candlelight_WeActStudioV2/can.o
 .rodata.utils_format_bitrate.str1.4
                0x08009a68       0x3a Build_STM32G431_Candlelight_WeActStudioV2/utils.o
 .rodata.CSWTCH.18
                0x08009a68        0x7 Build_STM32G431_Candlelight_WeActStudioV2/utils.o
 .rodata.USBD_StdDevReq.str1.4
                0x08009a6f       0x4d Build_STM32G431_Candlelight_WeActStudioV2/usb_ctrlreq.o
 .rodata.control_init.str1.4
                0x08009a6f       0x1a Build_STM32G431_Candlelight_WeActStudioV2/Candlelight/control.o
 .rodata.control_send_debug_mesg.str1.4
                0x08009a6f       0x15 Build_STM32G431_Candlelight_WeActStudioV2/Candlelight/control.o
 .rodata.USBD_GetUserStringDescr.str1.4
                0x08009a6f       0x39 Build_STM32G431_Candlelight_WeActStudioV2/Candlelight/usb_class.o
 *fill*         0x08009a6f        0x1 
 .rodata.DLCtoBytes
                0x08009a70       0x10 Build_STM32G431_Candlelight_WeActStudioV2/STM32Cube/libstm32cube.a(stm32g4xx_hal_fdcan.o)
 .rodata.str1.4
                0x08009a80       0x13 /usr/lib/gcc/arm-none-eabi/13.2.1/../../../arm-none-eabi/lib/thumb/v7e-m/nofp/libc_nano.a(libc_a-nano-svfprintf.o)
 .rodata.str1.4
                0x08009a80       0x25 /usr/lib/gcc/arm-none-eabi/13.2.1/../../../arm-none-eabi/lib/thumb/v7e-m/nofp/libc_nano.a(libc_a-nano-vfprintf_i.o)
                0x08009aa8                        . = ALIGN (0x4)

.ARM.extab
 *(.ARM.extab* .gnu.linkonce.armextab.*)

.ARM            0x08009a80        0x8
                0x08009a80                        __exidx_start = .
 *(.ARM.exidx*)
 .ARM.exidx     0x08009a80        0x8 /usr/lib/gcc/arm-none-eabi/13.2.1/../../../arm-none-eabi/lib/thumb/v7e-m/nofp/libc_nano.a(libc_a-strlen.o)
 .ARM.exidx     0x08009a88        0x0 /usr/lib/gcc/arm-none-eabi/13.2.1/../../../arm-none-eabi/lib/thumb/v7e-m/nofp/libc_nano.a(libc_a-memchr.o)
                                  0x8 (size before relaxing)
 .ARM.exidx     0x08009a88        0x0 /usr/lib/gcc/arm-none-eabi/13.2.1/../../../arm-none-eabi/lib/thumb/v7e-m/nofp/libc_nano.a(libc_a-memcpy.o)
                                  0x8 (size before relaxing)
                0x08009a88                        __exidx_end = .

.rel.dyn        0x08009a88        0x0
 .rel.iplt      0x08009a88        0x0 /usr/lib/gcc/arm-none-eabi/13.2.1/thumb/v7e-m/nofp/crtbegin.o

.preinit_array  0x08009a88        0x0
                0x08009a88                        PROVIDE (__preinit_array_start = .)
 *(.preinit_array*)
                0x08009a88                        PROVIDE (__preinit_array_end = .)

.init_array     0x08009a88        0x4
                0x08009a88                        PROVIDE (__init_array_start = .)
 *(SORT_BY_NAME(.init_array.*))
 *(.init_array*)
 .init_array    0x08009a88        0x4 /usr/lib/gcc/arm-none-eabi/13.2.1/thumb/v7e-m/nofp/crtbegin.o
                0x08009a8c                        PROVIDE (__init_array_end = .)

.fini_array     0x08009a8c        0x4
                0x08009a8c                        PROVIDE (__fini_array_start = .)
 *(SORT_BY_NAME(.fini_array.*))
 *(.fini_array*)
 .fini_array    0x08009a8c        0x4 /usr/lib/gcc/arm-none-eabi/13.2.1/thumb/v7e-m/nofp/crtbegin.o
                0x08009a90                        PROVIDE (__fini_array_end = .)
                0x08009a90                        _sidata = LOADADDR (.data)

.data           0x20000000      0x1fc load address 0x08009a90
                0x20000000                        . = ALIGN (0x4)
                0x20000000                        _sdata = .
 *(.data)
 .data          0x20000000       0x50 /usr/lib/gcc/arm-none-eabi/13.2.1/../../../arm-none-eabi/lib/thumb/v7e-m/nofp/libc_nano.a(libc_a-impure.o)
                0x20000000                _impure_ptr
                0x20000004                _impure_data
 *(.data*)
 .data.blink_leds
                0x20000050        0x1 Build_STM32G431_Candlelight_WeActStudioV2/main.o
                0x20000050                blink_leds
 *fill*         0x20000051        0x3 
 .data.SystemCoreClock
                0x20000054        0x4 Build_STM32G431_Candlelight_WeActStudioV2/system_STM32G4xx.o
                0x20000054                SystemCoreClock
 .data.SET_TermPins
                0x20000058        0x4 Build_STM32G431_Candlelight_WeActStudioV2/can.o
                0x20000058                SET_TermPins
 .data.SET_TermPorts
                0x2000005c        0x4 Build_STM32G431_Candlelight_WeActStudioV2/can.o
                0x2000005c                SET_TermPorts
 .data.SET_CanAlternates
                0x20000060        0x1 Build_STM32G431_Candlelight_WeActStudioV2/can.o
                0x20000060                SET_CanAlternates
 *fill*         0x20000061        0x3 
 .data.SET_CanPins
                0x20000064        0x4 Build_STM32G431_Candlelight_WeActStudioV2/can.o
                0x20000064                SET_CanPins
 .data.SET_CanPorts
                0x20000068        0x4 Build_STM32G431_Candlelight_WeActStudioV2/can.o
                0x20000068                SET_CanPorts
 .data.SET_CanInterfaces
                0x2000006c        0x4 Build_STM32G431_Candlelight_WeActStudioV2/can.o
                0x2000006c                SET_CanInterfaces
 .data.SET_LedRxPins
                0x20000070        0x4 Build_STM32G431_Candlelight_WeActStudioV2/led.o
                0x20000070                SET_LedRxPins
 .data.SET_LedRxPorts
                0x20000074        0x4 Build_STM32G431_Candlelight_WeActStudioV2/led.o
                0x20000074                SET_LedRxPorts
 .data.SET_LedTxPins
                0x20000078        0x4 Build_STM32G431_Candlelight_WeActStudioV2/led.o
                0x20000078                SET_LedTxPins
 .data.SET_LedTxPorts
                0x2000007c        0x4 Build_STM32G431_Candlelight_WeActStudioV2/led.o
                0x2000007c                SET_LedTxPorts
 .data.USBD_LangIDDesc
                0x20000080        0x4 Build_STM32G431_Candlelight_WeActStudioV2/usb_ctrlreq.o
                0x20000080                USBD_LangIDDesc
 .data.ELM_LastError
                0x20000084        0x1 Build_STM32G431_Candlelight_WeActStudioV2/Candlelight/control.o
                0x20000084                ELM_LastError
 *fill*         0x20000085        0x3 
 .data.USBD_MicrosoftExtPropertyDescr
                0x20000088       0x92 Build_STM32G431_Candlelight_WeActStudioV2/Candlelight/usb_class.o
                0x20000088                USBD_MicrosoftExtPropertyDescr
 *fill*         0x2000011a        0x2 
 .data.USBD_MicrosoftFeatureDescr
                0x2000011c       0x40 Build_STM32G431_Candlelight_WeActStudioV2/Candlelight/usb_class.o
                0x2000011c                USBD_MicrosoftFeatureDescr
 .data.USBD_ConfigDescFS
                0x2000015c       0x32 Build_STM32G431_Candlelight_WeActStudioV2/Candlelight/usb_class.o
                0x2000015c                USBD_ConfigDescFS
 *fill*         0x2000018e        0x2 
 .data.USBD_DeviceDesc
                0x20000190       0x12 Build_STM32G431_Candlelight_WeActStudioV2/Candlelight/usb_class.o
                0x20000190                USBD_DeviceDesc
 *fill*         0x200001a2        0x2 
 .data.USBD_ClassCallbacks
                0x200001a4       0x28 Build_STM32G431_Candlelight_WeActStudioV2/Candlelight/usb_class.o
                0x200001a4                USBD_ClassCallbacks
 .data.EndpointsOUT
                0x200001cc        0x3 Build_STM32G431_Candlelight_WeActStudioV2/Candlelight/usb_class.o
                0x200001cc                EndpointsOUT
 *fill*         0x200001cf        0x1 
 .data.EndpointsIN
                0x200001d0        0x3 Build_STM32G431_Candlelight_WeActStudioV2/Candlelight/usb_class.o
                0x200001d0                EndpointsIN
 *fill*         0x200001d3        0x1 
 .data.uwTickFreq
                0x200001d4        0x4 Build_STM32G431_Candlelight_WeActStudioV2/STM32Cube/libstm32cube.a(stm32g4xx_hal.o)
                0x200001d4                uwTickFreq
 .data.uwTickPrio
                0x200001d8        0x4 Build_STM32G431_Candlelight_WeActStudioV2/STM32Cube/libstm32cube.a(stm32g4xx_hal.o)
                0x200001d8                uwTickPrio
 .data.pFlash   0x200001dc       0x20 Build_STM32G431_Candlelight_WeActStudioV2/STM32Cube/libstm32cube.a(stm32g4xx_hal_flash.o)
                0x200001dc                pFlash
                0x200001fc                        . = ALIGN (0x4)
                0x200001fc                        _edata = .

.tm_clone_table
                0x200001fc        0x0 load address 0x08009c8c
 .tm_clone_table
                0x200001fc        0x0 /usr/lib/gcc/arm-none-eabi/13.2.1/thumb/v7e-m/nofp/crtbegin.o
 .tm_clone_table
                0x200001fc        0x0 /usr/lib/gcc/arm-none-eabi/13.2.1/thumb/v7e-m/nofp/crtend.o

.igot.plt       0x200001fc        0x0 load address 0x08009c8c
 .igot.plt      0x200001fc        0x0 /usr/lib/gcc/arm-none-eabi/13.2.1/thumb/v7e-m/nofp/crtbegin.o
                0x200001fc                        . = ALIGN (0x4)

.bss            0x20000200     0x56fc load address 0x08009c8c
                0x20000200                        _sbss = .
                0x20000200                        __bss_start__ = _sbss
 *(.bss)
 .bss           0x20000200       0x1c /usr/lib/gcc/arm-none-eabi/13.2.1/thumb/v7e-m/nofp/crtbegin.o
 .bss           0x2000021c        0x8 /usr/lib/gcc/arm-none-eabi/13.2.1/../../../arm-none-eabi/lib/thumb/v7e-m/nofp/libc_nano.a(libc_a-mallocr.o)
                0x2000021c                __malloc_sbrk_start
                0x20000220                __malloc_free_list
 .bss           0x20000224      0x13c /usr/lib/gcc/arm-none-eabi/13.2.1/../../../arm-none-eabi/lib/thumb/v7e-m/nofp/libc_nano.a(libc_a-findfp.o)
                0x20000224                __sf
                0x2000035c                __stdio_exit_handler
 .bss           0x20000360        0x4 /usr/lib/gcc/arm-none-eabi/13.2.1/../../../arm-none-eabi/lib/thumb/v7e-m/nofp/libc_nano.a(libc_a-reent.o)
                0x20000360                errno
 .bss           0x20000364        0x4 /usr/lib/gcc/arm-none-eabi/13.2.1/../../../arm-none-eabi/lib/thumb/v7e-m/nofp/libnosys.a(sbrk.o)
 *(.bss*)
 .bss.usb_suspend
                0x20000368        0x1 Build_STM32G431_Candlelight_WeActStudioV2/main.o
                0x20000368                usb_suspend
 *fill*         0x20000369        0x3 
 .bss.tick_last
                0x2000036c        0x4 Build_STM32G431_Candlelight_WeActStudioV2/main.o
                0x2000036c                tick_last
 .bss.timestamp_wrap
                0x20000370        0x4 Build_STM32G431_Candlelight_WeActStudioV2/system.o
                0x20000370                timestamp_wrap
 .bss.canfd_clock
                0x20000374        0x4 Build_STM32G431_Candlelight_WeActStudioV2/system.o
                0x20000374                canfd_clock
 .bss.can_inst  0x20000378      0x1a0 Build_STM32G431_Candlelight_WeActStudioV2/can.o
                0x20000378                can_inst
 .bss.GLB_UserFlags
                0x20000518        0x1 Build_STM32G431_Candlelight_WeActStudioV2/can.o
                0x20000518                GLB_UserFlags
 *fill*         0x20000519        0x3 
 .bss.err_inst  0x2000051c       0x14 Build_STM32G431_Candlelight_WeActStudioV2/error.o
                0x2000051c                err_inst
 .bss.led_inst  0x20000530       0x20 Build_STM32G431_Candlelight_WeActStudioV2/led.o
                0x20000530                led_inst
 .bss.dfu_require_reset
                0x20000550        0x1 Build_STM32G431_Candlelight_WeActStudioV2/dfu.o
 *fill*         0x20000551        0x3 
 .bss.dfu_delay_start
                0x20000554        0x4 Build_STM32G431_Candlelight_WeActStudioV2/dfu.o
 .bss.dfu_sys_memory_base
                0x20000558        0x4 Build_STM32G431_Candlelight_WeActStudioV2/dfu.o
 *fill*         0x2000055c        0x4 
 .bss.limits_data
                0x20000560       0x10 Build_STM32G431_Candlelight_WeActStudioV2/utils.o
                0x20000560                limits_data
 .bss.limits_nom
                0x20000570       0x10 Build_STM32G431_Candlelight_WeActStudioV2/utils.o
                0x20000570                limits_nom
 .bss.cfgidx.0  0x20000580        0x1 Build_STM32G431_Candlelight_WeActStudioV2/usb_ctrlreq.o
 *fill*         0x20000581        0x3 
 .bss.USBD_StrDesc
                0x20000584      0x200 Build_STM32G431_Candlelight_WeActStudioV2/usb_ctrlreq.o
                0x20000584                USBD_StrDesc
 .bss.USB_Handle
                0x20000784      0x2ac Build_STM32G431_Candlelight_WeActStudioV2/usb_core.o
                0x20000784                USB_Handle
 .bss.bSuspended
                0x20000a30        0x1 Build_STM32G431_Candlelight_WeActStudioV2/usb_lowlevel.o
                0x20000a30                bSuspended
 *fill*         0x20000a31        0x3 
 .bss.PCD_Handle
                0x20000a34      0x2dc Build_STM32G431_Candlelight_WeActStudioV2/usb_lowlevel.o
                0x20000a34                PCD_Handle
 .bss.last_setup
                0x20000d10        0x8 Build_STM32G431_Candlelight_WeActStudioV2/Candlelight/control.o
                0x20000d10                last_setup
 .bss.ep0_buf   0x20000d18      0x7d8 Build_STM32G431_Candlelight_WeActStudioV2/Candlelight/control.o
                0x20000d18                ep0_buf
 .bss.ELM_BoardInfo
                0x200014f0       0x38 Build_STM32G431_Candlelight_WeActStudioV2/Candlelight/control.o
                0x200014f0                ELM_BoardInfo
 .bss.GS_DeviceVersion
                0x20001528        0xc Build_STM32G431_Candlelight_WeActStudioV2/Candlelight/control.o
                0x20001528                GS_DeviceVersion
 .bss.GS_CapabilityFD
                0x20001534       0x48 Build_STM32G431_Candlelight_WeActStudioV2/Candlelight/control.o
                0x20001534                GS_CapabilityFD
 .bss.GS_CapabilityClassic
                0x2000157c       0x28 Build_STM32G431_Candlelight_WeActStudioV2/Candlelight/control.o
                0x2000157c                GS_CapabilityClassic
 *fill*         0x200015a4        0x4 
 .bss.buf_inst  0x200015a8     0x4334 Build_STM32G431_Candlelight_WeActStudioV2/Candlelight/buffer.o
                0x200015a8                buf_inst
 .bss.GLB_ProtoElmue
                0x200058dc        0x1 Build_STM32G431_Candlelight_WeActStudioV2/Candlelight/buffer.o
                0x200058dc                GLB_ProtoElmue
 .bss.ifalt.0   0x200058dd        0x1 Build_STM32G431_Candlelight_WeActStudioV2/Candlelight/usb_class.o
 .bss.Class_InitDone
                0x200058de        0x1 Build_STM32G431_Candlelight_WeActStudioV2/Candlelight/usb_class.o
                0x200058de                Class_InitDone
 *fill*         0x200058df        0x1 
 .bss.DFU_Status
                0x200058e0        0x6 Build_STM32G431_Candlelight_WeActStudioV2/Candlelight/usb_class.o
                0x200058e0                DFU_Status
 *fill*         0x200058e6        0x2 
 .bss.EpToChannel
                0x200058e8       0x10 Build_STM32G431_Candlelight_WeActStudioV2/Candlelight/usb_class.o
                0x200058e8                EpToChannel
 .bss.uwTick    0x200058f8        0x4 Build_STM32G431_Candlelight_WeActStudioV2/STM32Cube/libstm32cube.a(stm32g4xx_hal.o)
                0x200058f8                uwTick
 *(COMMON)
                0x200058fc                        . = ALIGN (0x4)
                0x200058fc                        _ebss = .
                0x200058fc                        __bss_end__ = _ebss

._user_heap_stack
                0x200058fc      0x604 load address 0x08009c8c
                0x20005900                        . = ALIGN (0x8)
 *fill*         0x200058fc        0x4 
                0x20005900                        PROVIDE (end = .)
                [!provide]                        PROVIDE (_end = .)
                0x20005b00                        . = (. + _Min_Heap_Size)
 *fill*         0x20005900      0x200 
                0x20005f00                        . = (. + _Min_Stack_Size)
 *fill*         0x20005b00      0x400 
                0x20005f00                        . = ALIGN (0x8)

/DISCARD/
 libc.a(*)
 libm.a(*)
 libgcc.a(*)

.ARM.attributes
                0x00000000       0x2a
 *(.ARM.attributes)
 .ARM.attributes
                0x00000000       0x1e /usr/lib/gcc/arm-none-eabi/13.2.1/thumb/v7e-m/nofp/crti.o
 .ARM.attributes
                0x0000001e       0x2e /usr/lib/gcc/arm-none-eabi/13.2.1/thumb/v7e-m/nofp/crtbegin.o
 .ARM.attributes
                0x0000004c       0x2e Build_STM32G431_Candlelight_WeActStudioV2/main.o
 .ARM.attributes
                0x0000007a       0x2e Build_STM32G431_Candlelight_WeActStudioV2/system_STM32G4xx.o
 .ARM.attributes
                0x000000a8       0x2e Build_STM32G431_Candlelight_WeActStudioV2/system.o
 .ARM.attributes
                0x000000d6       0x2e Build_STM32G431_Candlelight_WeActStudioV2/interrupts.o
 .ARM.attributes
                0x00000104       0x2e Build_STM32G431_Candlelight_WeActStudioV2/can.o
 .ARM.attributes
                0x00000132       0x2e Build_STM32G431_Candlelight_WeActStudioV2/error.o
 .ARM.attributes
                0x00000160       0x2e Build_STM32G431_Candlelight_WeActStudioV2/led.o
 .ARM.attributes
                0x0000018e       0x2e Build_STM32G431_Candlelight_WeActStudioV2/dfu.o
 .ARM.attributes
                0x000001bc       0x2e Build_STM32G431_Candlelight_WeActStudioV2/utils.o
 .ARM.attributes
                0x000001ea       0x2e Build_STM32G431_Candlelight_WeActStudioV2/usb_ctrlreq.o
 .ARM.attributes
                0x00000218       0x2e Build_STM32G431_Candlelight_WeActStudioV2/usb_ioreq.o
 .ARM.attributes
                0x00000246       0x2e Build_STM32G431_Candlelight_WeActStudioV2/usb_core.o
 .ARM.attributes
                0x00000274       0x2e Build_STM32G431_Candlelight_WeActStudioV2/usb_lowlevel.o
 .ARM.attributes
                0x000002a2       0x21 Build_STM32G431_Candlelight_WeActStudioV2/startup_STM32G431.o
 .ARM.attributes
                0x000002c3       0x2e Build_STM32G431_Candlelight_WeActStudioV2/Candlelight/control.o
 .ARM.attributes
                0x000002f1       0x2e Build_STM32G431_Candlelight_WeActStudioV2/Candlelight/buffer.o
 .ARM.attributes
                0x0000031f       0x2e Build_STM32G431_Candlelight_WeActStudioV2/Candlelight/usb_class.o
 .ARM.attributes
                0x0000034d       0x2e Build_STM32G431_Candlelight_WeActStudioV2/STM32Cube/libstm32cube.a(stm32g4xx_hal.o)
 .ARM.attributes
                0x0000037b       0x2e Build_STM32G431_Candlelight_WeActStudioV2/STM32Cube/libstm32cube.a(stm32g4xx_hal_cortex.o)
 .ARM.attributes
                0x000003a9       0x2e Build_STM32G431_Candlelight_WeActStudioV2/STM32Cube/libstm32cube.a(stm32g4xx_hal_fdcan.o)
 .ARM.attributes
                0x000003d7       0x2e Build_STM32G431_Candlelight_WeActStudioV2/STM32Cube/libstm32cube.a(stm32g4xx_hal_flash.o)
 .ARM.attributes
                0x00000405       0x2e Build_STM32G431_Candlelight_WeActStudioV2/STM32Cube/libstm32cube.a(stm32g4xx_hal_flash_ex.o)
 .ARM.attributes
                0x00000433       0x2e Build_STM32G431_Candlelight_WeActStudioV2/STM32Cube/libstm32cube.a(stm32g4xx_hal_gpio.o)
 .ARM.attributes
                0x00000461       0x2e Build_STM32G431_Candlelight_WeActStudioV2/STM32Cube/libstm32cube.a(stm32g4xx_hal_pcd.o)
 .ARM.attributes
                0x0000048f       0x2e Build_STM32G431_Candlelight_WeActStudioV2/STM32Cube/libstm32cube.a(stm32g4xx_hal_pcd_ex.o)
 .ARM.attributes
                0x000004bd       0x2e Build_STM32G431_Candlelight_WeActStudioV2/STM32Cube/libstm32cube.a(stm32g4xx_hal_pwr_ex.o)
 .ARM.attributes
                0x000004eb       0x2e Build_STM32G431_Candlelight_WeActStudioV2/STM32Cube/libstm32cube.a(stm32g4xx_hal_rcc.o)
 .ARM.attributes
                0x00000519       0x2e Build_STM32G431_Candlelight_WeActStudioV2/STM32Cube/libstm32cube.a(stm32g4xx_hal_rcc_ex.o)
 .ARM.attributes
                0x00000547       0x2e Build_STM32G431_Candlelight_WeActStudioV2/STM32Cube/libstm32cube.a(stm32g4xx_hal_tim.o)
 .ARM.attributes
                0x00000575       0x2e Build_STM32G431_Candlelight_WeActStudioV2/STM32Cube/libstm32cube.a(stm32g4xx_ll_usb.o)
 .ARM.attributes
                0x000005a3       0x2e /usr/lib/gcc/arm-none-eabi/13.2.1/../../../arm-none-eabi/lib/thumb/v7e-m/nofp/libc_nano.a(libc_a-sprintf.o)
 .ARM.attributes
                0x000005d1       0x2e /usr/lib/gcc/arm-none-eabi/13.2.1/../../../arm-none-eabi/lib/thumb/v7e-m/nofp/libc_nano.a(libc_a-strcpy.o)
 .ARM.attributes
                0x000005ff       0x2e /usr/lib/gcc/arm-none-eabi/13.2.1/../../../arm-none-eabi/lib/thumb/v7e-m/nofp/libc_nano.a(libc_a-impure.o)
 .ARM.attributes
                0x0000062d       0x2e /usr/lib/gcc/arm-none-eabi/13.2.1/../../../arm-none-eabi/lib/thumb/v7e-m/nofp/libc_nano.a(libc_a-nano-svfprintf.o)
 .ARM.attributes
                0x0000065b       0x2e /usr/lib/gcc/arm-none-eabi/13.2.1/../../../arm-none-eabi/lib/thumb/v7e-m/nofp/libc_nano.a(libc_a-init.o)
 .ARM.attributes
                0x00000689       0x1c /usr/lib/gcc/arm-none-eabi/13.2.1/../../../arm-none-eabi/lib/thumb/v7e-m/nofp/libc_nano.a(libc_a-strlen.o)
 .ARM.attributes
                0x000006a5       0x2e /usr/lib/gcc/arm-none-eabi/13.2.1/../../../arm-none-eabi/lib/thumb/v7e-m/nofp/libc_nano.a(libc_a-memset.o)
 .ARM.attributes
                0x000006d3       0x2e /usr/lib/gcc/arm-none-eabi/13.2.1/../../../arm-none-eabi/lib/thumb/v7e-m/nofp/libc_nano.a(libc_a-mallocr.o)
 .ARM.attributes
                0x00000701       0x2e /usr/lib/gcc/arm-none-eabi/13.2.1/../../../arm-none-eabi/lib/thumb/v7e-m/nofp/libc_nano.a(libc_a-freer.o)
 .ARM.attributes
                0x0000072f       0x2e /usr/lib/gcc/arm-none-eabi/13.2.1/../../../arm-none-eabi/lib/thumb/v7e-m/nofp/libc_nano.a(libc_a-memmove.o)
 .ARM.attributes
                0x0000075d       0x1c /usr/lib/gcc/arm-none-eabi/13.2.1/../../../arm-none-eabi/lib/thumb/v7e-m/nofp/libc_nano.a(libc_a-memchr.o)
 .ARM.attributes
                0x00000779       0x1c /usr/lib/gcc/arm-none-eabi/13.2.1/../../../arm-none-eabi/lib/thumb/v7e-m/nofp/libc_nano.a(libc_a-memcpy.o)
 .ARM.attributes
                0x00000795       0x2e /usr/lib/gcc/arm-none-eabi/13.2.1/../../../arm-none-eabi/lib/thumb/v7e-m/nofp/libc_nano.a(libc_a-reallocr.o)
 .ARM.attributes
                0x000007c3       0x2e /usr/lib/gcc/arm-none-eabi/13.2.1/../../../arm-none-eabi/lib/thumb/v7e-m/nofp/libc_nano.a(libc_a-nano-vfprintf_i.o)
 .ARM.attributes
                0x000007f1       0x2e /usr/lib/gcc/arm-none-eabi/13.2.1/../../../arm-none-eabi/lib/thumb/v7e-m/nofp/libc_nano.a(libc_a-mlock.o)
 .ARM.attributes
                0x0000081f       0x2e /usr/lib/gcc/arm-none-eabi/13.2.1/../../../arm-none-eabi/lib/thumb/v7e-m/nofp/libc_nano.a(libc_a-memcmp.o)
 .ARM.attributes
                0x0000084d       0x2e /usr/lib/gcc/arm-none-eabi/13.2.1/../../../arm-none-eabi/lib/thumb/v7e-m/nofp/libc_nano.a(libc_a-sbrkr.o)
 .ARM.attributes
                0x0000087b       0x2e /usr/lib/gcc/arm-none-eabi/13.2.1/../../../arm-none-eabi/lib/thumb/v7e-m/nofp/libc_nano.a(libc_a-msizer.o)
 .ARM.attributes
                0x000008a9       0x2e /usr/lib/gcc/arm-none-eabi/13.2.1/../../../arm-none-eabi/lib/thumb/v7e-m/nofp/libc_nano.a(libc_a-findfp.o)
 .ARM.attributes
                0x000008d7       0x2e /usr/lib/gcc/arm-none-eabi/13.2.1/../../../arm-none-eabi/lib/thumb/v7e-m/nofp/libc_nano.a(libc_a-reent.o)
 .ARM.attributes
                0x00000905       0x2e /usr/lib/gcc/arm-none-eabi/13.2.1/../../../arm-none-eabi/lib/thumb/v7e-m/nofp/libnosys.a(sbrk.o)
 .ARM.attributes
                0x00000933       0x2e /usr/lib/gcc/arm-none-eabi/13.2.1/thumb/v7e-m/nofp/crtend.o
 .ARM.attributes
                0x00000961       0x1e /usr/lib/gcc/arm-none-eabi/13.2.1/thumb/v7e-m/nofp/crtn.o
OUTPUT(Build_STM32G431_Candlelight_WeActStudioV2/STM32G431_Candlelight2.5_WeActStudioV2_0x260618.elf elf32-littlearm)
LOAD linker stubs
LOAD /usr/lib/gcc/arm-none-eabi/13.2.1/../../../arm-none-eabi/lib/thumb/v7e-m/nofp/libc.a
LOAD /usr/lib/gcc/arm-none-eabi/13.2.1/../../../arm-none-eabi/lib/thumb/v7e-m/nofp/libm.a
LOAD /usr/lib/gcc/arm-none-eabi/13.2.1/thumb/v7e-m/nofp/libgcc.a

.comment        0x00000000       0x26
 .comment       0x00000000       0x26 /usr/lib/gcc/arm-none-eabi/13.2.1/thumb/v7e-m/nofp/crtbegin.o
                                 0x27 (size before relaxing)
 .comment       0x00000026       0x27 Build_STM32G431_Candlelight_WeActStudioV2/main.o
 .comment       0x00000026       0x27 Build_STM32G431_Candlelight_WeActStudioV2/system_STM32G4xx.o
 .comment       0x00000026       0x27 Build_STM32G431_Candlelight_WeActStudioV2/system.o
 .comment       0x00000026       0x27 Build_STM32G431_Candlelight_WeActStudioV2/interrupts.o
 .comment       0x00000026       0x27 Build_STM32G431_Candlelight_WeActStudioV2/can.o
 .comment       0x00000026       0x27 Build_STM32G431_Candlelight_WeActStudioV2/error.o
 .comment       0x00000026       0x27 Build_STM32G431_Candlelight_WeActStudioV2/led.o
 .comment       0x00000026       0x27 Build_STM32G431_Candlelight_WeActStudioV2/dfu.o
 .comment       0x00000026       0x27 Build_STM32G431_Candlelight_WeActStudioV2/utils.o
 .comment       0x00000026       0x27 Build_STM32G431_Candlelight_WeActStudioV2/usb_ctrlreq.o
 .comment       0x00000026       0x27 Build_STM32G431_Candlelight_WeActStudioV2/usb_ioreq.o
 .comment       0x00000026       0x27 Build_STM32G431_Candlelight_WeActStudioV2/usb_core.o
 .comment       0x00000026       0x27 Build_STM32G431_Candlelight_WeActStudioV2/usb_lowlevel.o
 .comment       0x00000026       0x27 Build_STM32G431_Candlelight_WeActStudioV2/Candlelight/control.o
 .comment       0x00000026       0x27 Build_STM32G431_Candlelight_WeActStudioV2/Candlelight/buffer.o
 .comment       0x00000026       0x27 Build_STM32G431_Candlelight_WeActStudioV2/Candlelight/usb_class.o
 .comment       0x00000026       0x27 Build_STM32G431_Candlelight_WeActStudioV2/STM32Cube/libstm32cube.a(stm32g4xx_hal.o)
 .comment       0x00000026       0x27 Build_STM32G431_Candlelight_WeActStudioV2/STM32Cube/libstm32cube.a(stm32g4xx_hal_cortex.o)
 .comment       0x00000026       0x27 Build_STM32G431_Candlelight_WeActStudioV2/STM32Cube/libstm32cube.a(stm32g4xx_hal_fdcan.o)
 .comment       0x00000026       0x27 Build_STM32G431_Candlelight_WeActStudioV2/STM32Cube/libstm32cube.a(stm32g4xx_hal_flash.o)
 .comment       0x00000026       0x27 Build_STM32G431_Candlelight_WeActStudioV2/STM32Cube/libstm32cube.a(stm32g4xx_hal_flash_ex.o)
 .comment       0x00000026       0x27 Build_STM32G431_Candlelight_WeActStudioV2/STM32Cube/libstm32cube.a(stm32g4xx_hal_gpio.o)
 .comment       0x00000026       0x27 Build_STM32G431_Candlelight_WeActStudioV2/STM32Cube/libstm32cube.a(stm32g4xx_hal_pcd.o)
 .comment       0x00000026       0x27 Build_STM32G431_Candlelight_WeActStudioV2/STM32Cube/libstm32cube.a(stm32g4xx_hal_pcd_ex.o)
 .comment       0x00000026       0x27 Build_STM32G431_Candlelight_WeActStudioV2/STM32Cube/libstm32cube.a(stm32g4xx_hal_pwr_ex.o)
 .comment       0x00000026       0x27 Build_STM32G431_Candlelight_WeActStudioV2/STM32Cube/libstm32cube.a(stm32g4xx_hal_rcc.o)
 .comment       0x00000026       0x27 Build_STM32G431_Candlelight_WeActStudioV2/STM32Cube/libstm32cube.a(stm32g4xx_hal_rcc_ex.o)
 .comment       0x00000026       0x27 Build_STM32G431_Candlelight_WeActStudioV2/STM32Cube/libstm32cube.a(stm32g4xx_hal_tim.o)
 .comment       0x00000026       0x27 Build_STM32G431_Candlelight_WeActStudioV2/STM32Cube/libstm32cube.a(stm32g4xx_ll_usb.o)
 .comment       0x00000026       0x27 /usr/lib/gcc/arm-none-eabi/13.2.1/../../../arm-none-eabi/lib/thumb/v7e-m/nofp/libc_nano.a(libc_a-sprintf.o)
 .comment       0x00000026       0x27 /usr/lib/gcc/arm-none-eabi/13.2.1/../../../arm-none-eabi/lib/thumb/v7e-m/nofp/libc_nano.a(libc_a-strcpy.o)
 .comment       0x00000026       0x27 /usr/lib/gcc/arm-none-eabi/13.2.1/../../../arm-none-eabi/lib/thumb/v7e-m/nofp/libc_nano.a(libc_a-impure.o)
 .comment       0x00000026       0x27 /usr/lib/gcc/arm-none-eabi/13.2.1/../../../arm-none-eabi/lib/thumb/v7e-m/nofp/libc_nano.a(libc_a-nano-svfprintf.o)
 .comment       0x00000026       0x27 /usr/lib/gcc/arm-none-eabi/13.2.1/../../../arm-none-eabi/lib/thumb/v7e-m/nofp/libc_nano.a(libc_a-init.o)
 .comment       0x00000026       0x27 /usr/lib/gcc/arm-none-eabi/13.2.1/../../../arm-none-eabi/lib/thumb/v7e-m/nofp/libc_nano.a(libc_a-memset.o)
 .comment       0x00000026       0x27 /usr/lib/gcc/arm-none-eabi/13.2.1/../../../arm-none-eabi/lib/thumb/v7e-m/nofp/libc_nano.a(libc_a-mallocr.o)
 .comment       0x00000026       0x27 /usr/lib/gcc/arm-none-eabi/13.2.1/../../../arm-none-eabi/lib/thumb/v7e-m/nofp/libc_nano.a(libc_a-freer.o)
 .comment       0x00000026       0x27 /usr/lib/gcc/arm-none-eabi/13.2.1/../../../arm-none-eabi/lib/thumb/v7e-m/nofp/libc_nano.a(libc_a-memmove.o)
 .comment       0x00000026       0x27 /usr/lib/gcc/arm-none-eabi/13.2.1/../../../arm-none-eabi/lib/thumb/v7e-m/nofp/libc_nano.a(libc_a-reallocr.o)
 .comment       0x00000026       0x27 /usr/lib/gcc/arm-none-eabi/13.2.1/../../../arm-none-eabi/lib/thumb/v7e-m/nofp/libc_nano.a(libc_a-nano-vfprintf_i.o)
 .comment       0x00000026       0x27 /usr/lib/gcc/arm-none-eabi/13.2.1/../../../arm-none-eabi/lib/thumb/v7e-m/nofp/libc_nano.a(libc_a-mlock.o)
 .comment       0x00000026       0x27 /usr/lib/gcc/arm-none-eabi/13.2.1/../../../arm-none-eabi/lib/thumb/v7e-m/nofp/libc_nano.a(libc_a-memcmp.o)
 .comment       0x00000026       0x27 /usr/lib/gcc/arm-none-eabi/13.2.1/../../../arm-none-eabi/lib/thumb/v7e-m/nofp/libc_nano.a(libc_a-sbrkr.o)
 .comment       0x00000026       0x27 /usr/lib/gcc/arm-none-eabi/13.2.1/../../../arm-none-eabi/lib/thumb/v7e-m/nofp/libc_nano.a(libc_a-msizer.o)
 .comment       0x00000026       0x27 /usr/lib/gcc/arm-none-eabi/13.2.1/../../../arm-none-eabi/lib/thumb/v7e-m/nofp/libc_nano.a(libc_a-findfp.o)
 .comment       0x00000026       0x27 /usr/lib/gcc/arm-none-eabi/13.2.1/../../../arm-none-eabi/lib/thumb/v7e-m/nofp/libc_nano.a(libc_a-reent.o)
 .comment       0x00000026       0x27 /usr/lib/gcc/arm-none-eabi/13.2.1/../../../arm-none-eabi/lib/thumb/v7e-m/nofp/libnosys.a(sbrk.o)
 .comment       0x00000026       0x27 /usr/lib/gcc/arm-none-eabi/13.2.1/thumb/v7e-m/nofp/crtend.o

.debug_info     0x00000000    0x2c560
 .debug_info    0x00000000      0x34a Build_STM32G431_Candlelight_WeActStudioV2/main.o
 .debug_info    0x0000034a      0x576 Build_STM32G431_Candlelight_WeActStudioV2/system_STM32G4xx.o
 .debug_info    0x000008c0     0x2095 Build_STM32G431_Candlelight_WeActStudioV2/system.o
 .debug_info    0x00002955      0xbac Build_STM32G431_Candlelight_WeActStudioV2/interrupts.o
 .debug_info    0x00003501     0x2f44 Build_STM32G431_Candlelight_WeActStudioV2/can.o
 .debug_info    0x00006445      0xb17 Build_STM32G431_Candlelight_WeActStudioV2/error.o
 .debug_info    0x00006f5c      0xe6b Build_STM32G431_Candlelight_WeActStudioV2/led.o
 .debug_info    0x00007dc7      0x739 Build_STM32G431_Candlelight_WeActStudioV2/dfu.o
 .debug_info    0x00008500      0x69f Build_STM32G431_Candlelight_WeActStudioV2/utils.o
 .debug_info    0x00008b9f      0xec6 Build_STM32G431_Candlelight_WeActStudioV2/usb_ctrlreq.o
 .debug_info    0x00009a65      0x51e Build_STM32G431_Candlelight_WeActStudioV2/usb_ioreq.o
 .debug_info    0x00009f83      0x935 Build_STM32G431_Candlelight_WeActStudioV2/usb_core.o
 .debug_info    0x0000a8b8     0x1a04 Build_STM32G431_Candlelight_WeActStudioV2/usb_lowlevel.o
 .debug_info    0x0000c2bc       0x30 Build_STM32G431_Candlelight_WeActStudioV2/startup_STM32G431.o
 .debug_info    0x0000c2ec     0x204b Build_STM32G431_Candlelight_WeActStudioV2/Candlelight/control.o
 .debug_info    0x0000e337     0x3cbb Build_STM32G431_Candlelight_WeActStudioV2/Candlelight/buffer.o
 .debug_info    0x00011ff2     0x1852 Build_STM32G431_Candlelight_WeActStudioV2/Candlelight/usb_class.o
 .debug_info    0x00013844      0xcc7 Build_STM32G431_Candlelight_WeActStudioV2/STM32Cube/libstm32cube.a(stm32g4xx_hal.o)
 .debug_info    0x0001450b      0xfae Build_STM32G431_Candlelight_WeActStudioV2/STM32Cube/libstm32cube.a(stm32g4xx_hal_cortex.o)
 .debug_info    0x000154b9     0x1c2d Build_STM32G431_Candlelight_WeActStudioV2/STM32Cube/libstm32cube.a(stm32g4xx_hal_fdcan.o)
 .debug_info    0x000170e6      0xb4e Build_STM32G431_Candlelight_WeActStudioV2/STM32Cube/libstm32cube.a(stm32g4xx_hal_flash.o)
 .debug_info    0x00017c34      0xcda Build_STM32G431_Candlelight_WeActStudioV2/STM32Cube/libstm32cube.a(stm32g4xx_hal_flash_ex.o)
 .debug_info    0x0001890e      0x779 Build_STM32G431_Candlelight_WeActStudioV2/STM32Cube/libstm32cube.a(stm32g4xx_hal_gpio.o)
 .debug_info    0x00019087     0x1e36 Build_STM32G431_Candlelight_WeActStudioV2/STM32Cube/libstm32cube.a(stm32g4xx_hal_pcd.o)
 .debug_info    0x0001aebd      0x94a Build_STM32G431_Candlelight_WeActStudioV2/STM32Cube/libstm32cube.a(stm32g4xx_hal_pcd_ex.o)
 .debug_info    0x0001b807      0x977 Build_STM32G431_Candlelight_WeActStudioV2/STM32Cube/libstm32cube.a(stm32g4xx_hal_pwr_ex.o)