Archive member included to satisfy reference by file (symbol)

Build_STM32G431_Slcan_WeActStudioV2/STM32Cube/libstm32cube.a(stm32g4xx_hal.o)
                              Build_STM32G431_Slcan_WeActStudioV2/dfu.o (HAL_DeInit)
Build_STM32G431_Slcan_WeActStudioV2/STM32Cube/libstm32cube.a(stm32g4xx_hal_cortex.o)
                              Build_STM32G431_Slcan_WeActStudioV2/STM32Cube/libstm32cube.a(stm32g4xx_hal.o) (HAL_NVIC_SetPriorityGrouping)
Build_STM32G431_Slcan_WeActStudioV2/STM32Cube/libstm32cube.a(stm32g4xx_hal_fdcan.o)
                              Build_STM32G431_Slcan_WeActStudioV2/can.o (HAL_FDCAN_Init)
Build_STM32G431_Slcan_WeActStudioV2/STM32Cube/libstm32cube.a(stm32g4xx_hal_flash.o)
                              Build_STM32G431_Slcan_WeActStudioV2/system.o (HAL_FLASH_Program)
Build_STM32G431_Slcan_WeActStudioV2/STM32Cube/libstm32cube.a(stm32g4xx_hal_flash_ex.o)
                              Build_STM32G431_Slcan_WeActStudioV2/system.o (HAL_FLASHEx_Erase)
Build_STM32G431_Slcan_WeActStudioV2/STM32Cube/libstm32cube.a(stm32g4xx_hal_gpio.o)
                              Build_STM32G431_Slcan_WeActStudioV2/can.o (HAL_GPIO_Init)
Build_STM32G431_Slcan_WeActStudioV2/STM32Cube/libstm32cube.a(stm32g4xx_hal_pcd.o)
                              Build_STM32G431_Slcan_WeActStudioV2/usb_lowlevel.o (HAL_PCD_Init)
Build_STM32G431_Slcan_WeActStudioV2/STM32Cube/libstm32cube.a(stm32g4xx_hal_pcd_ex.o)
                              Build_STM32G431_Slcan_WeActStudioV2/usb_lowlevel.o (HAL_PCDEx_PMAConfig)
Build_STM32G431_Slcan_WeActStudioV2/STM32Cube/libstm32cube.a(stm32g4xx_hal_pwr_ex.o)
                              Build_STM32G431_Slcan_WeActStudioV2/system.o (HAL_PWREx_ControlVoltageScaling)
Build_STM32G431_Slcan_WeActStudioV2/STM32Cube/libstm32cube.a(stm32g4xx_hal_rcc.o)
                              Build_STM32G431_Slcan_WeActStudioV2/dfu.o (HAL_RCC_DeInit)
Build_STM32G431_Slcan_WeActStudioV2/STM32Cube/libstm32cube.a(stm32g4xx_hal_rcc_ex.o)
                              Build_STM32G431_Slcan_WeActStudioV2/system.o (HAL_RCCEx_PeriphCLKConfig)
Build_STM32G431_Slcan_WeActStudioV2/STM32Cube/libstm32cube.a(stm32g4xx_hal_tim.o)
                              Build_STM32G431_Slcan_WeActStudioV2/system.o (HAL_TIM_Base_Init)
Build_STM32G431_Slcan_WeActStudioV2/STM32Cube/libstm32cube.a(stm32g4xx_hal_tim_ex.o)
                              Build_STM32G431_Slcan_WeActStudioV2/STM32Cube/libstm32cube.a(stm32g4xx_hal_tim.o) (TIMEx_DMACommutationCplt)
Build_STM32G431_Slcan_WeActStudioV2/STM32Cube/libstm32cube.a(stm32g4xx_ll_usb.o)
                              Build_STM32G431_Slcan_WeActStudioV2/STM32Cube/libstm32cube.a(stm32g4xx_hal_pcd.o) (USB_EnableGlobalInt)
Build_STM32G431_Slcan_WeActStudioV2/STM32Cube/libstm32cube.a(stm32g4xx_hal_dma.o)
                              Build_STM32G431_Slcan_WeActStudioV2/STM32Cube/libstm32cube.a(stm32g4xx_hal_tim.o) (HAL_DMA_Start_IT)
Build_STM32G431_Slcan_WeActStudioV2/STM32Cube/libstm32cube.a(stm32g4xx_hal_pwr.o)
                              Build_STM32G431_Slcan_WeActStudioV2/STM32Cube/libstm32cube.a(stm32g4xx_hal_rcc_ex.o) (HAL_PWR_EnableBkUpAccess)
/usr/lib/gcc/arm-none-eabi/13.2.1/../../../arm-none-eabi/lib/thumb/v7e-m/nofp/libc_nano.a(libc_a-sprintf.o)
                              Build_STM32G431_Slcan_WeActStudioV2/can.o (sprintf)
/usr/lib/gcc/arm-none-eabi/13.2.1/../../../arm-none-eabi/lib/thumb/v7e-m/nofp/libc_nano.a(libc_a-strcpy.o)
                              Build_STM32G431_Slcan_WeActStudioV2/can.o (strcpy)
/usr/lib/gcc/arm-none-eabi/13.2.1/../../../arm-none-eabi/lib/thumb/v7e-m/nofp/libc_nano.a(libc_a-impure.o)
                              /usr/lib/gcc/arm-none-eabi/13.2.1/../../../arm-none-eabi/lib/thumb/v7e-m/nofp/libc_nano.a(libc_a-sprintf.o) (_impure_ptr)
/usr/lib/gcc/arm-none-eabi/13.2.1/../../../arm-none-eabi/lib/thumb/v7e-m/nofp/libc_nano.a(libc_a-nano-svfprintf.o)
                              /usr/lib/gcc/arm-none-eabi/13.2.1/../../../arm-none-eabi/lib/thumb/v7e-m/nofp/libc_nano.a(libc_a-sprintf.o) (_svfprintf_r)
/usr/lib/gcc/arm-none-eabi/13.2.1/../../../arm-none-eabi/lib/thumb/v7e-m/nofp/libc_nano.a(libc_a-init.o)
                              /usr/lib/gcc/arm-none-eabi/13.2.1/../../../arm-none-eabi/lib/thumb/v7e-m/nofp/crt0.o (__libc_init_array)
/usr/lib/gcc/arm-none-eabi/13.2.1/../../../arm-none-eabi/lib/thumb/v7e-m/nofp/libc_nano.a(libc_a-strlen.o)
                              Build_STM32G431_Slcan_WeActStudioV2/can.o (strlen)
/usr/lib/gcc/arm-none-eabi/13.2.1/../../../arm-none-eabi/lib/thumb/v7e-m/nofp/libc_nano.a(libc_a-memset.o)
                              /usr/lib/gcc/arm-none-eabi/13.2.1/../../../arm-none-eabi/lib/thumb/v7e-m/nofp/crt0.o (memset)
/usr/lib/gcc/arm-none-eabi/13.2.1/../../../arm-none-eabi/lib/thumb/v7e-m/nofp/libc_nano.a(libc_a-mallocr.o)
                              /usr/lib/gcc/arm-none-eabi/13.2.1/../../../arm-none-eabi/lib/thumb/v7e-m/nofp/libc_nano.a(libc_a-nano-svfprintf.o) (_malloc_r)
[...]
Memory Configuration

Name             Origin             Length             Attributes
RAM              0x20000000         0x00008000         xrw
FLASH            0x08000000         0x0001f800         xr
DATA             0x0801f800         0x00000800         xr
*default*        0x00000000         0xffffffff

Linker script and memory map

LOAD /usr/lib/gcc/arm-none-eabi/13.2.1/thumb/v7e-m/nofp/crti.o
LOAD /usr/lib/gcc/arm-none-eabi/13.2.1/thumb/v7e-m/nofp/crtbegin.o
LOAD /usr/lib/gcc/arm-none-eabi/13.2.1/../../../arm-none-eabi/lib/thumb/v7e-m/nofp/crt0.o
LOAD Build_STM32G431_Slcan_WeActStudioV2/main.o
LOAD Build_STM32G431_Slcan_WeActStudioV2/system_STM32G4xx.o
LOAD Build_STM32G431_Slcan_WeActStudioV2/system.o
LOAD Build_STM32G431_Slcan_WeActStudioV2/interrupts.o
LOAD Build_STM32G431_Slcan_WeActStudioV2/can.o
LOAD Build_STM32G431_Slcan_WeActStudioV2/error.o
LOAD Build_STM32G431_Slcan_WeActStudioV2/led.o
LOAD Build_STM32G431_Slcan_WeActStudioV2/dfu.o
LOAD Build_STM32G431_Slcan_WeActStudioV2/utils.o
LOAD Build_STM32G431_Slcan_WeActStudioV2/usb_ctrlreq.o
LOAD Build_STM32G431_Slcan_WeActStudioV2/usb_ioreq.o
LOAD Build_STM32G431_Slcan_WeActStudioV2/usb_core.o
LOAD Build_STM32G431_Slcan_WeActStudioV2/usb_lowlevel.o
LOAD Build_STM32G431_Slcan_WeActStudioV2/startup_STM32G431.o
LOAD Build_STM32G431_Slcan_WeActStudioV2/Slcan/control.o
LOAD Build_STM32G431_Slcan_WeActStudioV2/Slcan/buffer.o
LOAD Build_STM32G431_Slcan_WeActStudioV2/Slcan/usb_class.o
LOAD Build_STM32G431_Slcan_WeActStudioV2/Slcan/usb_interface.o
LOAD Build_STM32G431_Slcan_WeActStudioV2/STM32Cube/libstm32cube.a
LOAD /usr/lib/gcc/arm-none-eabi/13.2.1/../../../arm-none-eabi/lib/thumb/v7e-m/nofp/libc_nano.a
LOAD /usr/lib/gcc/arm-none-eabi/13.2.1/../../../arm-none-eabi/lib/thumb/v7e-m/nofp/libm.a
LOAD /usr/lib/gcc/arm-none-eabi/13.2.1/../../../arm-none-eabi/lib/thumb/v7e-m/nofp/libnosys.a
START GROUP
LOAD /usr/lib/gcc/arm-none-eabi/13.2.1/thumb/v7e-m/nofp/libgcc.a
LOAD /usr/lib/gcc/arm-none-eabi/13.2.1/../../../arm-none-eabi/lib/thumb/v7e-m/nofp/libg_nano.a
LOAD /usr/lib/gcc/arm-none-eabi/13.2.1/../../../arm-none-eabi/lib/thumb/v7e-m/nofp/libc_nano.a
END GROUP
START GROUP
LOAD /usr/lib/gcc/arm-none-eabi/13.2.1/thumb/v7e-m/nofp/libgcc.a
LOAD /usr/lib/gcc/arm-none-eabi/13.2.1/../../../arm-none-eabi/lib/thumb/v7e-m/nofp/libc_nano.a
LOAD /usr/lib/gcc/arm-none-eabi/13.2.1/../../../arm-none-eabi/lib/thumb/v7e-m/nofp/libnosys.a
END GROUP
START GROUP
LOAD /usr/lib/gcc/arm-none-eabi/13.2.1/thumb/v7e-m/nofp/libgcc.a
LOAD /usr/lib/gcc/arm-none-eabi/13.2.1/../../../arm-none-eabi/lib/thumb/v7e-m/nofp/libc_nano.a
LOAD /usr/lib/gcc/arm-none-eabi/13.2.1/../../../arm-none-eabi/lib/thumb/v7e-m/nofp/libnosys.a
END GROUP
LOAD /usr/lib/gcc/arm-none-eabi/13.2.1/thumb/v7e-m/nofp/crtend.o
LOAD /usr/lib/gcc/arm-none-eabi/13.2.1/thumb/v7e-m/nofp/crtn.o
                0x20008000                        _estack = 0x20008000
                0x00000200                        _Min_Heap_Size = 0x200
                0x00000400                        _Min_Stack_Size = 0x400

.isr_vector     0x08000000      0x1d8
                0x08000000                        . = ALIGN (0x4)
 *(.isr_vector)
 .isr_vector    0x08000000      0x1d8 Build_STM32G431_Slcan_WeActStudioV2/startup_STM32G431.o
                0x08000000                g_pfnVectors
                0x080001d8                        . = ALIGN (0x4)

.text           0x08000200     0x98e4
                0x08000200                        . = ALIGN (0x4)
 *(.text)
 .text          0x08000200       0x88 /usr/lib/gcc/arm-none-eabi/13.2.1/thumb/v7e-m/nofp/crtbegin.o
 .text          0x08000288       0x80 /usr/lib/gcc/arm-none-eabi/13.2.1/../../../arm-none-eabi/lib/thumb/v7e-m/nofp/libc_nano.a(libc_a-sprintf.o)
                0x08000288                _siprintf_r
                0x08000288                _sprintf_r
                0x080002c4                sprintf
                0x080002c4                siprintf
 .text          0x08000308       0xbc /usr/lib/gcc/arm-none-eabi/13.2.1/../../../arm-none-eabi/lib/thumb/v7e-m/nofp/libc_nano.a(libc_a-strcpy.o)
                0x08000308                strcpy
 .text          0x080003c4      0x400 /usr/lib/gcc/arm-none-eabi/13.2.1/../../../arm-none-eabi/lib/thumb/v7e-m/nofp/libc_nano.a(libc_a-nano-svfprintf.o)
                0x080003c4                __ssputs_r
                0x08000484                __ssprint_r
                0x0800058c                _svfprintf_r
                0x0800058c                _svfiprintf_r
 .text          0x080007c4       0x50 /usr/lib/gcc/arm-none-eabi/13.2.1/../../../arm-none-eabi/lib/thumb/v7e-m/nofp/libc_nano.a(libc_a-init.o)
                0x080007c4                __libc_init_array
 *fill*         0x08000814       0x2c 
 .text          0x08000840       0xd8 /usr/lib/gcc/arm-none-eabi/13.2.1/../../../arm-none-eabi/lib/thumb/v7e-m/nofp/libc_nano.a(libc_a-strlen.o)
                0x08000840                strlen
 .text          0x08000918       0xa4 /usr/lib/gcc/arm-none-eabi/13.2.1/../../../arm-none-eabi/lib/thumb/v7e-m/nofp/libc_nano.a(libc_a-memset.o)
                0x08000918                memset
 .text          0x080009bc      0x148 /usr/lib/gcc/arm-none-eabi/13.2.1/../../../arm-none-eabi/lib/thumb/v7e-m/nofp/libc_nano.a(libc_a-mallocr.o)
                0x08000a04                _malloc_r
 .text          0x08000b04       0xbc /usr/lib/gcc/arm-none-eabi/13.2.1/../../../arm-none-eabi/lib/thumb/v7e-m/nofp/libc_nano.a(libc_a-freer.o)
                0x08000b04                _free_r
 .text          0x08000bc0      0x100 /usr/lib/gcc/arm-none-eabi/13.2.1/../../../arm-none-eabi/lib/thumb/v7e-m/nofp/libc_nano.a(libc_a-memmove.o)
                0x08000bc0                memmove
 .text          0x08000cc0       0xa0 /usr/lib/gcc/arm-none-eabi/13.2.1/../../../arm-none-eabi/lib/thumb/v7e-m/nofp/libc_nano.a(libc_a-memchr.o)
                0x08000cc0                memchr
 .text          0x08000d60      0x134 /usr/lib/gcc/arm-none-eabi/13.2.1/../../../arm-none-eabi/lib/thumb/v7e-m/nofp/libc_nano.a(libc_a-memcpy.o)
                0x08000d60                memcpy
 .text          0x08000e94       0x64 /usr/lib/gcc/arm-none-eabi/13.2.1/../../../arm-none-eabi/lib/thumb/v7e-m/nofp/libc_nano.a(libc_a-reallocr.o)
                0x08000e94                _realloc_r
 .text          0x08000ef8      0x3a8 /usr/lib/gcc/arm-none-eabi/13.2.1/../../../arm-none-eabi/lib/thumb/v7e-m/nofp/libc_nano.a(libc_a-nano-vfprintf_i.o)
                0x08000ef8                _printf_common
                0x0800101c                _printf_i
 .text          0x080012a0        0x8 /usr/lib/gcc/arm-none-eabi/13.2.1/../../../arm-none-eabi/lib/thumb/v7e-m/nofp/libc_nano.a(libc_a-mlock.o)
                0x080012a0                __malloc_lock
                0x080012a4                __malloc_unlock
 .text          0x080012a8       0x8c /usr/lib/gcc/arm-none-eabi/13.2.1/../../../arm-none-eabi/lib/thumb/v7e-m/nofp/libc_nano.a(libc_a-strncmp.o)
                0x080012a8                strncmp
 *fill*         0x08001334        0xc 
 .text          0x08001340      0x2e0 /usr/lib/gcc/arm-none-eabi/13.2.1/../../../arm-none-eabi/lib/thumb/v7e-m/nofp/libc_nano.a(libc_a-strcmp.o)
                0x08001340                strcmp
 .text          0x08001620       0x5c /usr/lib/gcc/arm-none-eabi/13.2.1/../../../arm-none-eabi/lib/thumb/v7e-m/nofp/libc_nano.a(libc_a-memcmp.o)
                0x08001620                memcmp
 .text          0x0800167c       0x24 /usr/lib/gcc/arm-none-eabi/13.2.1/../../../arm-none-eabi/lib/thumb/v7e-m/nofp/libc_nano.a(libc_a-sbrkr.o)
                0x0800167c                _sbrk_r
 .text          0x080016a0       0x10 /usr/lib/gcc/arm-none-eabi/13.2.1/../../../arm-none-eabi/lib/thumb/v7e-m/nofp/libc_nano.a(libc_a-msizer.o)
                0x080016a0                _malloc_usable_size_r
 .text          0x080016b0       0x1c /usr/lib/gcc/arm-none-eabi/13.2.1/../../../arm-none-eabi/lib/thumb/v7e-m/nofp/libnosys.a(sbrk.o)
                0x080016b0                _sbrk
 *(.text*)
 .text.startup.main
                0x080016cc       0xb0 Build_STM32G431_Slcan_WeActStudioV2/main.o
                0x080016cc                main
 .text.SystemInit
                0x0800177c       0x10 Build_STM32G431_Slcan_WeActStudioV2/system_STM32G4xx.o
                0x0800177c                SystemInit
 .text.system_init_timestamp
                0x0800178c       0x80 Build_STM32G431_Slcan_WeActStudioV2/system.o
                0x0800178c                system_init_timestamp
 .text.HAL_FDCAN_TimestampWraparoundCallback
                0x0800180c       0x10 Build_STM32G431_Slcan_WeActStudioV2/system.o
                0x0800180c                HAL_FDCAN_TimestampWraparoundCallback
 .text.system_reset_timestamps
                0x0800181c       0x14 Build_STM32G431_Slcan_WeActStudioV2/system.o
                0x0800181c                system_reset_timestamps
 .text.system_get_mcu_serie
                0x08001830       0x2c Build_STM32G431_Slcan_WeActStudioV2/system.o
                0x08001830                system_get_mcu_serie
 .text.system_get_can_clock
                0x0800185c        0xc Build_STM32G431_Slcan_WeActStudioV2/system.o
                0x0800185c                system_get_can_clock
 .text.system_get_timewrap
                0x08001868        0xc Build_STM32G431_Slcan_WeActStudioV2/system.o
                0x08001868                system_get_timewrap
 .text.system_is_option_enabled
                0x08001874       0x5c Build_STM32G431_Slcan_WeActStudioV2/system.o
                0x08001874                system_is_option_enabled
 .text.system_set_option_bytes
                0x080018d0       0xc8 Build_STM32G431_Slcan_WeActStudioV2/system.o
                0x080018d0                system_set_option_bytes
 .text.system_init
                0x08001998      0x144 Build_STM32G431_Slcan_WeActStudioV2/system.o
                0x08001998                system_init
 .text.system_get_flash_addr
                0x08001adc       0x50 Build_STM32G431_Slcan_WeActStudioV2/system.o
                0x08001adc                system_get_flash_addr
 .text.system_write_flash
                0x08001b2c      0x110 Build_STM32G431_Slcan_WeActStudioV2/system.o
                0x08001b2c                system_write_flash
 .text.NMI_Handler
                0x08001c3c        0x4 Build_STM32G431_Slcan_WeActStudioV2/interrupts.o
                0x08001c3c                NMI_Handler
 .text.HardFault_Handler
                0x08001c40        0x4 Build_STM32G431_Slcan_WeActStudioV2/interrupts.o
                0x08001c40                HardFault_Handler
 .text.MemManage_Handler
                0x08001c44        0x4 Build_STM32G431_Slcan_WeActStudioV2/interrupts.o
                0x08001c44                MemManage_Handler
 .text.BusFault_Handler
                0x08001c48        0x4 Build_STM32G431_Slcan_WeActStudioV2/interrupts.o
                0x08001c48                BusFault_Handler
 .text.UsageFault_Handler
                0x08001c4c        0x4 Build_STM32G431_Slcan_WeActStudioV2/interrupts.o
                0x08001c4c                UsageFault_Handler
 .text.SVC_Handler
                0x08001c50        0x4 Build_STM32G431_Slcan_WeActStudioV2/interrupts.o
                0x08001c50                SVC_Handler
 .text.DebugMon_Handler
                0x08001c54        0x4 Build_STM32G431_Slcan_WeActStudioV2/interrupts.o
                0x08001c54                DebugMon_Handler
 .text.PendSV_Handler
                0x08001c58        0x4 Build_STM32G431_Slcan_WeActStudioV2/interrupts.o
                0x08001c58                PendSV_Handler
 .text.SysTick_Handler
                0x08001c5c       0x10 Build_STM32G431_Slcan_WeActStudioV2/interrupts.o
                0x08001c5c                SysTick_Handler
 .text.USB_LP_IRQHandler
                0x08001c6c        0xc Build_STM32G431_Slcan_WeActStudioV2/interrupts.o
                0x08001c6c                USB_LP_IRQHandler
 .text.USB_HP_IRQHandler
                0x08001c78        0xc Build_STM32G431_Slcan_WeActStudioV2/interrupts.o
                0x08001c78                USB_HP_IRQHandler
 .text.FDCAN1_IT0_IRQHandler
                0x08001c84       0x10 Build_STM32G431_Slcan_WeActStudioV2/interrupts.o
                0x08001c84                FDCAN1_IT0_IRQHandler
 .text.can_calc_bit_count_in_frame.part.0
                0x08001c94       0xa8 Build_STM32G431_Slcan_WeActStudioV2/can.o
 .text.can_init
                0x08001d3c       0xd4 Build_STM32G431_Slcan_WeActStudioV2/can.o
                0x08001d3c                can_init
 .text.can_open
                0x08001e10      0x2ac Build_STM32G431_Slcan_WeActStudioV2/can.o
                0x08001e10                can_open
 .text.can_close_all
                0x080020bc       0x4c Build_STM32G431_Slcan_WeActStudioV2/can.o
                0x080020bc                can_close_all
 .text.can_close
                0x08002108       0x60 Build_STM32G431_Slcan_WeActStudioV2/can.o
                0x08002108                can_close
 .text.can_send_packet
                0x08002168       0xb4 Build_STM32G431_Slcan_WeActStudioV2/can.o
                0x08002168                can_send_packet
 .text.can_recover_bus_off
                0x0800221c       0x6c Build_STM32G431_Slcan_WeActStudioV2/can.o
                0x0800221c                can_recover_bus_off
 .text.can_timer_100ms
                0x08002288       0x90 Build_STM32G431_Slcan_WeActStudioV2/can.o
                0x08002288                can_timer_100ms
 .text.can_set_bit_timing
                0x08002318       0xb0 Build_STM32G431_Slcan_WeActStudioV2/can.o
                0x08002318                can_set_bit_timing
 .text.can_print_info
                0x080023c8      0x100 Build_STM32G431_Slcan_WeActStudioV2/can.o
                0x080023c8                can_print_info
 .text.can_process
                0x080024c8      0x2cc Build_STM32G431_Slcan_WeActStudioV2/can.o
                0x080024c8                can_process
 .text.can_add_host_filter
                0x08002794      0x118 Build_STM32G431_Slcan_WeActStudioV2/can.o
                0x08002794                can_add_host_filter
 .text.can_clear_host_filters
                0x080028ac       0x2c Build_STM32G431_Slcan_WeActStudioV2/can.o
                0x080028ac                can_clear_host_filters
 .text.can_set_bridge_filter
                0x080028d8        0x4 Build_STM32G431_Slcan_WeActStudioV2/can.o
                0x080028d8                can_set_bridge_filter
 .text.can_set_termination
                0x080028dc       0x40 Build_STM32G431_Slcan_WeActStudioV2/can.o
                0x080028dc                can_set_termination
 .text.can_enable_busload
                0x0800291c       0x20 Build_STM32G431_Slcan_WeActStudioV2/can.o
                0x0800291c                can_enable_busload
 .text.can_is_any_open
                0x0800293c        0xc Build_STM32G431_Slcan_WeActStudioV2/can.o
                0x0800293c                can_is_any_open
 .text.can_is_open
                0x08002948       0x14 Build_STM32G431_Slcan_WeActStudioV2/can.o
                0x08002948                can_is_open
 .text.can_is_passive
                0x0800295c       0x1c Build_STM32G431_Slcan_WeActStudioV2/can.o
                0x0800295c                can_is_passive
 .text.can_using_FD
                0x08002978       0x1c Build_STM32G431_Slcan_WeActStudioV2/can.o
                0x08002978                can_using_FD
 .text.can_is_tx_allowed
                0x08002994       0x30 Build_STM32G431_Slcan_WeActStudioV2/can.o
                0x08002994                can_is_tx_allowed
 .text.can_is_tx_fifo_free
                0x080029c4       0x1c Build_STM32G431_Slcan_WeActStudioV2/can.o
                0x080029c4                can_is_tx_fifo_free
 .text.can_get_handle
                0x080029e0       0x10 Build_STM32G431_Slcan_WeActStudioV2/can.o
                0x080029e0                can_get_handle
 .text.error_init
                0x080029f0       0x20 Build_STM32G431_Slcan_WeActStudioV2/error.o
                0x080029f0                error_init
 .text.error_assert
                0x08002a10       0x2c Build_STM32G431_Slcan_WeActStudioV2/error.o
                0x08002a10                error_assert
 .text.error_get_state
                0x08002a3c       0x14 Build_STM32G431_Slcan_WeActStudioV2/error.o
                0x08002a3c                error_get_state
 .text.error_is_report_due
                0x08002a50      0x184 Build_STM32G431_Slcan_WeActStudioV2/error.o
                0x08002a50                error_is_report_due
 .text.error_clear
                0x08002bd4       0x18 Build_STM32G431_Slcan_WeActStudioV2/error.o
                0x08002bd4                error_clear
 .text.led_init
                0x08002bec       0x8c Build_STM32G431_Slcan_WeActStudioV2/led.o
                0x08002bec                led_init
 .text.led_sleep
                0x08002c78       0x34 Build_STM32G431_Slcan_WeActStudioV2/led.o
                0x08002c78                led_sleep
 .text.led_blink_power_on
                0x08002cac       0x64 Build_STM32G431_Slcan_WeActStudioV2/led.o
                0x08002cac                led_blink_power_on
 .text.led_blink_identify
                0x08002d10       0x60 Build_STM32G431_Slcan_WeActStudioV2/led.o
                0x08002d10                led_blink_identify
 .text.led_turn_TX
                0x08002d70       0x30 Build_STM32G431_Slcan_WeActStudioV2/led.o
                0x08002d70                led_turn_TX
 .text.led_flash_TX
                0x08002da0       0x48 Build_STM32G431_Slcan_WeActStudioV2/led.o
                0x08002da0                led_flash_TX
 .text.led_flash_RX
                0x08002de8       0x54 Build_STM32G431_Slcan_WeActStudioV2/led.o
                0x08002de8                led_flash_RX
 .text.led_process
                0x08002e3c      0x170 Build_STM32G431_Slcan_WeActStudioV2/led.o
                0x08002e3c                led_process
 .text.dfu_switch_to_bootloader
                0x08002fac       0x64 Build_STM32G431_Slcan_WeActStudioV2/dfu.o
                0x08002fac                dfu_switch_to_bootloader
 .text.dfu_timer_100ms
                0x08003010       0x78 Build_STM32G431_Slcan_WeActStudioV2/dfu.o
                0x08003010                dfu_timer_100ms
 .text.utils_init
                0x08003088       0x38 Build_STM32G431_Slcan_WeActStudioV2/utils.o
                0x08003088                utils_init
 .text.utils_get_bit_limits
                0x080030c0       0x18 Build_STM32G431_Slcan_WeActStudioV2/utils.o
                0x080030c0                utils_get_bit_limits
 .text.utils_mem_is_empty
                0x080030d8       0x20 Build_STM32G431_Slcan_WeActStudioV2/utils.o
                0x080030d8                utils_mem_is_empty
 .text.utils_dlc_to_byte_count
                0x080030f8       0x1c Build_STM32G431_Slcan_WeActStudioV2/utils.o
                0x080030f8                utils_dlc_to_byte_count
 .text.utils_format_bitrate
                0x08003114       0xe8 Build_STM32G431_Slcan_WeActStudioV2/utils.o
                0x08003114                utils_format_bitrate
 .text.utils_parse_next_decimal
                0x080031fc       0x48 Build_STM32G431_Slcan_WeActStudioV2/utils.o
                0x080031fc                utils_parse_next_decimal
 .text.utils_parse_hex_delimiter
                0x08003244       0x80 Build_STM32G431_Slcan_WeActStudioV2/utils.o
                0x08003244                utils_parse_hex_delimiter
 .text.utils_parse_hex_value
                0x080032c4       0x6c Build_STM32G431_Slcan_WeActStudioV2/utils.o
                0x080032c4                utils_parse_hex_value
 .text.utils_nibble_to_ascii
                0x08003330        0xc Build_STM32G431_Slcan_WeActStudioV2/utils.o
                0x08003330                utils_nibble_to_ascii
 .text.USBD_StdDevReq
                0x0800333c      0x2f0 Build_STM32G431_Slcan_WeActStudioV2/usb_ctrlreq.o
                0x0800333c                USBD_StdDevReq
 .text.USBD_StdItfReq
                0x0800362c       0x54 Build_STM32G431_Slcan_WeActStudioV2/usb_ctrlreq.o
                0x0800362c                USBD_StdItfReq
 .text.USBD_StdEPReq
                0x08003680      0x130 Build_STM32G431_Slcan_WeActStudioV2/usb_ctrlreq.o
                0x08003680                USBD_StdEPReq
 .text.USBD_ParseSetupRequest
                0x080037b0       0x18 Build_STM32G431_Slcan_WeActStudioV2/usb_ctrlreq.o
                0x080037b0                USBD_ParseSetupRequest
 .text.USBD_CtlError
                0x080037c8       0x14 Build_STM32G431_Slcan_WeActStudioV2/usb_ctrlreq.o
                0x080037c8                USBD_CtlError
 .text.USBD_GetSerialNumber
                0x080037dc       0x20 Build_STM32G431_Slcan_WeActStudioV2/usb_ctrlreq.o
                0x080037dc                USBD_GetSerialNumber
 .text.USBD_CtlSendData
                0x080037fc       0x20 Build_STM32G431_Slcan_WeActStudioV2/usb_ioreq.o
                0x080037fc                USBD_CtlSendData
 .text.USBD_CtlContinueSendData
                0x0800381c       0x10 Build_STM32G431_Slcan_WeActStudioV2/usb_ioreq.o
                0x0800381c                USBD_CtlContinueSendData
 .text.USBD_CtlPrepareRx
                0x0800382c       0x20 Build_STM32G431_Slcan_WeActStudioV2/usb_ioreq.o
                0x0800382c                USBD_CtlPrepareRx
 .text.USBD_CtlContinueRx
                0x0800384c       0x10 Build_STM32G431_Slcan_WeActStudioV2/usb_ioreq.o
                0x0800384c                USBD_CtlContinueRx
 .text.USBD_CtlSendStatus
                0x0800385c       0x1c Build_STM32G431_Slcan_WeActStudioV2/usb_ioreq.o
                0x0800385c                USBD_CtlSendStatus
 .text.USBD_CtlReceiveStatus
                0x08003878       0x1c Build_STM32G431_Slcan_WeActStudioV2/usb_ioreq.o
                0x08003878                USBD_CtlReceiveStatus
 .text.USBD_Init
                0x08003894       0x28 Build_STM32G431_Slcan_WeActStudioV2/usb_core.o
                0x08003894                USBD_Init
 .text.USBD_SetClassConfig
                0x080038bc       0x18 Build_STM32G431_Slcan_WeActStudioV2/usb_core.o
                0x080038bc                USBD_SetClassConfig
 .text.USBD_ClrClassConfig
                0x080038d4       0x10 Build_STM32G431_Slcan_WeActStudioV2/usb_core.o
                0x080038d4                USBD_ClrClassConfig
 .text.USBD_LL_SetupStage
                0x080038e4       0x60 Build_STM32G431_Slcan_WeActStudioV2/usb_core.o
                0x080038e4                USBD_LL_SetupStage
 .text.USBD_LL_DataOutStage
                0x08003944       0x78 Build_STM32G431_Slcan_WeActStudioV2/usb_core.o
                0x08003944                USBD_LL_DataOutStage
 .text.USBD_LL_DataInStage
                0x080039bc       0xc0 Build_STM32G431_Slcan_WeActStudioV2/usb_core.o
                0x080039bc                USBD_LL_DataInStage
 .text.USBD_LL_Reset
                0x08003a7c       0x4c Build_STM32G431_Slcan_WeActStudioV2/usb_core.o
                0x08003a7c                USBD_LL_Reset
 .text.USBD_LL_SetSpeed
                0x08003ac8        0xc Build_STM32G431_Slcan_WeActStudioV2/usb_core.o
                0x08003ac8                USBD_LL_SetSpeed
 .text.USBD_LL_Suspend
                0x08003ad4       0x18 Build_STM32G431_Slcan_WeActStudioV2/usb_core.o
                0x08003ad4                USBD_LL_Suspend
 .text.USBD_LL_Resume
                0x08003aec       0x1c Build_STM32G431_Slcan_WeActStudioV2/usb_core.o
                0x08003aec                USBD_LL_Resume
 .text.USBD_LL_SOF
                0x08003b08       0x28 Build_STM32G431_Slcan_WeActStudioV2/usb_core.o
                0x08003b08                USBD_LL_SOF
 .text.HAL_PCD_MspInit
                0x08003b30       0x44 Build_STM32G431_Slcan_WeActStudioV2/usb_lowlevel.o
                0x08003b30                HAL_PCD_MspInit
 .text.HAL_PCD_SetupStageCallback
                0x08003b74       0x18 Build_STM32G431_Slcan_WeActStudioV2/usb_lowlevel.o
                0x08003b74                HAL_PCD_SetupStageCallback
 .text.HAL_PCD_DataOutStageCallback
                0x08003b8c       0x18 Build_STM32G431_Slcan_WeActStudioV2/usb_lowlevel.o
                0x08003b8c                HAL_PCD_DataOutStageCallback
 .text.HAL_PCD_DataInStageCallback
                0x08003ba4       0x18 Build_STM32G431_Slcan_WeActStudioV2/usb_lowlevel.o
                0x08003ba4                HAL_PCD_DataInStageCallback
 .text.HAL_PCD_SOFCallback
                0x08003bbc        0x4 Build_STM32G431_Slcan_WeActStudioV2/usb_lowlevel.o
                0x08003bbc                HAL_PCD_SOFCallback
 .text.HAL_PCD_ResetCallback
                0x08003bc0       0x10 Build_STM32G431_Slcan_WeActStudioV2/usb_lowlevel.o
                0x08003bc0                HAL_PCD_ResetCallback
 .text.HAL_PCD_SuspendCallback
                0x08003bd0       0x30 Build_STM32G431_Slcan_WeActStudioV2/usb_lowlevel.o
                0x08003bd0                HAL_PCD_SuspendCallback
 .text.HAL_PCD_ResumeCallback
                0x08003c00       0x2c Build_STM32G431_Slcan_WeActStudioV2/usb_lowlevel.o
                0x08003c00                HAL_PCD_ResumeCallback
 .text.HAL_PCD_Is_Suspended
                0x08003c2c        0xc Build_STM32G431_Slcan_WeActStudioV2/usb_lowlevel.o
                0x08003c2c                HAL_PCD_Is_Suspended
 .text.USBD_LL_Init
                0x08003c38       0x28 Build_STM32G431_Slcan_WeActStudioV2/usb_lowlevel.o
                0x08003c38                USBD_LL_Init
 .text.USBD_LL_ConfigurePMA
                0x08003c60       0x44 Build_STM32G431_Slcan_WeActStudioV2/usb_lowlevel.o
                0x08003c60                USBD_LL_ConfigurePMA
 .text.USBD_LL_Start
                0x08003ca4       0x18 Build_STM32G431_Slcan_WeActStudioV2/usb_lowlevel.o
                0x08003ca4                USBD_LL_Start
 .text.USBD_LL_OpenEP
                0x08003cbc       0x20 Build_STM32G431_Slcan_WeActStudioV2/usb_lowlevel.o
                0x08003cbc                USBD_LL_OpenEP
 .text.USBD_LL_CloseEP
                0x08003cdc       0x1c Build_STM32G431_Slcan_WeActStudioV2/usb_lowlevel.o
                0x08003cdc                USBD_LL_CloseEP
 .text.USBD_LL_StallEP
                0x08003cf8       0x1c Build_STM32G431_Slcan_WeActStudioV2/usb_lowlevel.o
                0x08003cf8                USBD_LL_StallEP
 .text.USBD_LL_ClearStallEP
                0x08003d14       0x1c Build_STM32G431_Slcan_WeActStudioV2/usb_lowlevel.o
                0x08003d14                USBD_LL_ClearStallEP
 .text.USBD_LL_IsStallEP
                0x08003d30       0x28 Build_STM32G431_Slcan_WeActStudioV2/usb_lowlevel.o
                0x08003d30                USBD_LL_IsStallEP
 .text.USBD_LL_SetUSBAddress
                0x08003d58       0x1c Build_STM32G431_Slcan_WeActStudioV2/usb_lowlevel.o
                0x08003d58                USBD_LL_SetUSBAddress
 .text.USBD_LL_Transmit
                0x08003d74       0x20 Build_STM32G431_Slcan_WeActStudioV2/usb_lowlevel.o
                0x08003d74                USBD_LL_Transmit
 .text.USBD_LL_PrepareReceive
                0x08003d94       0x20 Build_STM32G431_Slcan_WeActStudioV2/usb_lowlevel.o
                0x08003d94                USBD_LL_PrepareReceive
 .text.USBD_LL_GetRxDataSize
                0x08003db4        0xc Build_STM32G431_Slcan_WeActStudioV2/usb_lowlevel.o
                0x08003db4                USBD_LL_GetRxDataSize
 .text.Reset_Handler
                0x08003dc0       0x50 Build_STM32G431_Slcan_WeActStudioV2/startup_STM32G431.o
                0x08003dc0                Reset_Handler
 .text.Default_Handler
                0x08003e10        0x2 Build_STM32G431_Slcan_WeActStudioV2/startup_STM32G431.o
                0x08003e10                RTC_Alarm_IRQHandler
                0x08003e10                EXTI2_IRQHandler
                0x08003e10                TIM8_TRG_COM_IRQHandler
                0x08003e10                TIM8_CC_IRQHandler
                0x08003e10                TIM1_CC_IRQHandler
                0x08003e10                CORDIC_IRQHandler
                0x08003e10                EXTI3_IRQHandler
                0x08003e10                I2C3_ER_IRQHandler
                0x08003e10                EXTI0_IRQHandler
                0x08003e10                I2C2_EV_IRQHandler
                0x08003e10                FPU_IRQHandler
                0x08003e10                FDCAN1_IT1_IRQHandler
                0x08003e10                TIM1_UP_TIM16_IRQHandler
                0x08003e10                ADC1_2_IRQHandler
                0x08003e10                SPI1_IRQHandler
                0x08003e10                TIM6_DAC_IRQHandler
                0x08003e10                TIM8_UP_IRQHandler
                0x08003e10                DMA2_Channel2_IRQHandler
                0x08003e10                DMA1_Channel4_IRQHandler
                0x08003e10                USART3_IRQHandler
                0x08003e10                TIM4_IRQHandler
                0x08003e10                DMA2_Channel1_IRQHandler
                0x08003e10                I2C1_EV_IRQHandler
                0x08003e10                DMA1_Channel6_IRQHandler
                0x08003e10                UART4_IRQHandler
                0x08003e10                DMA2_Channel4_IRQHandler
                0x08003e10                TIM3_IRQHandler
                0x08003e10                RCC_IRQHandler
                0x08003e10                DMA1_Channel1_IRQHandler
                0x08003e10                Default_Handler
                0x08003e10                RTC_TAMP_LSECSS_IRQHandler
                0x08003e10                FMAC_IRQHandler
                0x08003e10                EXTI15_10_IRQHandler
                0x08003e10                TIM7_IRQHandler
                0x08003e10                UCPD1_IRQHandler
                0x08003e10                I2C3_EV_IRQHandler
                0x08003e10                EXTI9_5_IRQHandler
                0x08003e10                RTC_WKUP_IRQHandler
                0x08003e10                PVD_PVM_IRQHandler
                0x08003e10                SPI2_IRQHandler
                0x08003e10                DMA2_Channel5_IRQHandler
                0x08003e10                CRS_IRQHandler
                0x08003e10                DMA1_Channel5_IRQHandler
                0x08003e10                EXTI4_IRQHandler
                0x08003e10                RNG_IRQHandler
                0x08003e10                TIM1_TRG_COM_TIM17_IRQHandler
                0x08003e10                DMA1_Channel3_IRQHandler
                0x08003e10                WWDG_IRQHandler
                0x08003e10                LPUART1_IRQHandler
                0x08003e10                DMA2_Channel6_IRQHandler
                0x08003e10                TIM2_IRQHandler
                0x08003e10                COMP1_2_3_IRQHandler
                0x08003e10                EXTI1_IRQHandler
                0x08003e10                USART2_IRQHandler
                0x08003e10                I2C2_ER_IRQHandler
                0x08003e10                DMA1_Channel2_IRQHandler
                0x08003e10                TIM8_BRK_IRQHandler
                0x08003e10                FLASH_IRQHandler
                0x08003e10                USART1_IRQHandler
                0x08003e10                SPI3_IRQHandler
                0x08003e10                I2C1_ER_IRQHandler
                0x08003e10                LPTIM1_IRQHandler
                0x08003e10                DMAMUX_OVR_IRQHandler
                0x08003e10                USBWakeUp_IRQHandler
                0x08003e10                SAI1_IRQHandler
                0x08003e10                DMA2_Channel3_IRQHandler
                0x08003e10                COMP4_IRQHandler
                0x08003e10                TIM1_BRK_TIM15_IRQHandler
 *fill*         0x08003e12        0x2 
 .text.control_init
                0x08003e14       0x18 Build_STM32G431_Slcan_WeActStudioV2/Slcan/control.o
                0x08003e14                control_init
 .text.control_set_baudrate
                0x08003e2c      0x1cc Build_STM32G431_Slcan_WeActStudioV2/Slcan/control.o
                0x08003e2c                control_set_baudrate
 .text.control_host_filter
                0x08003ff8       0x94 Build_STM32G431_Slcan_WeActStudioV2/Slcan/control.o
                0x08003ff8                control_host_filter
 .text.control_bridge_filter
                0x0800408c       0xec Build_STM32G431_Slcan_WeActStudioV2/Slcan/control.o
                0x0800408c                control_bridge_filter
 .text.control_parse_flash
                0x08004178      0x120 Build_STM32G431_Slcan_WeActStudioV2/Slcan/control.o
                0x08004178                control_parse_flash
 .text.control_parse_str
                0x08004298      0x7fc Build_STM32G431_Slcan_WeActStudioV2/Slcan/control.o
                0x08004298                control_parse_str
 .text.control_parse_command
                0x08004a94       0x80 Build_STM32G431_Slcan_WeActStudioV2/Slcan/control.o
                0x08004a94                control_parse_command
 .text.control_process
                0x08004b14       0x48 Build_STM32G431_Slcan_WeActStudioV2/Slcan/control.o
                0x08004b14                control_process
 .text.control_report_busload
                0x08004b5c       0x28 Build_STM32G431_Slcan_WeActStudioV2/Slcan/control.o
                0x08004b5c                control_report_busload
 .text.control_send_debug_mesg
                0x08004b84       0x50 Build_STM32G431_Slcan_WeActStudioV2/Slcan/control.o
                0x08004b84                control_send_debug_mesg
 .text.buf_init
                0x08004bd4        0xc Build_STM32G431_Slcan_WeActStudioV2/Slcan/buffer.o
                0x08004bd4                buf_init
 .text.buf_clear_can_buffer
                0x08004be0       0x38 Build_STM32G431_Slcan_WeActStudioV2/Slcan/buffer.o
                0x08004be0                buf_clear_can_buffer
 .text.buf_process
                0x08004c18      0x1f8 Build_STM32G431_Slcan_WeActStudioV2/Slcan/buffer.o
                0x08004c18                buf_process
 .text.buf_enqueue_cdc
                0x08004e10       0x4c Build_STM32G431_Slcan_WeActStudioV2/Slcan/buffer.o
                0x08004e10                buf_enqueue_cdc
 .text.buf_store_tx_packet
                0x08004e5c       0xf8 Build_STM32G431_Slcan_WeActStudioV2/Slcan/buffer.o
                0x08004e5c                buf_store_tx_packet
 .text.buf_store_rx_packet
                0x08004f54      0x1ac Build_STM32G431_Slcan_WeActStudioV2/Slcan/buffer.o
                0x08004f54                buf_store_rx_packet
 .text.buf_store_tx_echo
                0x08005100       0x60 Build_STM32G431_Slcan_WeActStudioV2/Slcan/buffer.o
                0x08005100                buf_store_tx_echo
 .text.USBD_CDC_EP0_RxReady
                0x08005160       0x2c Build_STM32G431_Slcan_WeActStudioV2/Slcan/usb_class.o
 .text.USBD_CDC_Setup
                0x0800518c       0xbc Build_STM32G431_Slcan_WeActStudioV2/Slcan/usb_class.o
 .text.USBD_CDC_Init
                0x08005248       0x5c Build_STM32G431_Slcan_WeActStudioV2/Slcan/usb_class.o
 .text.USBD_CDC_DataOut
                0x080052a4       0x30 Build_STM32G431_Slcan_WeActStudioV2/Slcan/usb_class.o
 .text.USBD_CDC_DataIn
                0x080052d4       0x54 Build_STM32G431_Slcan_WeActStudioV2/Slcan/usb_class.o
 .text.USBD_CDC_DeInit
                0x08005328       0x44 Build_STM32G431_Slcan_WeActStudioV2/Slcan/usb_class.o
 .text.USBD_ConfigureEndpoints
                0x0800536c       0x64 Build_STM32G431_Slcan_WeActStudioV2/Slcan/usb_class.o
                0x0800536c                USBD_ConfigureEndpoints
 .text.USBD_CDC_SetTxBuffer
                0x080053d0       0x10 Build_STM32G431_Slcan_WeActStudioV2/Slcan/usb_class.o
                0x080053d0                USBD_CDC_SetTxBuffer
 .text.USBD_CDC_SetRxBuffer
                0x080053e0        0xc Build_STM32G431_Slcan_WeActStudioV2/Slcan/usb_class.o
                0x080053e0                USBD_CDC_SetRxBuffer
 .text.USBD_CDC_TransmitPacket
                0x080053ec       0x3c Build_STM32G431_Slcan_WeActStudioV2/Slcan/usb_class.o
                0x080053ec                USBD_CDC_TransmitPacket
 .text.USBD_CDC_ReceivePacket
                0x08005428       0x24 Build_STM32G431_Slcan_WeActStudioV2/Slcan/usb_class.o
                0x08005428                USBD_CDC_ReceivePacket
 .text.USBD_SetupStageRequest
                0x0800544c        0x4 Build_STM32G431_Slcan_WeActStudioV2/Slcan/usb_class.o
                0x0800544c                USBD_SetupStageRequest
 .text.CDC_DeInit_FS
                0x08005450        0x4 Build_STM32G431_Slcan_WeActStudioV2/Slcan/usb_interface.o
 .text.CDC_Init_FS
                0x08005454       0x30 Build_STM32G431_Slcan_WeActStudioV2/Slcan/usb_interface.o
 .text.CDC_Control_FS
                0x08005484       0x18 Build_STM32G431_Slcan_WeActStudioV2/Slcan/usb_interface.o
 .text.CDC_Receive_FS
                0x0800549c       0x50 Build_STM32G431_Slcan_WeActStudioV2/Slcan/usb_interface.o
 .text.CDC_Transmit_FS
                0x080054ec       0x1c Build_STM32G431_Slcan_WeActStudioV2/Slcan/usb_interface.o
                0x080054ec                CDC_Transmit_FS
 .text.HAL_MspInit
                0x08005508        0x4 Build_STM32G431_Slcan_WeActStudioV2/STM32Cube/libstm32cube.a(stm32g4xx_hal.o)
                0x08005508                HAL_MspInit
 .text.HAL_MspDeInit
                0x0800550c        0x4 Build_STM32G431_Slcan_WeActStudioV2/STM32Cube/libstm32cube.a(stm32g4xx_hal.o)
                0x0800550c                HAL_MspDeInit
 .text.HAL_DeInit
                0x08005510       0x2c Build_STM32G431_Slcan_WeActStudioV2/STM32Cube/libstm32cube.a(stm32g4xx_hal.o)
                0x08005510                HAL_DeInit
 .text.HAL_InitTick
                0x0800553c       0x4c Build_STM32G431_Slcan_WeActStudioV2/STM32Cube/libstm32cube.a(stm32g4xx_hal.o)
                0x0800553c                HAL_InitTick
 .text.HAL_Init
                0x08005588       0x30 Build_STM32G431_Slcan_WeActStudioV2/STM32Cube/libstm32cube.a(stm32g4xx_hal.o)
                0x08005588                HAL_Init
 .text.HAL_IncTick
                0x080055b8       0x18 Build_STM32G431_Slcan_WeActStudioV2/STM32Cube/libstm32cube.a(stm32g4xx_hal.o)
                0x080055b8                HAL_IncTick
 .text.HAL_GetTick
                0x080055d0        0xc Build_STM32G431_Slcan_WeActStudioV2/STM32Cube/libstm32cube.a(stm32g4xx_hal.o)
                0x080055d0                HAL_GetTick
 .text.HAL_Delay
                0x080055dc       0x24 Build_STM32G431_Slcan_WeActStudioV2/STM32Cube/libstm32cube.a(stm32g4xx_hal.o)
                0x080055dc                HAL_Delay
 .text.HAL_GetHalVersion
                0x08005600        0x8 Build_STM32G431_Slcan_WeActStudioV2/STM32Cube/libstm32cube.a(stm32g4xx_hal.o)
                0x08005600                HAL_GetHalVersion
 .text.HAL_GetDEVID
                0x08005608       0x10 Build_STM32G431_Slcan_WeActStudioV2/STM32Cube/libstm32cube.a(stm32g4xx_hal.o)
                0x08005608                HAL_GetDEVID
 .text.HAL_NVIC_SetPriorityGrouping
                0x08005618       0x24 Build_STM32G431_Slcan_WeActStudioV2/STM32Cube/libstm32cube.a(stm32g4xx_hal_cortex.o)
                0x08005618                HAL_NVIC_SetPriorityGrouping
 .text.HAL_NVIC_SetPriority
                0x0800563c       0x78 Build_STM32G431_Slcan_WeActStudioV2/STM32Cube/libstm32cube.a(stm32g4xx_hal_cortex.o)
                0x0800563c                HAL_NVIC_SetPriority
 .text.HAL_NVIC_EnableIRQ
                0x080056b4       0x1c Build_STM32G431_Slcan_WeActStudioV2/STM32Cube/libstm32cube.a(stm32g4xx_hal_cortex.o)
                0x080056b4                HAL_NVIC_EnableIRQ
 .text.HAL_SYSTICK_Config
                0x080056d0       0x30 Build_STM32G431_Slcan_WeActStudioV2/STM32Cube/libstm32cube.a(stm32g4xx_hal_cortex.o)
                0x080056d0                HAL_SYSTICK_Config
 .text.HAL_SYSTICK_Callback
                0x08005700        0x4 Build_STM32G431_Slcan_WeActStudioV2/STM32Cube/libstm32cube.a(stm32g4xx_hal_cortex.o)
                0x08005700                HAL_SYSTICK_Callback
 .text.HAL_SYSTICK_IRQHandler
                0x08005704        0x8 Build_STM32G431_Slcan_WeActStudioV2/STM32Cube/libstm32cube.a(stm32g4xx_hal_cortex.o)
                0x08005704                HAL_SYSTICK_IRQHandler
 .text.HAL_FDCAN_MspInit
                0x0800570c        0x4 Build_STM32G431_Slcan_WeActStudioV2/STM32Cube/libstm32cube.a(stm32g4xx_hal_fdcan.o)
                0x0800570c                HAL_FDCAN_MspInit
 .text.HAL_FDCAN_Init
                0x08005710      0x1dc Build_STM32G431_Slcan_WeActStudioV2/STM32Cube/libstm32cube.a(stm32g4xx_hal_fdcan.o)
                0x08005710                HAL_FDCAN_Init
 .text.HAL_FDCAN_MspDeInit
                0x080058ec        0x4 Build_STM32G431_Slcan_WeActStudioV2/STM32Cube/libstm32cube.a(stm32g4xx_hal_fdcan.o)
                0x080058ec                HAL_FDCAN_MspDeInit
 .text.HAL_FDCAN_DeInit
                0x080058f0       0xfc Build_STM32G431_Slcan_WeActStudioV2/STM32Cube/libstm32cube.a(stm32g4xx_hal_fdcan.o)
                0x080058f0                HAL_FDCAN_DeInit
 .text.HAL_FDCAN_ConfigFilter
                0x080059ec       0x58 Build_STM32G431_Slcan_WeActStudioV2/STM32Cube/libstm32cube.a(stm32g4xx_hal_fdcan.o)
                0x080059ec                HAL_FDCAN_ConfigFilter
 .text.HAL_FDCAN_ConfigGlobalFilter
                0x08005a44       0x44 Build_STM32G431_Slcan_WeActStudioV2/STM32Cube/libstm32cube.a(stm32g4xx_hal_fdcan.o)
                0x08005a44                HAL_FDCAN_ConfigGlobalFilter
 .text.HAL_FDCAN_ConfigTimestampCounter
                0x08005a88       0x28 Build_STM32G431_Slcan_WeActStudioV2/STM32Cube/libstm32cube.a(stm32g4xx_hal_fdcan.o)
                0x08005a88                HAL_FDCAN_ConfigTimestampCounter
 .text.HAL_FDCAN_EnableTimestampCounter
                0x08005ab0       0x28 Build_STM32G431_Slcan_WeActStudioV2/STM32Cube/libstm32cube.a(stm32g4xx_hal_fdcan.o)
                0x08005ab0                HAL_FDCAN_EnableTimestampCounter
 .text.HAL_FDCAN_ConfigTxDelayCompensation
                0x08005ad8       0x24 Build_STM32G431_Slcan_WeActStudioV2/STM32Cube/libstm32cube.a(stm32g4xx_hal_fdcan.o)
                0x08005ad8                HAL_FDCAN_ConfigTxDelayCompensation
 .text.HAL_FDCAN_EnableTxDelayCompensation
                0x08005afc       0x24 Build_STM32G431_Slcan_WeActStudioV2/STM32Cube/libstm32cube.a(stm32g4xx_hal_fdcan.o)
                0x08005afc                HAL_FDCAN_EnableTxDelayCompensation
 .text.HAL_FDCAN_DisableTxDelayCompensation
                0x08005b20       0x24 Build_STM32G431_Slcan_WeActStudioV2/STM32Cube/libstm32cube.a(stm32g4xx_hal_fdcan.o)
                0x08005b20                HAL_FDCAN_DisableTxDelayCompensation
 .text.HAL_FDCAN_Start
                0x08005b44       0x30 Build_STM32G431_Slcan_WeActStudioV2/STM32Cube/libstm32cube.a(stm32g4xx_hal_fdcan.o)
                0x08005b44                HAL_FDCAN_Start
 .text.HAL_FDCAN_Stop
                0x08005b74       0xe0 Build_STM32G431_Slcan_WeActStudioV2/STM32Cube/libstm32cube.a(stm32g4xx_hal_fdcan.o)
                0x08005b74                HAL_FDCAN_Stop
 .text.HAL_FDCAN_AddMessageToTxFifoQ
                0x08005c54       0xc4 Build_STM32G431_Slcan_WeActStudioV2/STM32Cube/libstm32cube.a(stm32g4xx_hal_fdcan.o)
                0x08005c54                HAL_FDCAN_AddMessageToTxFifoQ
 .text.HAL_FDCAN_AbortTxRequest
                0x08005d18       0x20 Build_STM32G431_Slcan_WeActStudioV2/STM32Cube/libstm32cube.a(stm32g4xx_hal_fdcan.o)
                0x08005d18                HAL_FDCAN_AbortTxRequest
 .text.HAL_FDCAN_GetRxMessage
                0x08005d38      0x138 Build_STM32G431_Slcan_WeActStudioV2/STM32Cube/libstm32cube.a(stm32g4xx_hal_fdcan.o)
                0x08005d38                HAL_FDCAN_GetRxMessage
 .text.HAL_FDCAN_GetTxEvent
                0x08005e70       0xa4 Build_STM32G431_Slcan_WeActStudioV2/STM32Cube/libstm32cube.a(stm32g4xx_hal_fdcan.o)
                0x08005e70                HAL_FDCAN_GetTxEvent
 .text.HAL_FDCAN_GetProtocolStatus
                0x08005f14       0x50 Build_STM32G431_Slcan_WeActStudioV2/STM32Cube/libstm32cube.a(stm32g4xx_hal_fdcan.o)
                0x08005f14                HAL_FDCAN_GetProtocolStatus
 .text.HAL_FDCAN_GetErrorCounters
                0x08005f64       0x24 Build_STM32G431_Slcan_WeActStudioV2/STM32Cube/libstm32cube.a(stm32g4xx_hal_fdcan.o)
                0x08005f64                HAL_FDCAN_GetErrorCounters
 .text.HAL_FDCAN_GetTxFifoFreeLevel
                0x08005f88        0xc Build_STM32G431_Slcan_WeActStudioV2/STM32Cube/libstm32cube.a(stm32g4xx_hal_fdcan.o)
                0x08005f88                HAL_FDCAN_GetTxFifoFreeLevel
 .text.HAL_FDCAN_ConfigInterruptLines
                0x08005f94       0x2c Build_STM32G431_Slcan_WeActStudioV2/STM32Cube/libstm32cube.a(stm32g4xx_hal_fdcan.o)
                0x08005f94                HAL_FDCAN_ConfigInterruptLines
 .text.HAL_FDCAN_ActivateNotification
                0x08005fc0       0xf8 Build_STM32G431_Slcan_WeActStudioV2/STM32Cube/libstm32cube.a(stm32g4xx_hal_fdcan.o)
                0x08005fc0                HAL_FDCAN_ActivateNotification
 .text.HAL_FDCAN_TxEventFifoCallback
                0x080060b8        0x4 Build_STM32G431_Slcan_WeActStudioV2/STM32Cube/libstm32cube.a(stm32g4xx_hal_fdcan.o)
                0x080060b8                HAL_FDCAN_TxEventFifoCallback
 .text.HAL_FDCAN_RxFifo0Callback
                0x080060bc        0x4 Build_STM32G431_Slcan_WeActStudioV2/STM32Cube/libstm32cube.a(stm32g4xx_hal_fdcan.o)
                0x080060bc                HAL_FDCAN_RxFifo0Callback
 .text.HAL_FDCAN_RxFifo1Callback
                0x080060c0        0x4 Build_STM32G431_Slcan_WeActStudioV2/STM32Cube/libstm32cube.a(stm32g4xx_hal_fdcan.o)
                0x080060c0                HAL_FDCAN_RxFifo1Callback
 .text.HAL_FDCAN_TxFifoEmptyCallback
                0x080060c4        0x4 Build_STM32G431_Slcan_WeActStudioV2/STM32Cube/libstm32cube.a(stm32g4xx_hal_fdcan.o)
                0x080060c4                HAL_FDCAN_TxFifoEmptyCallback
 .text.HAL_FDCAN_TxBufferCompleteCallback
                0x080060c8        0x4 Build_STM32G431_Slcan_WeActStudioV2/STM32Cube/libstm32cube.a(stm32g4xx_hal_fdcan.o)
                0x080060c8                HAL_FDCAN_TxBufferCompleteCallback
 .text.HAL_FDCAN_TxBufferAbortCallback
                0x080060cc        0x4 Build_STM32G431_Slcan_WeActStudioV2/STM32Cube/libstm32cube.a(stm32g4xx_hal_fdcan.o)
                0x080060cc                HAL_FDCAN_TxBufferAbortCallback
 .text.HAL_FDCAN_TimeoutOccurredCallback
                0x080060d0        0x4 Build_STM32G431_Slcan_WeActStudioV2/STM32Cube/libstm32cube.a(stm32g4xx_hal_fdcan.o)
                0x080060d0                HAL_FDCAN_TimeoutOccurredCallback
 .text.HAL_FDCAN_HighPriorityMessageCallback
                0x080060d4        0x4 Build_STM32G431_Slcan_WeActStudioV2/STM32Cube/libstm32cube.a(stm32g4xx_hal_fdcan.o)
                0x080060d4                HAL_FDCAN_HighPriorityMessageCallback
 .text.HAL_FDCAN_ErrorCallback
                0x080060d8        0x4 Build_STM32G431_Slcan_WeActStudioV2/STM32Cube/libstm32cube.a(stm32g4xx_hal_fdcan.o)
                0x080060d8                HAL_FDCAN_ErrorCallback
 .text.HAL_FDCAN_ErrorStatusCallback
                0x080060dc        0x4 Build_STM32G431_Slcan_WeActStudioV2/STM32Cube/libstm32cube.a(stm32g4xx_hal_fdcan.o)
                0x080060dc                HAL_FDCAN_ErrorStatusCallback
 .text.HAL_FDCAN_IRQHandler
                0x080060e0      0x188 Build_STM32G431_Slcan_WeActStudioV2/STM32Cube/libstm32cube.a(stm32g4xx_hal_fdcan.o)
                0x080060e0                HAL_FDCAN_IRQHandler
 .text.HAL_FLASH_Program
                0x08006268      0x170 Build_STM32G431_Slcan_WeActStudioV2/STM32Cube/libstm32cube.a(stm32g4xx_hal_flash.o)
                0x08006268                HAL_FLASH_Program
 .text.HAL_FLASH_Unlock
                0x080063d8       0x28 Build_STM32G431_Slcan_WeActStudioV2/STM32Cube/libstm32cube.a(stm32g4xx_hal_flash.o)
                0x080063d8                HAL_FLASH_Unlock
 .text.HAL_FLASH_Lock
                0x08006400       0x18 Build_STM32G431_Slcan_WeActStudioV2/STM32Cube/libstm32cube.a(stm32g4xx_hal_flash.o)
                0x08006400                HAL_FLASH_Lock
 .text.HAL_FLASH_OB_Unlock
                0x08006418       0x28 Build_STM32G431_Slcan_WeActStudioV2/STM32Cube/libstm32cube.a(stm32g4xx_hal_flash.o)
                0x08006418                HAL_FLASH_OB_Unlock
 .text.HAL_FLASH_OB_Lock
                0x08006440       0x1c Build_STM32G431_Slcan_WeActStudioV2/STM32Cube/libstm32cube.a(stm32g4xx_hal_flash.o)
                0x08006440                HAL_FLASH_OB_Lock
 .text.FLASH_WaitForLastOperation
                0x0800645c       0x50 Build_STM32G431_Slcan_WeActStudioV2/STM32Cube/libstm32cube.a(stm32g4xx_hal_flash.o)
                0x0800645c                FLASH_WaitForLastOperation
 .text.HAL_FLASHEx_Erase
                0x080064ac      0x15c Build_STM32G431_Slcan_WeActStudioV2/STM32Cube/libstm32cube.a(stm32g4xx_hal_flash_ex.o)
                0x080064ac                HAL_FLASHEx_Erase
 .text.HAL_FLASHEx_OBProgram
                0x08006608      0x2f4 Build_STM32G431_Slcan_WeActStudioV2/STM32Cube/libstm32cube.a(stm32g4xx_hal_flash_ex.o)
                0x08006608                HAL_FLASHEx_OBProgram
 .text.HAL_FLASHEx_OBGetConfig
                0x080068fc       0xb8 Build_STM32G431_Slcan_WeActStudioV2/STM32Cube/libstm32cube.a(stm32g4xx_hal_flash_ex.o)
                0x080068fc                HAL_FLASHEx_OBGetConfig
 .text.FLASH_FlushCaches
                0x080069b4       0x60 Build_STM32G431_Slcan_WeActStudioV2/STM32Cube/libstm32cube.a(stm32g4xx_hal_flash_ex.o)
                0x080069b4                FLASH_FlushCaches
 .text.HAL_GPIO_Init
                0x08006a14      0x3b8 Build_STM32G431_Slcan_WeActStudioV2/STM32Cube/libstm32cube.a(stm32g4xx_hal_gpio.o)
                0x08006a14                HAL_GPIO_Init
 .text.HAL_GPIO_WritePin
                0x08006dcc        0xc Build_STM32G431_Slcan_WeActStudioV2/STM32Cube/libstm32cube.a(stm32g4xx_hal_gpio.o)
                0x08006dcc                HAL_GPIO_WritePin
 .text.HAL_PCD_Init
                0x08006dd8      0x1d4 Build_STM32G431_Slcan_WeActStudioV2/STM32Cube/libstm32cube.a(stm32g4xx_hal_pcd.o)
                0x08006dd8                HAL_PCD_Init
 .text.HAL_PCD_Start
                0x08006fac       0x2c Build_STM32G431_Slcan_WeActStudioV2/STM32Cube/libstm32cube.a(stm32g4xx_hal_pcd.o)
                0x08006fac                HAL_PCD_Start
 .text.HAL_PCD_IRQHandler
                0x08006fd8      0xb38 Build_STM32G431_Slcan_WeActStudioV2/STM32Cube/libstm32cube.a(stm32g4xx_hal_pcd.o)
                0x08006fd8                HAL_PCD_IRQHandler
 .text.HAL_PCD_SetAddress
                0x08007b10       0x28 Build_STM32G431_Slcan_WeActStudioV2/STM32Cube/libstm32cube.a(stm32g4xx_hal_pcd.o)
                0x08007b10                HAL_PCD_SetAddress
 .text.HAL_PCD_EP_Open
                0x08007b38       0x78 Build_STM32G431_Slcan_WeActStudioV2/STM32Cube/libstm32cube.a(stm32g4xx_hal_pcd.o)
                0x08007b38                HAL_PCD_EP_Open
 .text.HAL_PCD_EP_Close
                0x08007bb0       0x68 Build_STM32G431_Slcan_WeActStudioV2/STM32Cube/libstm32cube.a(stm32g4xx_hal_pcd.o)
                0x08007bb0                HAL_PCD_EP_Close
 .text.HAL_PCD_EP_Receive
                0x08007c18       0x34 Build_STM32G431_Slcan_WeActStudioV2/STM32Cube/libstm32cube.a(stm32g4xx_hal_pcd.o)
                0x08007c18                HAL_PCD_EP_Receive
 .text.HAL_PCD_EP_GetRxCount
                0x08007c4c       0x14 Build_STM32G431_Slcan_WeActStudioV2/STM32Cube/libstm32cube.a(stm32g4xx_hal_pcd.o)
                0x08007c4c                HAL_PCD_EP_GetRxCount
 .text.HAL_PCD_EP_Transmit
                0x08007c60       0x3c Build_STM32G431_Slcan_WeActStudioV2/STM32Cube/libstm32cube.a(stm32g4xx_hal_pcd.o)
                0x08007c60                HAL_PCD_EP_Transmit
 .text.HAL_PCD_EP_SetStall
                0x08007c9c       0x78 Build_STM32G431_Slcan_WeActStudioV2/STM32Cube/libstm32cube.a(stm32g4xx_hal_pcd.o)
                0x08007c9c                HAL_PCD_EP_SetStall
 .text.HAL_PCD_EP_ClrStall
                0x08007d14       0x78 Build_STM32G431_Slcan_WeActStudioV2/STM32Cube/libstm32cube.a(stm32g4xx_hal_pcd.o)
                0x08007d14                HAL_PCD_EP_ClrStall
 .text.HAL_PCDEx_PMAConfig
                0x08007d8c       0x3c Build_STM32G431_Slcan_WeActStudioV2/STM32Cube/libstm32cube.a(stm32g4xx_hal_pcd_ex.o)
                0x08007d8c                HAL_PCDEx_PMAConfig
 .text.HAL_PCDEx_ActivateLPM
                0x08007dc8       0x30 Build_STM32G431_Slcan_WeActStudioV2/STM32Cube/libstm32cube.a(stm32g4xx_hal_pcd_ex.o)
                0x08007dc8                HAL_PCDEx_ActivateLPM
 .text.HAL_PCDEx_LPM_Callback
                0x08007df8        0x4 Build_STM32G431_Slcan_WeActStudioV2/STM32Cube/libstm32cube.a(stm32g4xx_hal_pcd_ex.o)
                0x08007df8                HAL_PCDEx_LPM_Callback
 .text.HAL_PWREx_ControlVoltageScaling
                0x08007dfc       0xe4 Build_STM32G431_Slcan_WeActStudioV2/STM32Cube/libstm32cube.a(stm32g4xx_hal_pwr_ex.o)
                0x08007dfc                HAL_PWREx_ControlVoltageScaling
 .text.HAL_RCC_DeInit
                0x08007ee0       0xc0 Build_STM32G431_Slcan_WeActStudioV2/STM32Cube/libstm32cube.a(stm32g4xx_hal_rcc.o)
                0x08007ee0                HAL_RCC_DeInit
 .text.HAL_RCC_OscConfig
                0x08007fa0      0x48c Build_STM32G431_Slcan_WeActStudioV2/STM32Cube/libstm32cube.a(stm32g4xx_hal_rcc.o)
                0x08007fa0                HAL_RCC_OscConfig
 .text.HAL_RCC_GetSysClockFreq
                0x0800842c       0x5c Build_STM32G431_Slcan_WeActStudioV2/STM32Cube/libstm32cube.a(stm32g4xx_hal_rcc.o)
                0x0800842c                HAL_RCC_GetSysClockFreq
 .text.HAL_RCC_ClockConfig
                0x08008488      0x1f8 Build_STM32G431_Slcan_WeActStudioV2/STM32Cube/libstm32cube.a(stm32g4xx_hal_rcc.o)
                0x08008488                HAL_RCC_ClockConfig
 .text.HAL_RCC_GetPCLK1Freq
                0x08008680       0x24 Build_STM32G431_Slcan_WeActStudioV2/STM32Cube/libstm32cube.a(stm32g4xx_hal_rcc.o)
                0x08008680                HAL_RCC_GetPCLK1Freq
 .text.HAL_RCC_GetPCLK2Freq
                0x080086a4       0x24 Build_STM32G431_Slcan_WeActStudioV2/STM32Cube/libstm32cube.a(stm32g4xx_hal_rcc.o)
                0x080086a4                HAL_RCC_GetPCLK2Freq
 .text.HAL_RCCEx_PeriphCLKConfig
                0x080086c8      0x2a0 Build_STM32G431_Slcan_WeActStudioV2/STM32Cube/libstm32cube.a(stm32g4xx_hal_rcc_ex.o)
                0x080086c8                HAL_RCCEx_PeriphCLKConfig
 .text.HAL_RCCEx_GetPeriphCLKFreq
                0x08008968      0x44c Build_STM32G431_Slcan_WeActStudioV2/STM32Cube/libstm32cube.a(stm32g4xx_hal_rcc_ex.o)
                0x08008968                HAL_RCCEx_GetPeriphCLKFreq
 .text.HAL_RCCEx_CRSConfig
                0x08008db4       0x50 Build_STM32G431_Slcan_WeActStudioV2/STM32Cube/libstm32cube.a(stm32g4xx_hal_rcc_ex.o)
                0x08008db4                HAL_RCCEx_CRSConfig
 .text.HAL_TIM_Base_MspInit
                0x08008e04        0x4 Build_STM32G431_Slcan_WeActStudioV2/STM32Cube/libstm32cube.a(stm32g4xx_hal_tim.o)
                0x08008e04                HAL_TIM_Base_MspInit
 .text.HAL_TIM_Base_Init
                0x08008e08      0x124 Build_STM32G431_Slcan_WeActStudioV2/STM32Cube/libstm32cube.a(stm32g4xx_hal_tim.o)
                0x08008e08                HAL_TIM_Base_Init
 .text.HAL_TIM_Base_Start_IT
                0x08008f2c       0x70 Build_STM32G431_Slcan_WeActStudioV2/STM32Cube/libstm32cube.a(stm32g4xx_hal_tim.o)
                0x08008f2c                HAL_TIM_Base_Start_IT
 .text.USB_EnableGlobalInt
                0x08008f9c       0x14 Build_STM32G431_Slcan_WeActStudioV2/STM32Cube/libstm32cube.a(stm32g4xx_ll_usb.o)
                0x08008f9c                USB_EnableGlobalInt
 .text.USB_DisableGlobalInt
                0x08008fb0       0x14 Build_STM32G431_Slcan_WeActStudioV2/STM32Cube/libstm32cube.a(stm32g4xx_ll_usb.o)
                0x08008fb0                USB_DisableGlobalInt
 .text.USB_DevInit
                0x08008fc4       0x28 Build_STM32G431_Slcan_WeActStudioV2/STM32Cube/libstm32cube.a(stm32g4xx_ll_usb.o)
                0x08008fc4                USB_DevInit
 .text.USB_ActivateEndpoint
                0x08008fec      0x43c Build_STM32G431_Slcan_WeActStudioV2/STM32Cube/libstm32cube.a(stm32g4xx_ll_usb.o)
                0x08008fec                USB_ActivateEndpoint
 .text.USB_DeactivateEndpoint
                0x08009428      0x1c4 Build_STM32G431_Slcan_WeActStudioV2/STM32Cube/libstm32cube.a(stm32g4xx_ll_usb.o)
                0x08009428                USB_DeactivateEndpoint
 .text.USB_EPStartXfer
                0x080095ec      0x354 Build_STM32G431_Slcan_WeActStudioV2/STM32Cube/libstm32cube.a(stm32g4xx_ll_usb.o)
                0x080095ec                USB_EPStartXfer
 .text.USB_EPSetStall
                0x08009940       0x50 Build_STM32G431_Slcan_WeActStudioV2/STM32Cube/libstm32cube.a(stm32g4xx_ll_usb.o)
                0x08009940                USB_EPSetStall
 .text.USB_EPClearStall
                0x08009990       0x9c Build_STM32G431_Slcan_WeActStudioV2/STM32Cube/libstm32cube.a(stm32g4xx_ll_usb.o)
                0x08009990                USB_EPClearStall
 .text.USB_SetDevAddress
                0x08009a2c        0xc Build_STM32G431_Slcan_WeActStudioV2/STM32Cube/libstm32cube.a(stm32g4xx_ll_usb.o)
                0x08009a2c                USB_SetDevAddress
 .text.USB_DevConnect
                0x08009a38       0x18 Build_STM32G431_Slcan_WeActStudioV2/STM32Cube/libstm32cube.a(stm32g4xx_ll_usb.o)
                0x08009a38                USB_DevConnect
 .text.USB_ReadInterrupts
                0x08009a50        0x8 Build_STM32G431_Slcan_WeActStudioV2/STM32Cube/libstm32cube.a(stm32g4xx_ll_usb.o)
                0x08009a50                USB_ReadInterrupts
 .text.USB_WritePMA
                0x08009a58       0x20 Build_STM32G431_Slcan_WeActStudioV2/STM32Cube/libstm32cube.a(stm32g4xx_ll_usb.o)
                0x08009a58                USB_WritePMA
 .text.USB_ReadPMA
                0x08009a78       0x54 Build_STM32G431_Slcan_WeActStudioV2/STM32Cube/libstm32cube.a(stm32g4xx_ll_usb.o)
                0x08009a78                USB_ReadPMA
 *(.glue_7)
 .glue_7        0x08009acc        0x0 linker stubs
 *(.glue_7t)
 .glue_7t       0x08009acc        0x0 linker stubs
 *(.eh_frame)
 .eh_frame      0x08009acc        0x0 /usr/lib/gcc/arm-none-eabi/13.2.1/thumb/v7e-m/nofp/crtbegin.o
 *(.init)
 .init          0x08009acc        0x4 /usr/lib/gcc/arm-none-eabi/13.2.1/thumb/v7e-m/nofp/crti.o
                0x08009acc                _init
 .init          0x08009ad0        0x8 /usr/lib/gcc/arm-none-eabi/13.2.1/thumb/v7e-m/nofp/crtn.o
 *(.fini)
 .fini          0x08009ad8        0x4 /usr/lib/gcc/arm-none-eabi/13.2.1/thumb/v7e-m/nofp/crti.o
                0x08009ad8                _fini
 .fini          0x08009adc        0x8 /usr/lib/gcc/arm-none-eabi/13.2.1/thumb/v7e-m/nofp/crtn.o
                0x08009ae4                        . = ALIGN (0x4)
                0x08009ae4                        _etext = .

.vfp11_veneer   0x08009ae4        0x0
 .vfp11_veneer  0x08009ae4        0x0 linker stubs

.v4_bx          0x08009ae4        0x0
 .v4_bx         0x08009ae4        0x0 linker stubs

.iplt           0x08009ae4        0x0
 .iplt          0x08009ae4        0x0 /usr/lib/gcc/arm-none-eabi/13.2.1/thumb/v7e-m/nofp/crtbegin.o

.rodata         0x08009ae4      0x320
                0x08009ae4                        . = ALIGN (0x4)
 *(.rodata)
 *(.rodata*)
 .rodata.APBPrescTable
                0x08009ae4        0x8 Build_STM32G431_Slcan_WeActStudioV2/system_STM32G4xx.o
                0x08009ae4                APBPrescTable
 .rodata.AHBPrescTable
                0x08009aec       0x10 Build_STM32G431_Slcan_WeActStudioV2/system_STM32G4xx.o
                0x08009aec                AHBPrescTable
 .rodata.can_recover_bus_off.str1.4
                0x08009afc      0x2dd Build_STM32G431_Slcan_WeActStudioV2/can.o
                                 0x47 (size before relaxing)
 .rodata.can_print_info.str1.4
                0x08009dd9       0x46 Build_STM32G431_Slcan_WeActStudioV2/can.o
 .rodata.can_process.str1.4
                0x08009dd9       0x28 Build_STM32G431_Slcan_WeActStudioV2/can.o
 .rodata.str1.4
                0x08009dd9       0x3e Build_STM32G431_Slcan_WeActStudioV2/can.o
 *fill*         0x08009dd9        0x3 
 .rodata.CSWTCH.34
                0x08009ddc       0x10 Build_STM32G431_Slcan_WeActStudioV2/can.o
 .rodata.utils_format_bitrate.str1.4
                0x08009dec       0x3a Build_STM32G431_Slcan_WeActStudioV2/utils.o
 .rodata.CSWTCH.18
                0x08009dec        0x7 Build_STM32G431_Slcan_WeActStudioV2/utils.o
 .rodata.USBD_StdDevReq.str1.4
                0x08009df3       0x47 Build_STM32G431_Slcan_WeActStudioV2/usb_ctrlreq.o
 .rodata.control_parse_str.str1.4
                0x08009df3       0xe0 Build_STM32G431_Slcan_WeActStudioV2/Slcan/control.o
 .rodata.control_parse_command.str1.4
                0x08009df3        0xa Build_STM32G431_Slcan_WeActStudioV2/Slcan/control.o
 .rodata.control_process.str1.4
                0x08009df3       0x13 Build_STM32G431_Slcan_WeActStudioV2/Slcan/control.o
 .rodata.control_report_busload.str1.4
                0x08009df3        0x5 Build_STM32G431_Slcan_WeActStudioV2/Slcan/control.o
 .rodata.control_send_debug_mesg.str1.4
                0x08009df3       0x1d Build_STM32G431_Slcan_WeActStudioV2/Slcan/control.o
 .rodata.buf_store_tx_echo.str1.4
                0x08009df3        0x7 Build_STM32G431_Slcan_WeActStudioV2/Slcan/buffer.o
 *fill*         0x08009df3        0x1 
 .rodata.DLCtoBytes
                0x08009df4       0x10 Build_STM32G431_Slcan_WeActStudioV2/STM32Cube/libstm32cube.a(stm32g4xx_hal_fdcan.o)
 .rodata.str1.4
                0x08009e04       0x13 /usr/lib/gcc/arm-none-eabi/13.2.1/../../../arm-none-eabi/lib/thumb/v7e-m/nofp/libc_nano.a(libc_a-nano-svfprintf.o)
 .rodata.str1.4
                0x08009e04       0x25 /usr/lib/gcc/arm-none-eabi/13.2.1/../../../arm-none-eabi/lib/thumb/v7e-m/nofp/libc_nano.a(libc_a-nano-vfprintf_i.o)
                0x08009e2c                        . = ALIGN (0x4)

.ARM.extab
 *(.ARM.extab* .gnu.linkonce.armextab.*)

.ARM            0x08009e04        0x8
                0x08009e04                        __exidx_start = .
 *(.ARM.exidx*)
 .ARM.exidx     0x08009e04        0x8 /usr/lib/gcc/arm-none-eabi/13.2.1/../../../arm-none-eabi/lib/thumb/v7e-m/nofp/libc_nano.a(libc_a-strlen.o)
 .ARM.exidx     0x08009e0c        0x0 /usr/lib/gcc/arm-none-eabi/13.2.1/../../../arm-none-eabi/lib/thumb/v7e-m/nofp/libc_nano.a(libc_a-memchr.o)
                                  0x8 (size before relaxing)
 .ARM.exidx     0x08009e0c        0x0 /usr/lib/gcc/arm-none-eabi/13.2.1/../../../arm-none-eabi/lib/thumb/v7e-m/nofp/libc_nano.a(libc_a-memcpy.o)
                                  0x8 (size before relaxing)
 .ARM.exidx     0x08009e0c        0x0 /usr/lib/gcc/arm-none-eabi/13.2.1/../../../arm-none-eabi/lib/thumb/v7e-m/nofp/libc_nano.a(libc_a-strcmp.o)
                                  0x8 (size before relaxing)
                0x08009e0c                        __exidx_end = .

.rel.dyn        0x08009e0c        0x0
 .rel.iplt      0x08009e0c        0x0 /usr/lib/gcc/arm-none-eabi/13.2.1/thumb/v7e-m/nofp/crtbegin.o

.preinit_array  0x08009e0c        0x0
                0x08009e0c                        PROVIDE (__preinit_array_start = .)
 *(.preinit_array*)
                0x08009e0c                        PROVIDE (__preinit_array_end = .)

.init_array     0x08009e0c        0x4
                0x08009e0c                        PROVIDE (__init_array_start = .)
 *(SORT_BY_NAME(.init_array.*))
 *(.init_array*)
 .init_array    0x08009e0c        0x4 /usr/lib/gcc/arm-none-eabi/13.2.1/thumb/v7e-m/nofp/crtbegin.o
                0x08009e10                        PROVIDE (__init_array_end = .)

.fini_array     0x08009e10        0x4
                0x08009e10                        PROVIDE (__fini_array_start = .)
 *(SORT_BY_NAME(.fini_array.*))
 *(.fini_array*)
 .fini_array    0x08009e10        0x4 /usr/lib/gcc/arm-none-eabi/13.2.1/thumb/v7e-m/nofp/crtbegin.o
                0x08009e14                        PROVIDE (__fini_array_end = .)
                0x08009e14                        _sidata = LOADADDR (.data)

.data           0x20000000      0x13c load address 0x08009e14
                0x20000000                        . = ALIGN (0x4)
                0x20000000                        _sdata = .
 *(.data)
 .data          0x20000000       0x50 /usr/lib/gcc/arm-none-eabi/13.2.1/../../../arm-none-eabi/lib/thumb/v7e-m/nofp/libc_nano.a(libc_a-impure.o)
                0x20000000                _impure_ptr
                0x20000004                _impure_data
 *(.data*)
 .data.blink_leds
                0x20000050        0x1 Build_STM32G431_Slcan_WeActStudioV2/main.o
                0x20000050                blink_leds
 *fill*         0x20000051        0x3 
 .data.SystemCoreClock
                0x20000054        0x4 Build_STM32G431_Slcan_WeActStudioV2/system_STM32G4xx.o
                0x20000054                SystemCoreClock
 .data.SET_TermPins
                0x20000058        0x4 Build_STM32G431_Slcan_WeActStudioV2/can.o
                0x20000058                SET_TermPins
 .data.SET_TermPorts
                0x2000005c        0x4 Build_STM32G431_Slcan_WeActStudioV2/can.o
                0x2000005c                SET_TermPorts
 .data.SET_CanAlternates
                0x20000060        0x1 Build_STM32G431_Slcan_WeActStudioV2/can.o
                0x20000060                SET_CanAlternates
 *fill*         0x20000061        0x3 
 .data.SET_CanPins
                0x20000064        0x4 Build_STM32G431_Slcan_WeActStudioV2/can.o
                0x20000064                SET_CanPins
 .data.SET_CanPorts
                0x20000068        0x4 Build_STM32G431_Slcan_WeActStudioV2/can.o
                0x20000068                SET_CanPorts
 .data.SET_CanInterfaces
                0x2000006c        0x4 Build_STM32G431_Slcan_WeActStudioV2/can.o
                0x2000006c                SET_CanInterfaces
 .data.SET_LedRxPins
                0x20000070        0x4 Build_STM32G431_Slcan_WeActStudioV2/led.o
                0x20000070                SET_LedRxPins
 .data.SET_LedRxPorts
                0x20000074        0x4 Build_STM32G431_Slcan_WeActStudioV2/led.o
                0x20000074                SET_LedRxPorts
 .data.SET_LedTxPins
                0x20000078        0x4 Build_STM32G431_Slcan_WeActStudioV2/led.o
                0x20000078                SET_LedTxPins
 .data.SET_LedTxPorts
                0x2000007c        0x4 Build_STM32G431_Slcan_WeActStudioV2/led.o
                0x2000007c                SET_LedTxPorts
 .data.USBD_LangIDDesc
                0x20000080        0x4 Build_STM32G431_Slcan_WeActStudioV2/usb_ctrlreq.o
                0x20000080                USBD_LangIDDesc
 .data.USBD_ConfigDescFS
                0x20000084       0x43 Build_STM32G431_Slcan_WeActStudioV2/Slcan/usb_class.o
                0x20000084                USBD_ConfigDescFS
 *fill*         0x200000c7        0x1 
 .data.USBD_DeviceDesc
                0x200000c8       0x12 Build_STM32G431_Slcan_WeActStudioV2/Slcan/usb_class.o
                0x200000c8                USBD_DeviceDesc
 *fill*         0x200000da        0x2 
 .data.USBD_ClassCallbacks
                0x200000dc       0x28 Build_STM32G431_Slcan_WeActStudioV2/Slcan/usb_class.o
                0x200000dc                USBD_ClassCallbacks
 .data.USBD_InterfaceCallbacks
                0x20000104       0x10 Build_STM32G431_Slcan_WeActStudioV2/Slcan/usb_interface.o
                0x20000104                USBD_InterfaceCallbacks
 .data.uwTickFreq
                0x20000114        0x4 Build_STM32G431_Slcan_WeActStudioV2/STM32Cube/libstm32cube.a(stm32g4xx_hal.o)
                0x20000114                uwTickFreq
 .data.uwTickPrio
                0x20000118        0x4 Build_STM32G431_Slcan_WeActStudioV2/STM32Cube/libstm32cube.a(stm32g4xx_hal.o)
                0x20000118                uwTickPrio
 .data.pFlash   0x2000011c       0x20 Build_STM32G431_Slcan_WeActStudioV2/STM32Cube/libstm32cube.a(stm32g4xx_hal_flash.o)
                0x2000011c                pFlash
                0x2000013c                        . = ALIGN (0x4)
                0x2000013c                        _edata = .

.tm_clone_table
                0x2000013c        0x0 load address 0x08009f50
 .tm_clone_table
                0x2000013c        0x0 /usr/lib/gcc/arm-none-eabi/13.2.1/thumb/v7e-m/nofp/crtbegin.o
 .tm_clone_table
                0x2000013c        0x0 /usr/lib/gcc/arm-none-eabi/13.2.1/thumb/v7e-m/nofp/crtend.o

.igot.plt       0x2000013c        0x0 load address 0x08009f50
 .igot.plt      0x2000013c        0x0 /usr/lib/gcc/arm-none-eabi/13.2.1/thumb/v7e-m/nofp/crtbegin.o
                0x2000013c                        . = ALIGN (0x4)

.bss            0x20000140     0x5768 load address 0x08009f50
                0x20000140                        _sbss = .
                0x20000140                        __bss_start__ = _sbss
 *(.bss)
 .bss           0x20000140       0x1c /usr/lib/gcc/arm-none-eabi/13.2.1/thumb/v7e-m/nofp/crtbegin.o
 .bss           0x2000015c        0x8 /usr/lib/gcc/arm-none-eabi/13.2.1/../../../arm-none-eabi/lib/thumb/v7e-m/nofp/libc_nano.a(libc_a-mallocr.o)
                0x2000015c                __malloc_sbrk_start
                0x20000160                __malloc_free_list
 .bss           0x20000164      0x13c /usr/lib/gcc/arm-none-eabi/13.2.1/../../../arm-none-eabi/lib/thumb/v7e-m/nofp/libc_nano.a(libc_a-findfp.o)
                0x20000164                __sf
                0x2000029c                __stdio_exit_handler
 .bss           0x200002a0        0x4 /usr/lib/gcc/arm-none-eabi/13.2.1/../../../arm-none-eabi/lib/thumb/v7e-m/nofp/libc_nano.a(libc_a-reent.o)
                0x200002a0                errno
 .bss           0x200002a4        0x4 /usr/lib/gcc/arm-none-eabi/13.2.1/../../../arm-none-eabi/lib/thumb/v7e-m/nofp/libnosys.a(sbrk.o)
 *(.bss*)
 .bss.usb_suspend
                0x200002a8        0x1 Build_STM32G431_Slcan_WeActStudioV2/main.o
                0x200002a8                usb_suspend
 *fill*         0x200002a9        0x3 
 .bss.tick_last
                0x200002ac        0x4 Build_STM32G431_Slcan_WeActStudioV2/main.o
                0x200002ac                tick_last
 .bss.timestamp_wrap
                0x200002b0        0x4 Build_STM32G431_Slcan_WeActStudioV2/system.o
                0x200002b0                timestamp_wrap
 .bss.canfd_clock
                0x200002b4        0x4 Build_STM32G431_Slcan_WeActStudioV2/system.o
                0x200002b4                canfd_clock
 .bss.can_inst  0x200002b8      0x1a0 Build_STM32G431_Slcan_WeActStudioV2/can.o
                0x200002b8                can_inst
 .bss.GLB_UserFlags
                0x20000458        0x1 Build_STM32G431_Slcan_WeActStudioV2/can.o
                0x20000458                GLB_UserFlags
 *fill*         0x20000459        0x3 
 .bss.err_inst  0x2000045c       0x14 Build_STM32G431_Slcan_WeActStudioV2/error.o
                0x2000045c                err_inst
 .bss.led_inst  0x20000470       0x20 Build_STM32G431_Slcan_WeActStudioV2/led.o
                0x20000470                led_inst
 .bss.dfu_require_reset
                0x20000490        0x1 Build_STM32G431_Slcan_WeActStudioV2/dfu.o
 *fill*         0x20000491        0x3 
 .bss.dfu_delay_start
                0x20000494        0x4 Build_STM32G431_Slcan_WeActStudioV2/dfu.o
 .bss.dfu_sys_memory_base
                0x20000498        0x4 Build_STM32G431_Slcan_WeActStudioV2/dfu.o
 *fill*         0x2000049c        0x4 
 .bss.limits_data
                0x200004a0       0x10 Build_STM32G431_Slcan_WeActStudioV2/utils.o
                0x200004a0                limits_data
 .bss.limits_nom
                0x200004b0       0x10 Build_STM32G431_Slcan_WeActStudioV2/utils.o
                0x200004b0                limits_nom
 .bss.cfgidx.0  0x200004c0        0x1 Build_STM32G431_Slcan_WeActStudioV2/usb_ctrlreq.o
 *fill*         0x200004c1        0x3 
 .bss.USBD_StrDesc
                0x200004c4      0x200 Build_STM32G431_Slcan_WeActStudioV2/usb_ctrlreq.o
                0x200004c4                USBD_StrDesc
 .bss.USB_Handle
                0x200006c4      0x2ac Build_STM32G431_Slcan_WeActStudioV2/usb_core.o
                0x200006c4                USB_Handle
 .bss.bSuspended
                0x20000970        0x1 Build_STM32G431_Slcan_WeActStudioV2/usb_lowlevel.o
                0x20000970                bSuspended
 *fill*         0x20000971        0x3 
 .bss.PCD_Handle
                0x20000974      0x2dc Build_STM32G431_Slcan_WeActStudioV2/usb_lowlevel.o
                0x20000974                PCD_Handle
 .bss.CanMode   0x20000c50        0x4 Build_STM32G431_Slcan_WeActStudioV2/Slcan/control.o
                0x20000c50                CanMode
 .bss.slcan_str_index
                0x20000c54        0x1 Build_STM32G431_Slcan_WeActStudioV2/Slcan/buffer.o
                0x20000c54                slcan_str_index
 *fill*         0x20000c55        0x3 
 .bss.slcan_str
                0x20000c58       0xa5 Build_STM32G431_Slcan_WeActStudioV2/Slcan/buffer.o
                0x20000c58                slcan_str
 *fill*         0x20000cfd        0x3 
 .bss.buf_can_tx
                0x20000d00     0x1908 Build_STM32G431_Slcan_WeActStudioV2/Slcan/buffer.o
                0x20000d00                buf_can_tx
 .bss.buf_cdc_rx
                0x20002608      0x228 Build_STM32G431_Slcan_WeActStudioV2/Slcan/buffer.o
                0x20002608                buf_cdc_rx
 .bss.buf_cdc_tx
                0x20002830     0x3014 Build_STM32G431_Slcan_WeActStudioV2/Slcan/buffer.o
                0x20002830                buf_cdc_tx
 .bss.Class_InitDone
                0x20005844        0x1 Build_STM32G431_Slcan_WeActStudioV2/Slcan/usb_class.o
                0x20005844                Class_InitDone
 *fill*         0x20005845        0x3 
 .bss.CDC_Handle
                0x20005848       0x5c Build_STM32G431_Slcan_WeActStudioV2/Slcan/usb_class.o
                0x20005848                CDC_Handle
 .bss.uwTick    0x200058a4        0x4 Build_STM32G431_Slcan_WeActStudioV2/STM32Cube/libstm32cube.a(stm32g4xx_hal.o)
                0x200058a4                uwTick
 *(COMMON)
                0x200058a8                        . = ALIGN (0x4)
                0x200058a8                        _ebss = .
                0x200058a8                        __bss_end__ = _ebss

._user_heap_stack
                0x200058a8      0x600 load address 0x08009f50
                0x200058a8                        . = ALIGN (0x8)
                0x200058a8                        PROVIDE (end = .)
                [!provide]                        PROVIDE (_end = .)
                0x20005aa8                        . = (. + _Min_Heap_Size)
 *fill*         0x200058a8      0x200 
                0x20005ea8                        . = (. + _Min_Stack_Size)
 *fill*         0x20005aa8      0x400 
                0x20005ea8                        . = ALIGN (0x8)

/DISCARD/
 libc.a(*)
 libm.a(*)
 libgcc.a(*)

.ARM.attributes
                0x00000000       0x2a
 *(.ARM.attributes)
 .ARM.attributes
                0x00000000       0x1e /usr/lib/gcc/arm-none-eabi/13.2.1/thumb/v7e-m/nofp/crti.o
 .ARM.attributes
                0x0000001e       0x2e /usr/lib/gcc/arm-none-eabi/13.2.1/thumb/v7e-m/nofp/crtbegin.o
 .ARM.attributes
                0x0000004c       0x2e Build_STM32G431_Slcan_WeActStudioV2/main.o
 .ARM.attributes
                0x0000007a       0x2e Build_STM32G431_Slcan_WeActStudioV2/system_STM32G4xx.o
 .ARM.attributes
                0x000000a8       0x2e Build_STM32G431_Slcan_WeActStudioV2/system.o
 .ARM.attributes
                0x000000d6       0x2e Build_STM32G431_Slcan_WeActStudioV2/interrupts.o
 .ARM.attributes
                0x00000104       0x2e Build_STM32G431_Slcan_WeActStudioV2/can.o
 .ARM.attributes
                0x00000132       0x2e Build_STM32G431_Slcan_WeActStudioV2/error.o
 .ARM.attributes
                0x00000160       0x2e Build_STM32G431_Slcan_WeActStudioV2/led.o
 .ARM.attributes
                0x0000018e       0x2e Build_STM32G431_Slcan_WeActStudioV2/dfu.o
 .ARM.attributes
                0x000001bc       0x2e Build_STM32G431_Slcan_WeActStudioV2/utils.o
 .ARM.attributes
                0x000001ea       0x2e Build_STM32G431_Slcan_WeActStudioV2/usb_ctrlreq.o
 .ARM.attributes
                0x00000218       0x2e Build_STM32G431_Slcan_WeActStudioV2/usb_ioreq.o
 .ARM.attributes
                0x00000246       0x2e Build_STM32G431_Slcan_WeActStudioV2/usb_core.o
 .ARM.attributes
                0x00000274       0x2e Build_STM32G431_Slcan_WeActStudioV2/usb_lowlevel.o
 .ARM.attributes
                0x000002a2       0x21 Build_STM32G431_Slcan_WeActStudioV2/startup_STM32G431.o
 .ARM.attributes
                0x000002c3       0x2e Build_STM32G431_Slcan_WeActStudioV2/Slcan/control.o
 .ARM.attributes
                0x000002f1       0x2e Build_STM32G431_Slcan_WeActStudioV2/Slcan/buffer.o
 .ARM.attributes
                0x0000031f       0x2e Build_STM32G431_Slcan_WeActStudioV2/Slcan/usb_class.o
 .ARM.attributes
                0x0000034d       0x2e Build_STM32G431_Slcan_WeActStudioV2/Slcan/usb_interface.o
 .ARM.attributes
                0x0000037b       0x2e Build_STM32G431_Slcan_WeActStudioV2/STM32Cube/libstm32cube.a(stm32g4xx_hal.o)
 .ARM.attributes
                0x000003a9       0x2e Build_STM32G431_Slcan_WeActStudioV2/STM32Cube/libstm32cube.a(stm32g4xx_hal_cortex.o)
 .ARM.attributes
                0x000003d7       0x2e Build_STM32G431_Slcan_WeActStudioV2/STM32Cube/libstm32cube.a(stm32g4xx_hal_fdcan.o)
 .ARM.attributes
                0x00000405       0x2e Build_STM32G431_Slcan_WeActStudioV2/STM32Cube/libstm32cube.a(stm32g4xx_hal_flash.o)
 .ARM.attributes
                0x00000433       0x2e Build_STM32G431_Slcan_WeActStudioV2/STM32Cube/libstm32cube.a(stm32g4xx_hal_flash_ex.o)
 .ARM.attributes
                0x00000461       0x2e Build_STM32G431_Slcan_WeActStudioV2/STM32Cube/libstm32cube.a(stm32g4xx_hal_gpio.o)
 .ARM.attributes
                0x0000048f       0x2e Build_STM32G431_Slcan_WeActStudioV2/STM32Cube/libstm32cube.a(stm32g4xx_hal_pcd.o)
 .ARM.attributes
                0x000004bd       0x2e Build_STM32G431_Slcan_WeActStudioV2/STM32Cube/libstm32cube.a(stm32g4xx_hal_pcd_ex.o)
 .ARM.attributes
                0x000004eb       0x2e Build_STM32G431_Slcan_WeActStudioV2/STM32Cube/libstm32cube.a(stm32g4xx_hal_pwr_ex.o)
 .ARM.attributes
                0x00000519       0x2e Build_STM32G431_Slcan_WeActStudioV2/STM32Cube/libstm32cube.a(stm32g4xx_hal_rcc.o)
 .ARM.attributes
                0x00000547       0x2e Build_STM32G431_Slcan_WeActStudioV2/STM32Cube/libstm32cube.a(stm32g4xx_hal_rcc_ex.o)
 .ARM.attributes
                0x00000575       0x2e Build_STM32G431_Slcan_WeActStudioV2/STM32Cube/libstm32cube.a(stm32g4xx_hal_tim.o)
 .ARM.attributes
                0x000005a3       0x2e Build_STM32G431_Slcan_WeActStudioV2/STM32Cube/libstm32cube.a(stm32g4xx_ll_usb.o)
 .ARM.attributes
                0x000005d1       0x2e /usr/lib/gcc/arm-none-eabi/13.2.1/../../../arm-none-eabi/lib/thumb/v7e-m/nofp/libc_nano.a(libc_a-sprintf.o)
 .ARM.attributes
                0x000005ff       0x2e /usr/lib/gcc/arm-none-eabi/13.2.1/../../../arm-none-eabi/lib/thumb/v7e-m/nofp/libc_nano.a(libc_a-strcpy.o)
 .ARM.attributes
                0x0000062d       0x2e /usr/lib/gcc/arm-none-eabi/13.2.1/../../../arm-none-eabi/lib/thumb/v7e-m/nofp/libc_nano.a(libc_a-impure.o)
 .ARM.attributes
                0x0000065b       0x2e /usr/lib/gcc/arm-none-eabi/13.2.1/../../../arm-none-eabi/lib/thumb/v7e-m/nofp/libc_nano.a(libc_a-nano-svfprintf.o)
 .ARM.attributes
                0x00000689       0x2e /usr/lib/gcc/arm-none-eabi/13.2.1/../../../arm-none-eabi/lib/thumb/v7e-m/nofp/libc_nano.a(libc_a-init.o)
 .ARM.attributes
                0x000006b7       0x1c /usr/lib/gcc/arm-none-eabi/13.2.1/../../../arm-none-eabi/lib/thumb/v7e-m/nofp/libc_nano.a(libc_a-strlen.o)
 .ARM.attributes
                0x000006d3       0x2e /usr/lib/gcc/arm-none-eabi/13.2.1/../../../arm-none-eabi/lib/thumb/v7e-m/nofp/libc_nano.a(libc_a-memset.o)
 .ARM.attributes
                0x00000701       0x2e /usr/lib/gcc/arm-none-eabi/13.2.1/../../../arm-none-eabi/lib/thumb/v7e-m/nofp/libc_nano.a(libc_a-mallocr.o)
 .ARM.attributes
                0x0000072f       0x2e /usr/lib/gcc/arm-none-eabi/13.2.1/../../../arm-none-eabi/lib/thumb/v7e-m/nofp/libc_nano.a(libc_a-freer.o)
 .ARM.attributes
                0x0000075d       0x2e /usr/lib/gcc/arm-none-eabi/13.2.1/../../../arm-none-eabi/lib/thumb/v7e-m/nofp/libc_nano.a(libc_a-memmove.o)
 .ARM.attributes
                0x0000078b       0x1c /usr/lib/gcc/arm-none-eabi/13.2.1/../../../arm-none-eabi/lib/thumb/v7e-m/nofp/libc_nano.a(libc_a-memchr.o)
 .ARM.attributes
                0x000007a7       0x1c /usr/lib/gcc/arm-none-eabi/13.2.1/../../../arm-none-eabi/lib/thumb/v7e-m/nofp/libc_nano.a(libc_a-memcpy.o)
 .ARM.attributes
                0x000007c3       0x2e /usr/lib/gcc/arm-none-eabi/13.2.1/../../../arm-none-eabi/lib/thumb/v7e-m/nofp/libc_nano.a(libc_a-reallocr.o)
 .ARM.attributes
                0x000007f1       0x2e /usr/lib/gcc/arm-none-eabi/13.2.1/../../../arm-none-eabi/lib/thumb/v7e-m/nofp/libc_nano.a(libc_a-nano-vfprintf_i.o)
 .ARM.attributes
                0x0000081f       0x2e /usr/lib/gcc/arm-none-eabi/13.2.1/../../../arm-none-eabi/lib/thumb/v7e-m/nofp/libc_nano.a(libc_a-mlock.o)
 .ARM.attributes
                0x0000084d       0x2e /usr/lib/gcc/arm-none-eabi/13.2.1/../../../arm-none-eabi/lib/thumb/v7e-m/nofp/libc_nano.a(libc_a-strncmp.o)
 .ARM.attributes
                0x0000087b       0x1c /usr/lib/gcc/arm-none-eabi/13.2.1/../../../arm-none-eabi/lib/thumb/v7e-m/nofp/libc_nano.a(libc_a-strcmp.o)
 .ARM.attributes
                0x00000897       0x2e /usr/lib/gcc/arm-none-eabi/13.2.1/../../../arm-none-eabi/lib/thumb/v7e-m/nofp/libc_nano.a(libc_a-memcmp.o)
 .ARM.attributes
                0x000008c5       0x2e /usr/lib/gcc/arm-none-eabi/13.2.1/../../../arm-none-eabi/lib/thumb/v7e-m/nofp/libc_nano.a(libc_a-sbrkr.o)
 .ARM.attributes
                0x000008f3       0x2e /usr/lib/gcc/arm-none-eabi/13.2.1/../../../arm-none-eabi/lib/thumb/v7e-m/nofp/libc_nano.a(libc_a-msizer.o)
 .ARM.attributes
                0x00000921       0x2e /usr/lib/gcc/arm-none-eabi/13.2.1/../../../arm-none-eabi/lib/thumb/v7e-m/nofp/libc_nano.a(libc_a-findfp.o)
 .ARM.attributes
                0x0000094f       0x2e /usr/lib/gcc/arm-none-eabi/13.2.1/../../../arm-none-eabi/lib/thumb/v7e-m/nofp/libc_nano.a(libc_a-reent.o)
 .ARM.attributes
                0x0000097d       0x2e /usr/lib/gcc/arm-none-eabi/13.2.1/../../../arm-none-eabi/lib/thumb/v7e-m/nofp/libnosys.a(sbrk.o)
 .ARM.attributes
                0x000009ab       0x2e /usr/lib/gcc/arm-none-eabi/13.2.1/thumb/v7e-m/nofp/crtend.o
 .ARM.attributes
                0x000009d9       0x1e /usr/lib/gcc/arm-none-eabi/13.2.1/thumb/v7e-m/nofp/crtn.o
OUTPUT(Build_STM32G431_Slcan_WeActStudioV2/STM32G431_Slcan2.5_WeActStudioV2_0x260618.elf elf32-littlearm)
LOAD linker stubs
LOAD /usr/lib/gcc/arm-none-eabi/13.2.1/../../../arm-none-eabi/lib/thumb/v7e-m/nofp/libc.a
LOAD /usr/lib/gcc/arm-none-eabi/13.2.1/../../../arm-none-eabi/lib/thumb/v7e-m/nofp/libm.a
LOAD /usr/lib/gcc/arm-none-eabi/13.2.1/thumb/v7e-m/nofp/libgcc.a

.comment        0x00000000       0x26
 .comment       0x00000000       0x26 /usr/lib/gcc/arm-none-eabi/13.2.1/thumb/v7e-m/nofp/crtbegin.o
                                 0x27 (size before relaxing)
 .comment       0x00000026       0x27 Build_STM32G431_Slcan_WeActStudioV2/main.o
 .comment       0x00000026       0x27 Build_STM32G431_Slcan_WeActStudioV2/system_STM32G4xx.o
 .comment       0x00000026       0x27 Build_STM32G431_Slcan_WeActStudioV2/system.o
 .comment       0x00000026       0x27 Build_STM32G431_Slcan_WeActStudioV2/interrupts.o
 .comment       0x00000026       0x27 Build_STM32G431_Slcan_WeActStudioV2/can.o
 .comment       0x00000026       0x27 Build_STM32G431_Slcan_WeActStudioV2/error.o
 .comment       0x00000026       0x27 Build_STM32G431_Slcan_WeActStudioV2/led.o
 .comment       0x00000026       0x27 Build_STM32G431_Slcan_WeActStudioV2/dfu.o
 .comment       0x00000026       0x27 Build_STM32G431_Slcan_WeActStudioV2/utils.o
 .comment       0x00000026       0x27 Build_STM32G431_Slcan_WeActStudioV2/usb_ctrlreq.o
 .comment       0x00000026       0x27 Build_STM32G431_Slcan_WeActStudioV2/usb_ioreq.o
 .comment       0x00000026       0x27 Build_STM32G431_Slcan_WeActStudioV2/usb_core.o
 .comment       0x00000026       0x27 Build_STM32G431_Slcan_WeActStudioV2/usb_lowlevel.o
 .comment       0x00000026       0x27 Build_STM32G431_Slcan_WeActStudioV2/Slcan/control.o
 .comment       0x00000026       0x27 Build_STM32G431_Slcan_WeActStudioV2/Slcan/buffer.o
 .comment       0x00000026       0x27 Build_STM32G431_Slcan_WeActStudioV2/Slcan/usb_class.o
 .comment       0x00000026       0x27 Build_STM32G431_Slcan_WeActStudioV2/Slcan/usb_interface.o
 .comment       0x00000026       0x27 Build_STM32G431_Slcan_WeActStudioV2/STM32Cube/libstm32cube.a(stm32g4xx_hal.o)
 .comment       0x00000026       0x27 Build_STM32G431_Slcan_WeActStudioV2/STM32Cube/libstm32cube.a(stm32g4xx_hal_cortex.o)
 .comment       0x00000026       0x27 Build_STM32G431_Slcan_WeActStudioV2/STM32Cube/libstm32cube.a(stm32g4xx_hal_fdcan.o)
 .comment       0x00000026       0x27 Build_STM32G431_Slcan_WeActStudioV2/STM32Cube/libstm32cube.a(stm32g4xx_hal_flash.o)
 .comment       0x00000026       0x27 Build_STM32G431_Slcan_WeActStudioV2/STM32Cube/libstm32cube.a(stm32g4xx_hal_flash_ex.o)
 .comment       0x00000026       0x27 Build_STM32G431_Slcan_WeActStudioV2/STM32Cube/libstm32cube.a(stm32g4xx_hal_gpio.o)
 .comment       0x00000026       0x27 Build_STM32G431_Slcan_WeActStudioV2/STM32Cube/libstm32cube.a(stm32g4xx_hal_pcd.o)
 .comment       0x00000026       0x27 Build_STM32G431_Slcan_WeActStudioV2/STM32Cube/libstm32cube.a(stm32g4xx_hal_pcd_ex.o)
 .comment       0x00000026       0x27 Build_STM32G431_Slcan_WeActStudioV2/STM32Cube/libstm32cube.a(stm32g4xx_hal_pwr_ex.o)
 .comment       0x00000026       0x27 Build_STM32G431_Slcan_WeActStudioV2/STM32Cube/libstm32cube.a(stm32g4xx_hal_rcc.o)
 .comment       0x00000026       0x27 Build_STM32G431_Slcan_WeActStudioV2/STM32Cube/libstm32cube.a(stm32g4xx_hal_rcc_ex.o)
 .comment       0x00000026       0x27 Build_STM32G431_Slcan_WeActStudioV2/STM32Cube/libstm32cube.a(stm32g4xx_hal_tim.o)
 .comment       0x00000026       0x27 Build_STM32G431_Slcan_WeActStudioV2/STM32Cube/libstm32cube.a(stm32g4xx_ll_usb.o)
 .comment       0x00000026       0x27 /usr/lib/gcc/arm-none-eabi/13.2.1/../../../arm-none-eabi/lib/thumb/v7e-m/nofp/libc_nano.a(libc_a-sprintf.o)
 .comment       0x00000026       0x27 /usr/lib/gcc/arm-none-eabi/13.2.1/../../../arm-none-eabi/lib/thumb/v7e-m/nofp/libc_nano.a(libc_a-strcpy.o)
 .comment       0x00000026       0x27 /usr/lib/gcc/arm-none-eabi/13.2.1/../../../arm-none-eabi/lib/thumb/v7e-m/nofp/libc_nano.a(libc_a-impure.o)
 .comment       0x00000026       0x27 /usr/lib/gcc/arm-none-eabi/13.2.1/../../../arm-none-eabi/lib/thumb/v7e-m/nofp/libc_nano.a(libc_a-nano-svfprintf.o)
 .comment       0x00000026       0x27 /usr/lib/gcc/arm-none-eabi/13.2.1/../../../arm-none-eabi/lib/thumb/v7e-m/nofp/libc_nano.a(libc_a-init.o)
 .comment       0x00000026       0x27 /usr/lib/gcc/arm-none-eabi/13.2.1/../../../arm-none-eabi/lib/thumb/v7e-m/nofp/libc_nano.a(libc_a-memset.o)
 .comment       0x00000026       0x27 /usr/lib/gcc/arm-none-eabi/13.2.1/../../../arm-none-eabi/lib/thumb/v7e-m/nofp/libc_nano.a(libc_a-mallocr.o)
 .comment       0x00000026       0x27 /usr/lib/gcc/arm-none-eabi/13.2.1/../../../arm-none-eabi/lib/thumb/v7e-m/nofp/libc_nano.a(libc_a-freer.o)
 .comment       0x00000026       0x27 /usr/lib/gcc/arm-none-eabi/13.2.1/../../../arm-none-eabi/lib/thumb/v7e-m/nofp/libc_nano.a(libc_a-memmove.o)
 .comment       0x00000026       0x27 /usr/lib/gcc/arm-none-eabi/13.2.1/../../../arm-none-eabi/lib/thumb/v7e-m/nofp/libc_nano.a(libc_a-reallocr.o)
 .comment       0x00000026       0x27 /usr/lib/gcc/arm-none-eabi/13.2.1/../../../arm-none-eabi/lib/thumb/v7e-m/nofp/libc_nano.a(libc_a-nano-vfprintf_i.o)
 .comment       0x00000026       0x27 /usr/lib/gcc/arm-none-eabi/13.2.1/../../../arm-none-eabi/lib/thumb/v7e-m/nofp/libc_nano.a(libc_a-mlock.o)
 .comment       0x00000026       0x27 /usr/lib/gcc/arm-none-eabi/13.2.1/../../../arm-none-eabi/lib/thumb/v7e-m/nofp/libc_nano.a(libc_a-strncmp.o)
 .comment       0x00000026       0x27 /usr/lib/gcc/arm-none-eabi/13.2.1/../../../arm-none-eabi/lib/thumb/v7e-m/nofp/libc_nano.a(libc_a-memcmp.o)
 .comment       0x00000026       0x27 /usr/lib/gcc/arm-none-eabi/13.2.1/../../../arm-none-eabi/lib/thumb/v7e-m/nofp/libc_nano.a(libc_a-sbrkr.o)
 .comment       0x00000026       0x27 /usr/lib/gcc/arm-none-eabi/13.2.1/../../../arm-none-eabi/lib/thumb/v7e-m/nofp/libc_nano.a(libc_a-msizer.o)
 .comment       0x00000026       0x27 /usr/lib/gcc/arm-none-eabi/13.2.1/../../../arm-none-eabi/lib/thumb/v7e-m/nofp/libc_nano.a(libc_a-findfp.o)
 .comment       0x00000026       0x27 /usr/lib/gcc/arm-none-eabi/13.2.1/../../../arm-none-eabi/lib/thumb/v7e-m/nofp/libc_nano.a(libc_a-reent.o)
 .comment       0x00000026       0x27 /usr/lib/gcc/arm-none-eabi/13.2.1/../../../arm-none-eabi/lib/thumb/v7e-m/nofp/libnosys.a(sbrk.o)
 .comment       0x00000026       0x27 /usr/lib/gcc/arm-none-eabi/13.2.1/thumb/v7e-m/nofp/crtend.o

.debug_info     0x00000000    0x290b8
 .debug_info    0x00000000      0x34a Build_STM32G431_Slcan_WeActStudioV2/main.o
 .debug_info    0x0000034a      0x576 Build_STM32G431_Slcan_WeActStudioV2/system_STM32G4xx.o
 .debug_info    0x000008c0     0x2095 Build_STM32G431_Slcan_WeActStudioV2/system.o
 .debug_info    0x00002955      0xbac Build_STM32G431_Slcan_WeActStudioV2/interrupts.o
 .debug_info    0x00003501     0x2f44 Build_STM32G431_Slcan_WeActStudioV2/can.o
 .debug_info    0x00006445      0xb17 Build_STM32G431_Slcan_WeActStudioV2/error.o
 .debug_info    0x00006f5c      0xe6b Build_STM32G431_Slcan_WeActStudioV2/led.o
 .debug_info    0x00007dc7      0x739 Build_STM32G431_Slcan_WeActStudioV2/dfu.o
 .debug_info    0x00008500      0x69f Build_STM32G431_Slcan_WeActStudioV2/utils.o
 .debug_info    0x00008b9f      0xe9b Build_STM32G431_Slcan_WeActStudioV2/usb_ctrlreq.o
 .debug_info    0x00009a3a      0x51e Build_STM32G431_Slcan_WeActStudioV2/usb_ioreq.o
 .debug_info    0x00009f58      0x935 Build_STM32G431_Slcan_WeActStudioV2/usb_core.o
 .debug_info    0x0000a88d     0x1a04 Build_STM32G431_Slcan_WeActStudioV2/usb_lowlevel.o
 .debug_info    0x0000c291       0x30 Build_STM32G431_Slcan_WeActStudioV2/startup_STM32G431.o
 .debug_info    0x0000c2c1     0x1a83 Build_STM32G431_Slcan_WeActStudioV2/Slcan/control.o
 .debug_info    0x0000dd44      0xee7 Build_STM32G431_Slcan_WeActStudioV2/Slcan/buffer.o
 .debug_info    0x0000ec2b      0xff1 Build_STM32G431_Slcan_WeActStudioV2/Slcan/usb_class.o
 .debug_info    0x0000fc1c      0x645 Build_STM32G431_Slcan_WeActStudioV2/Slcan/usb_interface.o
 .debug_info    0x00010261      0xcc7 Build_STM32G431_Slcan_WeActStudioV2/STM32Cube/libstm32cube.a(stm32g4xx_hal.o)
 .debug_info    0x00010f28      0xfae Build_STM32G431_Slcan_WeActStudioV2/STM32Cube/libstm32cube.a(stm32g4xx_hal_cortex.o)
 .debug_info    0x00011ed6     0x1c2d Build_STM32G431_Slcan_WeActStudioV2/STM32Cube/libstm32cube.a(stm32g4xx_hal_fdcan.o)
 .debug_info    0x00013b03      0xb4e Build_STM32G431_Slcan_WeActStudioV2/STM32Cube/libstm32cube.a(stm32g4xx_hal_flash.o)
 .debug_info    0x00014651      0xcda Build_STM32G431_Slcan_WeActStudioV2/STM32Cube/libstm32cube.a(stm32g4xx_hal_flash_ex.o)
 .debug_info    0x0001532b      0x779 Build_STM32G431_Slcan_WeActStudioV2/STM32Cube/libstm32cube.a(stm32g4xx_hal_gpio.o)
 .debug_info    0x00015aa4     0x1e36 Build_STM32G431_Slcan_WeActStudioV2/STM32Cube/libstm32cube.a(stm32g4xx_hal_pcd.o)
 .debug_info    0x000178da      0x94a Build_STM32G431_Slcan_WeActStudioV2/STM32Cube/libstm32cube.a(stm32g4xx_hal_pcd_ex.o)
 .debug_info    0x00018224      0x977 Build_STM32G431_Slcan_WeActStudioV2/STM32Cube/libstm32cube.a(stm32g4xx_hal_pwr_ex.o)
 .debug_info    0x00018b9b      0xe5f Build_STM32G431_Slcan_WeActStudioV2/STM32Cube/libstm32cube.a(stm32g4xx_hal_rcc.o)
 .debug_info    0x000199fa      0xd2a Build_STM32G431_Slcan_WeActStudioV2/STM32Cube/libstm32cube.a(stm32g4xx_hal_rcc_ex.o)
 .debug_info    0x0001a724     0x4ff1 Build_STM32G431_Slcan_WeActStudioV2/STM32Cube/libstm32cube.a(stm32g4xx_hal_tim.o)
 .debug_info    0x0001f715     0x1b81 Build_STM32G431_Slcan_WeActStudioV2/STM32Cube/libstm32cube.a(stm32g4xx_ll_usb.o)
 .debug_info    0x00021296      0x87b /usr/lib/gcc/arm-none-eabi/13.2.1/../../../arm-none-eabi/lib/thumb/v7e-m/nofp/libc_nano.a(libc_a-sprintf.o)
 .debug_info    0x00021b11       0xc3 /usr/lib/gcc/arm-none-eabi/13.2.1/../../../arm-none-eabi/lib/thumb/v7e-m/nofp/libc_nano.a(libc_a-strcpy.o)
 .debug_info    0x00021bd4      0x70b /usr/lib/gcc/arm-none-eabi/13.2.1/../../../arm-none-eabi/lib/thumb/v7e-m/nofp/libc_nano.a(libc_a-impure.o)
 .debug_info    0x000222df     0x1092 /usr/lib/gcc/arm-none-eabi/13.2.1/../../../arm-none-eabi/lib/thumb/v7e-m/nofp/libc_nano.a(libc_a-nano-svfprintf.o)
 .debug_info    0x00023371      0x10b /usr/lib/gcc/arm-none-eabi/13.2.1/../../../arm-none-eabi/lib/thumb/v7e-m/nofp/libc_nano.a(libc_a-init.o)
 .debug_info    0x0002347c       0x33 /usr/lib/gcc/arm-none-eabi/13.2.1/../../../arm-none-eabi/lib/thumb/v7e-m/nofp/libc_nano.a(libc_a-strlen.o)
 .debug_info    0x000234af      0x135 /usr/lib/gcc/arm-none-eabi/13.2.1/../../../arm-none-eabi/lib/thumb/v7e-m/nofp/libc_nano.a(libc_a-memset.o)
 .debug_info    0x000235e4      0x9b6 /usr/lib/gcc/arm-none-eabi/13.2.1/../../../arm-none-eabi/lib/thumb/v7e-m/nofp/libc_nano.a(libc_a-mallocr.o)